 Image ztd-scenario-matrix:20260927t045734458885z-php8.1-sqlite3.46.1 Building 
#1 [internal] load local bake definitions
#1 reading from stdin 984B done
#1 DONE 0.0s

#2 [internal] load build definition from Dockerfile
#2 transferring dockerfile:
#2 transferring dockerfile: 1.50kB 0.1s done
#2 DONE 1.9s

#3 [internal] load metadata for docker.io/library/php:8.1-cli-bookworm
#3 DONE 0.5s

#4 [internal] load metadata for docker.io/library/composer:2
#4 DONE 2.2s

#5 [internal] load .dockerignore
#5 transferring context:
#5 transferring context: 138B 0.1s done
#5 DONE 0.7s

#6 FROM docker.io/library/composer:2@sha256:9715c7f69044da2a212a5fbde29ee7da24e364d426560ae6367b060236f847d7
#6 resolve docker.io/library/composer:2@sha256:9715c7f69044da2a212a5fbde29ee7da24e364d426560ae6367b060236f847d7 0.4s done
#6 CACHED

#7 [stage-0 1/9] FROM docker.io/library/php:8.1-cli-bookworm@sha256:482717722f08d9a6c2b4f98c40bfee6d7935bd1a17fef928881ecd5884dfd76e
#7 resolve docker.io/library/php:8.1-cli-bookworm@sha256:482717722f08d9a6c2b4f98c40bfee6d7935bd1a17fef928881ecd5884dfd76e
#7 resolve docker.io/library/php:8.1-cli-bookworm@sha256:482717722f08d9a6c2b4f98c40bfee6d7935bd1a17fef928881ecd5884dfd76e 0.7s done
#7 DONE 0.7s

#8 [internal] load build context
#8 transferring context: 8.38MB 4.3s
#8 transferring context: 16.72MB 5.7s done
#8 DONE 6.2s

#9 [stage-0 2/9] RUN apt-get update && apt-get install -y     git     unzip     libpq-dev     libsqlite3-dev     && rm -rf /var/lib/apt/lists/*
#9 CACHED

#10 [stage-0 3/9] COPY docker/install-sqlite.sh /tmp/install-sqlite.sh
#10 DONE 0.8s

#11 [stage-0 4/9] RUN sh /tmp/install-sqlite.sh     && docker-php-ext-install -j2         pdo_mysql         pdo_pgsql         mysqli     && php -r '$v = (new PDO("sqlite::memory:"))->query("SELECT sqlite_version()")->fetchColumn(); if (getenv("SQLITE_VERSION") !== "system" && $v !== getenv("SQLITE_VERSION")) { fwrite(STDERR, "Wrong PDO SQLite: $v\n"); exit(1); } if (SQLite3::version()["versionString"] !== $v) { exit(1); }'     && rm /tmp/install-sqlite.sh
#11 1.698   % Total    % Received % Xferd  Average Speed   Time    Time     Time  Current
#11 1.698                                  Dload  Upload   Total   Spent    Left  Speed
#11 1.698   0     0    0     0    0     0      0      0 --:--:-- --:--:-- --:--:--     0  0     0    0     0    0     0      0      0 --:--:-- --:--:-- --:--:--     0  0     0    0     0    0     0      0      0 --:--:--  0:00:01 --:--:--     0 11 3189k   11  352k    0     0   164k      0  0:00:19  0:00:02  0:00:17  164k100 3189k  100 3189k    0     0  1022k      0  0:00:03  0:00:03 --:--:-- 1023k100 3189k  100 3189k    0     0  1022k      0  0:00:03  0:00:03 --:--:-- 1023k
#11 4.893 /tmp/sqlite.tar.gz: OK
#11 6.014 checking for a BSD-compatible install... /usr/bin/install -c
#11 6.132 checking whether build environment is sane... yes
#11 6.206 checking for a race-free mkdir -p... /usr/bin/mkdir -p
#11 6.211 checking for gawk... no
#11 6.211 checking for mawk... mawk
#11 6.211 checking whether make sets $(MAKE)... yes
#11 6.332 checking whether make supports nested variables... yes
#11 6.356 checking whether make supports the include directive... yes (GNU style)
#11 6.380 checking for gcc... gcc
#11 6.586 checking whether the C compiler works... yes
#11 7.003 checking for C compiler default output file name... a.out
#11 7.024 checking for suffix of executables... 
#11 7.193 checking whether we are cross compiling... no
#11 7.307 checking for suffix of object files... o
#11 7.352 checking whether the compiler supports GNU C... yes
#11 7.554 checking whether gcc accepts -g... yes
#11 7.633 checking for gcc option to enable C11 features... none needed
#11 7.930 checking whether gcc understands -c and -o together... yes
#11 8.019 checking dependency style of gcc... gcc3
#11 8.086 checking for special C compiler options needed for large files... no
#11 8.086 checking for _FILE_OFFSET_BITS value needed for large files... no
#11 8.139 checking for gcc... (cached) gcc
#11 8.200 checking whether the compiler supports GNU C... (cached) yes
#11 8.200 checking whether gcc accepts -g... (cached) yes
#11 8.200 checking for gcc option to enable C11 features... (cached) none needed
#11 8.200 checking whether gcc understands -c and -o together... (cached) yes
#11 8.200 checking dependency style of gcc... (cached) gcc3
#11 8.212 checking build system type... aarch64-unknown-linux-gnu
#11 8.338 checking host system type... aarch64-unknown-linux-gnu
#11 8.338 checking how to print strings... printf
#11 8.344 checking for a sed that does not truncate output... /usr/bin/sed
#11 8.356 checking for grep that handles long lines and -e... /usr/bin/grep
#11 8.363 checking for egrep... /usr/bin/grep -E
#11 8.369 checking for fgrep... /usr/bin/grep -F
#11 8.372 checking for ld used by gcc... /usr/bin/ld
#11 8.390 checking if the linker (/usr/bin/ld) is GNU ld... yes
#11 8.393 checking for BSD- or MS-compatible name lister (nm)... /usr/bin/nm -B
#11 8.407 checking the name lister (/usr/bin/nm -B) interface... BSD nm
#11 8.457 checking whether ln -s works... yes
#11 8.458 checking the maximum length of command line arguments... 1572864
#11 8.479 checking how to convert aarch64-unknown-linux-gnu file names to aarch64-unknown-linux-gnu format... func_convert_file_noop
#11 8.479 checking how to convert aarch64-unknown-linux-gnu file names to toolchain format... func_convert_file_noop
#11 8.479 checking for /usr/bin/ld option to reload object files... -r
#11 8.482 checking for objdump... objdump
#11 8.484 checking how to recognize dependent libraries... pass_all
#11 8.485 checking for dlltool... no
#11 8.486 checking how to associate runtime and link libraries... printf %s\n
#11 8.487 checking for ar... ar
#11 8.489 checking for archiver @FILE support... @
#11 8.581 checking for strip... strip
#11 8.581 checking for ranlib... ranlib
#11 8.581 checking command to parse /usr/bin/nm -B output from gcc object... ok
#11 8.928 checking for sysroot... no
#11 8.929 checking for a working dd... /usr/bin/dd
#11 8.958 checking how to truncate binary pipes... /usr/bin/dd bs=4096 count=1
#11 8.981 checking for mt... no
#11 8.981 checking if : is a manifest tool... no
#11 8.994 checking for stdio.h... yes
#11 9.089 checking for stdlib.h... yes
#11 9.181 checking for string.h... yes
#11 9.478 checking for inttypes.h... yes
#11 9.753 checking for stdint.h... yes
#11 9.890 checking for strings.h... yes
#11 9.981 checking for sys/stat.h... yes
#11 10.06 checking for sys/types.h... yes
#11 10.15 checking for unistd.h... yes
#11 10.26 checking for dlfcn.h... yes
#11 10.36 checking for objdir... .libs
#11 10.97 checking if gcc supports -fno-rtti -fno-exceptions... no
#11 11.38 checking for gcc option to produce PIC... -fPIC -DPIC
#11 11.38 checking if gcc PIC flag -fPIC -DPIC works... yes
#11 11.44 checking if gcc static flag -static works... yes
#11 11.65 checking if gcc supports -c -o file.o... yes
#11 11.75 checking if gcc supports -c -o file.o... (cached) yes
#11 11.75 checking whether the gcc linker (/usr/bin/ld) supports shared libraries... yes
#11 11.79 checking whether -lc should be explicitly linked in... no
#11 12.07 checking dynamic linker characteristics... GNU/Linux ld.so
#11 12.59 checking how to hardcode library paths into programs... immediate
#11 12.59 checking whether stripping libraries is possible... yes
#11 12.60 checking if libtool supports shared libraries... yes
#11 12.60 checking whether to build shared libraries... yes
#11 12.60 checking whether to build static libraries... no
#11 12.60 checking for fdatasync... yes
#11 12.81 checking for usleep... yes
#11 12.94 checking for fullfsync... no
#11 13.05 checking for localtime_r... yes
#11 13.14 checking for gmtime_r... yes
#11 13.29 checking for gcc options needed to detect all undeclared functions... none needed
#11 13.73 checking whether strerror_r is declared... yes
#11 13.84 checking whether strerror_r returns char *... no
#11 13.89 checking for editline/readline.h... no
#11 13.96 checking for readline/readline.h... no
#11 14.01 checking for library containing pthread_create... none required
#11 14.15 checking for library containing pthread_mutexattr_init... none required
#11 14.24 checking for library containing dlopen... none required
#11 14.32 checking for whether to support dynamic extensions... yes
#11 14.32 checking SQL math functions... enabled
#11 14.32 checking for library containing ceil... -lm
#11 14.54 checking FTS4 extension... enabled
#11 14.54 checking FTS3 extension... disabled
#11 14.54 checking FTS5 extension... enabled
#11 14.54 checking for library containing log... none required
#11 14.83 checking RTREE extension... enabled
#11 14.83 checking Session extension... disabled
#11 14.83 checking Build type... release
#11 14.83 checking for posix_fallocate... yes
#11 15.07 checking for zlib.h... no
#11 15.14 checking for library containing system... none required
#11 15.25 checking that generated files are newer than configure... done
#11 15.25 configure: creating ./config.status
#11 16.94 config.status: creating Makefile
#11 16.96 config.status: creating sqlite3.pc
#11 16.98 config.status: executing depfiles commands
#11 17.04 config.status: executing libtool commands
#11 17.15 /bin/bash ./libtool  --tag=CC   --mode=compile gcc -DPACKAGE_NAME=\"sqlite\" -DPACKAGE_TARNAME=\"sqlite\" -DPACKAGE_VERSION=\"3.46.1\" -DPACKAGE_STRING=\"sqlite\ 3.46.1\" -DPACKAGE_BUGREPORT=\"http://www.sqlite.org\" -DPACKAGE_URL=\"\" -DPACKAGE=\"sqlite\" -DVERSION=\"3.46.1\" -DHAVE_STDIO_H=1 -DHAVE_STDLIB_H=1 -DHAVE_STRING_H=1 -DHAVE_INTTYPES_H=1 -DHAVE_STDINT_H=1 -DHAVE_STRINGS_H=1 -DHAVE_SYS_STAT_H=1 -DHAVE_SYS_TYPES_H=1 -DHAVE_UNISTD_H=1 -DSTDC_HEADERS=1 -DHAVE_DLFCN_H=1 -DLT_OBJDIR=\".libs/\" -DHAVE_FDATASYNC=1 -DHAVE_USLEEP=1 -DHAVE_LOCALTIME_R=1 -DHAVE_GMTIME_R=1 -DHAVE_DECL_STRERROR_R=1 -DHAVE_STRERROR_R=1 -DHAVE_POSIX_FALLOCATE=1 -I.    -D_REENTRANT=1 -DSQLITE_THREADSAFE=1 -DSQLITE_ENABLE_MATH_FUNCTIONS -DSQLITE_ENABLE_FTS4 -DSQLITE_ENABLE_FTS5 -DSQLITE_ENABLE_RTREE -DSQLITE_ENABLE_GEOPOLY  -O2 -DSQLITE_ENABLE_COLUMN_METADATA -MT sqlite3.lo -MD -MP -MF .deps/sqlite3.Tpo -c -o sqlite3.lo sqlite3.c
#11 17.40 libtool: compile:  gcc -DPACKAGE_NAME=\"sqlite\" -DPACKAGE_TARNAME=\"sqlite\" -DPACKAGE_VERSION=\"3.46.1\" "-DPACKAGE_STRING=\"sqlite 3.46.1\"" -DPACKAGE_BUGREPORT=\"http://www.sqlite.org\" -DPACKAGE_URL=\"\" -DPACKAGE=\"sqlite\" -DVERSION=\"3.46.1\" -DHAVE_STDIO_H=1 -DHAVE_STDLIB_H=1 -DHAVE_STRING_H=1 -DHAVE_INTTYPES_H=1 -DHAVE_STDINT_H=1 -DHAVE_STRINGS_H=1 -DHAVE_SYS_STAT_H=1 -DHAVE_SYS_TYPES_H=1 -DHAVE_UNISTD_H=1 -DSTDC_HEADERS=1 -DHAVE_DLFCN_H=1 -DLT_OBJDIR=\".libs/\" -DHAVE_FDATASYNC=1 -DHAVE_USLEEP=1 -DHAVE_LOCALTIME_R=1 -DHAVE_GMTIME_R=1 -DHAVE_DECL_STRERROR_R=1 -DHAVE_STRERROR_R=1 -DHAVE_POSIX_FALLOCATE=1 -I. -D_REENTRANT=1 -DSQLITE_THREADSAFE=1 -DSQLITE_ENABLE_MATH_FUNCTIONS -DSQLITE_ENABLE_FTS4 -DSQLITE_ENABLE_FTS5 -DSQLITE_ENABLE_RTREE -DSQLITE_ENABLE_GEOPOLY -O2 -DSQLITE_ENABLE_COLUMN_METADATA -MT sqlite3.lo -MD -MP -MF .deps/sqlite3.Tpo -c sqlite3.c  -fPIC -DPIC -o .libs/sqlite3.o
#11 229.5 mv -f .deps/sqlite3.Tpo .deps/sqlite3.Plo
#11 229.5 /bin/bash ./libtool  --tag=CC   --mode=link gcc -D_REENTRANT=1 -DSQLITE_THREADSAFE=1 -DSQLITE_ENABLE_MATH_FUNCTIONS -DSQLITE_ENABLE_FTS4 -DSQLITE_ENABLE_FTS5 -DSQLITE_ENABLE_RTREE -DSQLITE_ENABLE_GEOPOLY  -O2 -DSQLITE_ENABLE_COLUMN_METADATA -no-undefined -version-info 8:6:8  -o libsqlite3.la -rpath /usr/local/lib sqlite3.lo  -lm 
#11 229.8 libtool: link: gcc -shared  -fPIC -DPIC  .libs/sqlite3.o   -lm  -O2   -Wl,-soname -Wl,libsqlite3.so.0 -o .libs/libsqlite3.so.0.8.6
#11 230.2 libtool: link: (cd ".libs" && rm -f "libsqlite3.so.0" && ln -s "libsqlite3.so.0.8.6" "libsqlite3.so.0")
#11 230.3 libtool: link: (cd ".libs" && rm -f "libsqlite3.so" && ln -s "libsqlite3.so.0.8.6" "libsqlite3.so")
#11 230.4 libtool: link: ( cd ".libs" && rm -f "libsqlite3.la" && ln -s "../libsqlite3.la" "libsqlite3.la" )
#11 230.7  /usr/bin/mkdir -p '/usr/local/lib'
#11 230.8  /bin/bash ./libtool   --mode=install /usr/bin/install -c   libsqlite3.la '/usr/local/lib'
#11 230.9 libtool: install: /usr/bin/install -c .libs/libsqlite3.so.0.8.6 /usr/local/lib/libsqlite3.so.0.8.6
#11 231.0 libtool: install: (cd /usr/local/lib && { ln -s -f libsqlite3.so.0.8.6 libsqlite3.so.0 || { rm -f libsqlite3.so.0 && ln -s libsqlite3.so.0.8.6 libsqlite3.so.0; }; })
#11 231.0 libtool: install: (cd /usr/local/lib && { ln -s -f libsqlite3.so.0.8.6 libsqlite3.so || { rm -f libsqlite3.so && ln -s libsqlite3.so.0.8.6 libsqlite3.so; }; })
#11 231.0 libtool: install: /usr/bin/install -c .libs/libsqlite3.lai /usr/local/lib/libsqlite3.la
#11 231.1 libtool: finish: PATH="/usr/local/sbin:/usr/local/bin:/usr/sbin:/usr/bin:/sbin:/bin:/sbin" ldconfig -n /usr/local/lib
#11 231.2 ----------------------------------------------------------------------
#11 231.2 Libraries have been installed in:
#11 231.2    /usr/local/lib
#11 231.2 
#11 231.2 If you ever happen to want to link against installed libraries
#11 231.2 in a given directory, LIBDIR, you must either use libtool, and
#11 231.2 specify the full pathname of the library, or use the '-LLIBDIR'
#11 231.2 flag during linking and do at least one of the following:
#11 231.2    - add LIBDIR to the 'LD_LIBRARY_PATH' environment variable
#11 231.2      during execution
#11 231.2    - add LIBDIR to the 'LD_RUN_PATH' environment variable
#11 231.2      during linking
#11 231.2    - use the '-Wl,-rpath -Wl,LIBDIR' linker flag
#11 231.2    - have your system administrator add LIBDIR to '/etc/ld.so.conf'
#11 231.2 
#11 231.2 See any operating system documentation about shared libraries for
#11 231.2 more information, such as the ld(1) and ld.so(8) manual pages.
#11 231.2 ----------------------------------------------------------------------
#11 231.2  /usr/bin/mkdir -p '/usr/local/include'
#11 231.2  /usr/bin/install -c -m 644 sqlite3.h sqlite3ext.h '/usr/local/include'
#11 231.2  /usr/bin/mkdir -p '/usr/local/lib/pkgconfig'
#11 231.3  /usr/bin/install -c -m 644 sqlite3.pc '/usr/local/lib/pkgconfig'
#11 243.3 Configuring for:
#11 243.3 PHP Api Version:         20210902
#11 243.3 Zend Module Api No:      20210902
#11 243.3 Zend Extension Api No:   420210902
#11 246.4 checking for grep that handles long lines and -e... /usr/bin/grep
#11 246.4 checking for egrep... /usr/bin/grep -E
#11 246.4 checking for a sed that does not truncate output... /usr/bin/sed
#11 246.5 checking for pkg-config... /usr/bin/pkg-config
#11 246.5 checking pkg-config is at least version 0.9.0... yes
#11 246.5 checking for cc... cc
#11 247.0 checking whether the C compiler works... yes
#11 247.5 checking for C compiler default output file name... a.out
#11 247.5 checking for suffix of executables... 
#11 247.7 checking whether we are cross compiling... no
#11 248.0 checking for suffix of object files... o
#11 248.1 checking whether the compiler supports GNU C... yes
#11 248.2 checking whether cc accepts -g... yes
#11 248.4 checking for cc option to enable C11 features... none needed
#11 249.0 checking how to run the C preprocessor... cc -E
#11 249.3 checking for icc... no
#11 249.4 checking for suncc... no
#11 249.5 checking for system library directory... lib
#11 249.5 checking if compiler supports -Wl,-rpath,... yes
#11 249.6 checking build system type... aarch64-unknown-linux-gnu
#11 249.6 checking host system type... aarch64-unknown-linux-gnu
#11 249.6 checking target system type... aarch64-unknown-linux-gnu
#11 249.8 checking for PHP prefix... /usr/local
#11 249.8 checking for PHP includes... -I/usr/local/include/php -I/usr/local/include/php/main -I/usr/local/include/php/TSRM -I/usr/local/include/php/Zend -I/usr/local/include/php/ext -I/usr/local/include/php/ext/date/lib
#11 249.8 checking for PHP extension directory... /usr/local/lib/php/extensions/no-debug-non-zts-20210902
#11 249.8 checking for PHP installed headers prefix... /usr/local/include/php
#11 249.8 checking if debug is enabled... no
#11 249.8 checking if zts is enabled... no
#11 250.0 checking for gawk... no
#11 250.0 checking for nawk... nawk
#11 250.0 checking if nawk is broken... no
#11 250.0 checking for MySQL support for PDO... yes, shared
#11 250.0 checking for the location of libz... no
#11 250.0 checking for MySQL UNIX socket location... 
#11 250.0 checking for PDO includes... /usr/local/include/php/ext
#11 250.0 checking for a sed that does not truncate output... /usr/bin/sed
#11 250.0 checking for ld used by cc... /usr/bin/ld
#11 250.0 checking if the linker (/usr/bin/ld) is GNU ld... yes
#11 250.0 checking for /usr/bin/ld option to reload object files... -r
#11 250.0 checking for BSD-compatible nm... /usr/bin/nm -B
#11 250.1 checking whether ln -s works... yes
#11 250.1 checking how to recognize dependent libraries... pass_all
#11 250.1 checking for stdio.h... yes
#11 250.1 checking for stdlib.h... yes
#11 250.2 checking for string.h... yes
#11 250.2 checking for inttypes.h... yes
#11 250.5 checking for stdint.h... yes
#11 250.6 checking for strings.h... yes
#11 250.7 checking for sys/stat.h... yes
#11 250.8 checking for sys/types.h... yes
#11 250.8 checking for unistd.h... yes
#11 250.9 checking for dlfcn.h... yes
#11 251.0 checking the maximum length of command line arguments... 1572864
#11 251.1 checking command to parse /usr/bin/nm -B output from cc object... ok
#11 251.3 checking for objdir... .libs
#11 251.3 checking for ar... ar
#11 251.3 checking for ranlib... ranlib
#11 251.3 checking for strip... strip
#11 251.4 checking if cc supports -fno-rtti -fno-exceptions... no
#11 251.6 checking for cc option to produce PIC... -fPIC
#11 251.6 checking if cc PIC flag -fPIC works... yes
#11 251.8 checking if cc static flag -static works... yes
#11 252.4 checking if cc supports -c -o file.o... yes
#11 252.5 checking whether the cc linker (/usr/bin/ld) supports shared libraries... yes
#11 252.5 checking whether -lc should be explicitly linked in... no
#11 252.7 checking dynamic linker characteristics... GNU/Linux ld.so
#11 252.7 checking how to hardcode library paths into programs... immediate
#11 252.7 checking whether stripping libraries is possible... yes
#11 252.7 checking if libtool supports shared libraries... yes
#11 252.7 checking whether to build shared libraries... yes
#11 252.7 checking whether to build static libraries... no
#11 253.5 
#11 253.5 creating libtool
#11 253.6 appending configuration tag "CXX" to libtool
#11 254.3 configure: patching config.h.in
#11 254.3 configure: creating ./config.status
#11 255.1 config.status: creating config.h
#11 255.2 /bin/bash /usr/src/php/ext/pdo_mysql/libtool --mode=compile cc -I. -I/usr/src/php/ext/pdo_mysql -I/usr/src/php/ext/pdo_mysql/include -I/usr/src/php/ext/pdo_mysql/main -I/usr/src/php/ext/pdo_mysql -I/usr/local/include/php -I/usr/local/include/php/main -I/usr/local/include/php/TSRM -I/usr/local/include/php/Zend -I/usr/local/include/php/ext -I/usr/local/include/php/ext/date/lib  -fstack-protector-strong -fpic -fpie -O2 -D_LARGEFILE_SOURCE -D_FILE_OFFSET_BITS=64 -DHAVE_CONFIG_H  -fstack-protector-strong -fpic -fpie -O2 -D_LARGEFILE_SOURCE -D_FILE_OFFSET_BITS=64   -I/usr/local/include/php/ext -DZEND_ENABLE_STATIC_TSRMLS_CACHE=1 -DZEND_COMPILE_DL_EXT=1 -c /usr/src/php/ext/pdo_mysql/pdo_mysql.c -o pdo_mysql.lo  -MMD -MF pdo_mysql.dep -MT pdo_mysql.lo
#11 255.2 /bin/bash /usr/src/php/ext/pdo_mysql/libtool --mode=compile cc -I. -I/usr/src/php/ext/pdo_mysql -I/usr/src/php/ext/pdo_mysql/include -I/usr/src/php/ext/pdo_mysql/main -I/usr/src/php/ext/pdo_mysql -I/usr/local/include/php -I/usr/local/include/php/main -I/usr/local/include/php/TSRM -I/usr/local/include/php/Zend -I/usr/local/include/php/ext -I/usr/local/include/php/ext/date/lib  -fstack-protector-strong -fpic -fpie -O2 -D_LARGEFILE_SOURCE -D_FILE_OFFSET_BITS=64 -DHAVE_CONFIG_H  -fstack-protector-strong -fpic -fpie -O2 -D_LARGEFILE_SOURCE -D_FILE_OFFSET_BITS=64   -I/usr/local/include/php/ext -DZEND_ENABLE_STATIC_TSRMLS_CACHE=1 -DZEND_COMPILE_DL_EXT=1 -c /usr/src/php/ext/pdo_mysql/mysql_driver.c -o mysql_driver.lo  -MMD -MF mysql_driver.dep -MT mysql_driver.lo
#11 256.4 mkdir .libs
#11 256.4  cc -I. -I/usr/src/php/ext/pdo_mysql -I/usr/src/php/ext/pdo_mysql/include -I/usr/src/php/ext/pdo_mysql/main -I/usr/src/php/ext/pdo_mysql -I/usr/local/include/php -I/usr/local/include/php/main -I/usr/local/include/php/TSRM -I/usr/local/include/php/Zend -I/usr/local/include/php/ext -I/usr/local/include/php/ext/date/lib -fstack-protector-strong -fpic -fpie -O2 -D_LARGEFILE_SOURCE -D_FILE_OFFSET_BITS=64 -DHAVE_CONFIG_H -fstack-protector-strong -fpic -fpie -O2 -D_LARGEFILE_SOURCE -D_FILE_OFFSET_BITS=64 -I/usr/local/include/php/ext -DZEND_ENABLE_STATIC_TSRMLS_CACHE=1 -DZEND_COMPILE_DL_EXT=1 -c /usr/src/php/ext/pdo_mysql/pdo_mysql.c -MMD -MF pdo_mysql.dep -MT pdo_mysql.lo  -fPIC -DPIC -o .libs/pdo_mysql.o
#11 257.1  cc -I. -I/usr/src/php/ext/pdo_mysql -I/usr/src/php/ext/pdo_mysql/include -I/usr/src/php/ext/pdo_mysql/main -I/usr/src/php/ext/pdo_mysql -I/usr/local/include/php -I/usr/local/include/php/main -I/usr/local/include/php/TSRM -I/usr/local/include/php/Zend -I/usr/local/include/php/ext -I/usr/local/include/php/ext/date/lib -fstack-protector-strong -fpic -fpie -O2 -D_LARGEFILE_SOURCE -D_FILE_OFFSET_BITS=64 -DHAVE_CONFIG_H -fstack-protector-strong -fpic -fpie -O2 -D_LARGEFILE_SOURCE -D_FILE_OFFSET_BITS=64 -I/usr/local/include/php/ext -DZEND_ENABLE_STATIC_TSRMLS_CACHE=1 -DZEND_COMPILE_DL_EXT=1 -c /usr/src/php/ext/pdo_mysql/mysql_driver.c -MMD -MF mysql_driver.dep -MT mysql_driver.lo  -fPIC -DPIC -o .libs/mysql_driver.o
#11 259.3 /bin/bash /usr/src/php/ext/pdo_mysql/libtool --mode=compile cc -I. -I/usr/src/php/ext/pdo_mysql -I/usr/src/php/ext/pdo_mysql/include -I/usr/src/php/ext/pdo_mysql/main -I/usr/src/php/ext/pdo_mysql -I/usr/local/include/php -I/usr/local/include/php/main -I/usr/local/include/php/TSRM -I/usr/local/include/php/Zend -I/usr/local/include/php/ext -I/usr/local/include/php/ext/date/lib  -fstack-protector-strong -fpic -fpie -O2 -D_LARGEFILE_SOURCE -D_FILE_OFFSET_BITS=64 -DHAVE_CONFIG_H  -fstack-protector-strong -fpic -fpie -O2 -D_LARGEFILE_SOURCE -D_FILE_OFFSET_BITS=64   -I/usr/local/include/php/ext -DZEND_ENABLE_STATIC_TSRMLS_CACHE=1 -DZEND_COMPILE_DL_EXT=1 -c /usr/src/php/ext/pdo_mysql/mysql_statement.c -o mysql_statement.lo  -MMD -MF mysql_statement.dep -MT mysql_statement.lo
#11 262.4  cc -I. -I/usr/src/php/ext/pdo_mysql -I/usr/src/php/ext/pdo_mysql/include -I/usr/src/php/ext/pdo_mysql/main -I/usr/src/php/ext/pdo_mysql -I/usr/local/include/php -I/usr/local/include/php/main -I/usr/local/include/php/TSRM -I/usr/local/include/php/Zend -I/usr/local/include/php/ext -I/usr/local/include/php/ext/date/lib -fstack-protector-strong -fpic -fpie -O2 -D_LARGEFILE_SOURCE -D_FILE_OFFSET_BITS=64 -DHAVE_CONFIG_H -fstack-protector-strong -fpic -fpie -O2 -D_LARGEFILE_SOURCE -D_FILE_OFFSET_BITS=64 -I/usr/local/include/php/ext -DZEND_ENABLE_STATIC_TSRMLS_CACHE=1 -DZEND_COMPILE_DL_EXT=1 -c /usr/src/php/ext/pdo_mysql/mysql_statement.c -MMD -MF mysql_statement.dep -MT mysql_statement.lo  -fPIC -DPIC -o .libs/mysql_statement.o
#11 265.1 /bin/bash /usr/src/php/ext/pdo_mysql/libtool --mode=link cc -shared -I/usr/src/php/ext/pdo_mysql/include -I/usr/src/php/ext/pdo_mysql/main -I/usr/src/php/ext/pdo_mysql -I/usr/local/include/php -I/usr/local/include/php/main -I/usr/local/include/php/TSRM -I/usr/local/include/php/Zend -I/usr/local/include/php/ext -I/usr/local/include/php/ext/date/lib  -fstack-protector-strong -fpic -fpie -O2 -D_LARGEFILE_SOURCE -D_FILE_OFFSET_BITS=64 -DHAVE_CONFIG_H  -fstack-protector-strong -fpic -fpie -O2 -D_LARGEFILE_SOURCE -D_FILE_OFFSET_BITS=64  -Wl,-O1 -pie  -o pdo_mysql.la -export-dynamic -avoid-version -prefer-pic -module -rpath /usr/src/php/ext/pdo_mysql/modules  pdo_mysql.lo mysql_driver.lo mysql_statement.lo 
#11 265.6 cc -shared  .libs/pdo_mysql.o .libs/mysql_driver.o .libs/mysql_statement.o   -Wl,-O1 -Wl,-soname -Wl,pdo_mysql.so -o .libs/pdo_mysql.so
#11 265.7 creating pdo_mysql.la
#11 265.7 (cd .libs && rm -f pdo_mysql.la && ln -s ../pdo_mysql.la pdo_mysql.la)
#11 265.7 /bin/bash /usr/src/php/ext/pdo_mysql/libtool --mode=install cp ./pdo_mysql.la /usr/src/php/ext/pdo_mysql/modules
#11 266.0 cp ./.libs/pdo_mysql.so /usr/src/php/ext/pdo_mysql/modules/pdo_mysql.so
#11 266.0 cp ./.libs/pdo_mysql.lai /usr/src/php/ext/pdo_mysql/modules/pdo_mysql.la
#11 266.2 PATH="$PATH:/sbin" ldconfig -n /usr/src/php/ext/pdo_mysql/modules
#11 266.2 ----------------------------------------------------------------------
#11 266.2 Libraries have been installed in:
#11 266.2    /usr/src/php/ext/pdo_mysql/modules
#11 266.2 
#11 266.2 If you ever happen to want to link against installed libraries
#11 266.2 in a given directory, LIBDIR, you must either use libtool, and
#11 266.2 specify the full pathname of the library, or use the `-LLIBDIR'
#11 266.2 flag during linking and do at least one of the following:
#11 266.2    - add LIBDIR to the `LD_LIBRARY_PATH' environment variable
#11 266.2      during execution
#11 266.2    - add LIBDIR to the `LD_RUN_PATH' environment variable
#11 266.2      during linking
#11 266.2    - use the `-Wl,--rpath -Wl,LIBDIR' linker flag
#11 266.2    - have your system administrator add LIBDIR to `/etc/ld.so.conf'
#11 266.2 
#11 266.2 See any operating system documentation about shared libraries for
#11 266.2 more information, such as the ld(1) and ld.so(8) manual pages.
#11 266.2 ----------------------------------------------------------------------
#11 266.3 
#11 266.3 Build complete.
#11 266.3 Don't forget to run 'make test'.
#11 266.3 
#11 266.7 + strip --strip-all modules/pdo_mysql.so
#11 267.1 Installing shared extensions:     /usr/local/lib/php/extensions/no-debug-non-zts-20210902/
#11 267.9 find . -name \*.gcno -o -name \*.gcda | xargs rm -f
#11 267.9 find . -name \*.lo -o -name \*.o -o -name \*.dep | xargs rm -f
#11 267.9 find . -name \*.la -o -name \*.a | xargs rm -f
#11 268.0 find . -name \*.so | xargs rm -f
#11 268.0 find . -name .libs -a -type d|xargs rm -rf
#11 268.0 rm -f libphp.la      modules/* libs/*
#11 268.0 rm -f ext/opcache/jit/zend_jit_x86.c
#11 268.0 rm -f ext/opcache/jit/zend_jit_arm64.c
#11 268.0 rm -f ext/opcache/minilua
#11 268.2 Configuring for:
#11 268.2 PHP Api Version:         20210902
#11 268.2 Zend Module Api No:      20210902
#11 268.2 Zend Extension Api No:   420210902
#11 272.8 checking for grep that handles long lines and -e... /usr/bin/grep
#11 272.9 checking for egrep... /usr/bin/grep -E
#11 272.9 checking for a sed that does not truncate output... /usr/bin/sed
#11 273.1 checking for pkg-config... /usr/bin/pkg-config
#11 273.1 checking pkg-config is at least version 0.9.0... yes
#11 273.1 checking for cc... cc
#11 273.3 checking whether the C compiler works... yes
#11 273.4 checking for C compiler default output file name... a.out
#11 273.4 checking for suffix of executables... 
#11 273.7 checking whether we are cross compiling... no
#11 274.2 checking for suffix of object files... o
#11 274.4 checking whether the compiler supports GNU C... yes
#11 274.5 checking whether cc accepts -g... yes
#11 274.6 checking for cc option to enable C11 features... none needed
#11 274.8 checking how to run the C preprocessor... cc -E
#11 275.2 checking for icc... no
#11 275.4 checking for suncc... no
#11 275.4 checking for system library directory... lib
#11 275.4 checking if compiler supports -Wl,-rpath,... yes
#11 275.7 checking build system type... aarch64-unknown-linux-gnu
#11 275.7 checking host system type... aarch64-unknown-linux-gnu
#11 275.7 checking target system type... aarch64-unknown-linux-gnu
#11 276.1 checking for PHP prefix... /usr/local
#11 276.1 checking for PHP includes... -I/usr/local/include/php -I/usr/local/include/php/main -I/usr/local/include/php/TSRM -I/usr/local/include/php/Zend -I/usr/local/include/php/ext -I/usr/local/include/php/ext/date/lib
#11 276.1 checking for PHP extension directory... /usr/local/lib/php/extensions/no-debug-non-zts-20210902
#11 276.1 checking for PHP installed headers prefix... /usr/local/include/php
#11 276.1 checking if debug is enabled... no
#11 276.3 checking if zts is enabled... no
#11 277.2 checking for gawk... no
#11 277.2 checking for nawk... nawk
#11 277.2 checking if nawk is broken... no
#11 277.2 checking for PostgreSQL support for PDO... yes, shared
#11 277.2 checking for pg_config... /usr/bin/pg_config
#11 277.3 checking for PQlibVersion in -lpq... yes
#11 277.9 checking for PDO includes... /usr/local/include/php/ext
#11 278.0 checking for a sed that does not truncate output... /usr/bin/sed
#11 278.0 checking for ld used by cc... /usr/bin/ld
#11 278.0 checking if the linker (/usr/bin/ld) is GNU ld... yes
#11 278.1 checking for /usr/bin/ld option to reload object files... -r
#11 278.1 checking for BSD-compatible nm... /usr/bin/nm -B
#11 278.1 checking whether ln -s works... yes
#11 278.1 checking how to recognize dependent libraries... pass_all
#11 278.1 checking for stdio.h... yes
#11 278.2 checking for stdlib.h... yes
#11 278.3 checking for string.h... yes
#11 278.3 checking for inttypes.h... yes
#11 278.4 checking for stdint.h... yes
#11 278.6 checking for strings.h... yes
#11 278.8 checking for sys/stat.h... yes
#11 279.0 checking for sys/types.h... yes
#11 279.2 checking for unistd.h... yes
#11 279.3 checking for dlfcn.h... yes
#11 279.4 checking the maximum length of command line arguments... 1572864
#11 279.4 checking command to parse /usr/bin/nm -B output from cc object... ok
#11 279.9 checking for objdir... .libs
#11 279.9 checking for ar... ar
#11 279.9 checking for ranlib... ranlib
#11 279.9 checking for strip... strip
#11 280.1 checking if cc supports -fno-rtti -fno-exceptions... no
#11 280.2 checking for cc option to produce PIC... -fPIC
#11 280.2 checking if cc PIC flag -fPIC works... yes
#11 280.4 checking if cc static flag -static works... yes
#11 281.1 checking if cc supports -c -o file.o... yes
#11 281.3 checking whether the cc linker (/usr/bin/ld) supports shared libraries... yes
#11 281.4 checking whether -lc should be explicitly linked in... no
#11 281.6 checking dynamic linker characteristics... GNU/Linux ld.so
#11 281.8 checking how to hardcode library paths into programs... immediate
#11 281.8 checking whether stripping libraries is possible... yes
#11 281.8 checking if libtool supports shared libraries... yes
#11 281.8 checking whether to build shared libraries... yes
#11 281.8 checking whether to build static libraries... no
#11 282.4 
#11 282.4 creating libtool
#11 282.5 appending configuration tag "CXX" to libtool
#11 283.0 configure: patching config.h.in
#11 283.0 configure: creating ./config.status
#11 283.3 config.status: creating config.h
#11 283.5 /bin/bash /usr/src/php/ext/pdo_pgsql/libtool --mode=compile cc -I. -I/usr/src/php/ext/pdo_pgsql -I/usr/src/php/ext/pdo_pgsql/include -I/usr/src/php/ext/pdo_pgsql/main -I/usr/src/php/ext/pdo_pgsql -I/usr/local/include/php -I/usr/local/include/php/main -I/usr/local/include/php/TSRM -I/usr/local/include/php/Zend -I/usr/local/include/php/ext -I/usr/local/include/php/ext/date/lib -I/usr/include/postgresql  -fstack-protector-strong -fpic -fpie -O2 -D_LARGEFILE_SOURCE -D_FILE_OFFSET_BITS=64 -DHAVE_CONFIG_H  -fstack-protector-strong -fpic -fpie -O2 -D_LARGEFILE_SOURCE -D_FILE_OFFSET_BITS=64   -I/usr/local/include/php/ext -DZEND_COMPILE_DL_EXT=1 -c /usr/src/php/ext/pdo_pgsql/pdo_pgsql.c -o pdo_pgsql.lo  -MMD -MF pdo_pgsql.dep -MT pdo_pgsql.lo
#11 283.5 /bin/bash /usr/src/php/ext/pdo_pgsql/libtool --mode=compile cc -I. -I/usr/src/php/ext/pdo_pgsql -I/usr/src/php/ext/pdo_pgsql/include -I/usr/src/php/ext/pdo_pgsql/main -I/usr/src/php/ext/pdo_pgsql -I/usr/local/include/php -I/usr/local/include/php/main -I/usr/local/include/php/TSRM -I/usr/local/include/php/Zend -I/usr/local/include/php/ext -I/usr/local/include/php/ext/date/lib -I/usr/include/postgresql  -fstack-protector-strong -fpic -fpie -O2 -D_LARGEFILE_SOURCE -D_FILE_OFFSET_BITS=64 -DHAVE_CONFIG_H  -fstack-protector-strong -fpic -fpie -O2 -D_LARGEFILE_SOURCE -D_FILE_OFFSET_BITS=64   -I/usr/local/include/php/ext -DZEND_COMPILE_DL_EXT=1 -c /usr/src/php/ext/pdo_pgsql/pgsql_driver.c -o pgsql_driver.lo  -MMD -MF pgsql_driver.dep -MT pgsql_driver.lo
#11 283.9 mkdir .libs
#11 283.9  cc -I. -I/usr/src/php/ext/pdo_pgsql -I/usr/src/php/ext/pdo_pgsql/include -I/usr/src/php/ext/pdo_pgsql/main -I/usr/src/php/ext/pdo_pgsql -I/usr/local/include/php -I/usr/local/include/php/main -I/usr/local/include/php/TSRM -I/usr/local/include/php/Zend -I/usr/local/include/php/ext -I/usr/local/include/php/ext/date/lib -I/usr/include/postgresql -fstack-protector-strong -fpic -fpie -O2 -D_LARGEFILE_SOURCE -D_FILE_OFFSET_BITS=64 -DHAVE_CONFIG_H -fstack-protector-strong -fpic -fpie -O2 -D_LARGEFILE_SOURCE -D_FILE_OFFSET_BITS=64 -I/usr/local/include/php/ext -DZEND_COMPILE_DL_EXT=1 -c /usr/src/php/ext/pdo_pgsql/pgsql_driver.c -MMD -MF pgsql_driver.dep -MT pgsql_driver.lo  -fPIC -DPIC -o .libs/pgsql_driver.o
#11 283.9  cc -I. -I/usr/src/php/ext/pdo_pgsql -I/usr/src/php/ext/pdo_pgsql/include -I/usr/src/php/ext/pdo_pgsql/main -I/usr/src/php/ext/pdo_pgsql -I/usr/local/include/php -I/usr/local/include/php/main -I/usr/local/include/php/TSRM -I/usr/local/include/php/Zend -I/usr/local/include/php/ext -I/usr/local/include/php/ext/date/lib -I/usr/include/postgresql -fstack-protector-strong -fpic -fpie -O2 -D_LARGEFILE_SOURCE -D_FILE_OFFSET_BITS=64 -DHAVE_CONFIG_H -fstack-protector-strong -fpic -fpie -O2 -D_LARGEFILE_SOURCE -D_FILE_OFFSET_BITS=64 -I/usr/local/include/php/ext -DZEND_COMPILE_DL_EXT=1 -c /usr/src/php/ext/pdo_pgsql/pdo_pgsql.c -MMD -MF pdo_pgsql.dep -MT pdo_pgsql.lo  -fPIC -DPIC -o .libs/pdo_pgsql.o
#11 284.6 /bin/bash /usr/src/php/ext/pdo_pgsql/libtool --mode=compile cc -I. -I/usr/src/php/ext/pdo_pgsql -I/usr/src/php/ext/pdo_pgsql/include -I/usr/src/php/ext/pdo_pgsql/main -I/usr/src/php/ext/pdo_pgsql -I/usr/local/include/php -I/usr/local/include/php/main -I/usr/local/include/php/TSRM -I/usr/local/include/php/Zend -I/usr/local/include/php/ext -I/usr/local/include/php/ext/date/lib -I/usr/include/postgresql  -fstack-protector-strong -fpic -fpie -O2 -D_LARGEFILE_SOURCE -D_FILE_OFFSET_BITS=64 -DHAVE_CONFIG_H  -fstack-protector-strong -fpic -fpie -O2 -D_LARGEFILE_SOURCE -D_FILE_OFFSET_BITS=64   -I/usr/local/include/php/ext -DZEND_COMPILE_DL_EXT=1 -c /usr/src/php/ext/pdo_pgsql/pgsql_statement.c -o pgsql_statement.lo  -MMD -MF pgsql_statement.dep -MT pgsql_statement.lo
#11 285.8  cc -I. -I/usr/src/php/ext/pdo_pgsql -I/usr/src/php/ext/pdo_pgsql/include -I/usr/src/php/ext/pdo_pgsql/main -I/usr/src/php/ext/pdo_pgsql -I/usr/local/include/php -I/usr/local/include/php/main -I/usr/local/include/php/TSRM -I/usr/local/include/php/Zend -I/usr/local/include/php/ext -I/usr/local/include/php/ext/date/lib -I/usr/include/postgresql -fstack-protector-strong -fpic -fpie -O2 -D_LARGEFILE_SOURCE -D_FILE_OFFSET_BITS=64 -DHAVE_CONFIG_H -fstack-protector-strong -fpic -fpie -O2 -D_LARGEFILE_SOURCE -D_FILE_OFFSET_BITS=64 -I/usr/local/include/php/ext -DZEND_COMPILE_DL_EXT=1 -c /usr/src/php/ext/pdo_pgsql/pgsql_statement.c -MMD -MF pgsql_statement.dep -MT pgsql_statement.lo  -fPIC -DPIC -o .libs/pgsql_statement.o
#11 288.7 /bin/bash /usr/src/php/ext/pdo_pgsql/libtool --mode=link cc -shared -I/usr/src/php/ext/pdo_pgsql/include -I/usr/src/php/ext/pdo_pgsql/main -I/usr/src/php/ext/pdo_pgsql -I/usr/local/include/php -I/usr/local/include/php/main -I/usr/local/include/php/TSRM -I/usr/local/include/php/Zend -I/usr/local/include/php/ext -I/usr/local/include/php/ext/date/lib -I/usr/include/postgresql  -fstack-protector-strong -fpic -fpie -O2 -D_LARGEFILE_SOURCE -D_FILE_OFFSET_BITS=64 -DHAVE_CONFIG_H  -fstack-protector-strong -fpic -fpie -O2 -D_LARGEFILE_SOURCE -D_FILE_OFFSET_BITS=64  -Wl,-O1 -pie  -o pdo_pgsql.la -export-dynamic -avoid-version -prefer-pic -module -rpath /usr/src/php/ext/pdo_pgsql/modules  pdo_pgsql.lo pgsql_driver.lo pgsql_statement.lo -Wl,-rpath,/usr/lib/aarch64-linux-gnu -L/usr/lib/aarch64-linux-gnu -lpq
#11 289.3 cc -shared  .libs/pdo_pgsql.o .libs/pgsql_driver.o .libs/pgsql_statement.o  -L/usr/lib/aarch64-linux-gnu -lpq  -Wl,-O1 -Wl,-rpath -Wl,/usr/lib/aarch64-linux-gnu -Wl,-soname -Wl,pdo_pgsql.so -o .libs/pdo_pgsql.so
#11 289.4 creating pdo_pgsql.la
#11 289.4 (cd .libs && rm -f pdo_pgsql.la && ln -s ../pdo_pgsql.la pdo_pgsql.la)
#11 289.4 /bin/bash /usr/src/php/ext/pdo_pgsql/libtool --mode=install cp ./pdo_pgsql.la /usr/src/php/ext/pdo_pgsql/modules
#11 289.5 cp ./.libs/pdo_pgsql.so /usr/src/php/ext/pdo_pgsql/modules/pdo_pgsql.so
#11 289.6 cp ./.libs/pdo_pgsql.lai /usr/src/php/ext/pdo_pgsql/modules/pdo_pgsql.la
#11 289.6 PATH="$PATH:/sbin" ldconfig -n /usr/src/php/ext/pdo_pgsql/modules
#11 289.6 ----------------------------------------------------------------------
#11 289.6 Libraries have been installed in:
#11 289.6    /usr/src/php/ext/pdo_pgsql/modules
#11 289.6 
#11 289.6 If you ever happen to want to link against installed libraries
#11 289.6 in a given directory, LIBDIR, you must either use libtool, and
#11 289.6 specify the full pathname of the library, or use the `-LLIBDIR'
#11 289.6 flag during linking and do at least one of the following:
#11 289.6    - add LIBDIR to the `LD_LIBRARY_PATH' environment variable
#11 289.6      during execution
#11 289.6    - add LIBDIR to the `LD_RUN_PATH' environment variable
#11 289.6      during linking
#11 289.6    - use the `-Wl,--rpath -Wl,LIBDIR' linker flag
#11 289.6    - have your system administrator add LIBDIR to `/etc/ld.so.conf'
#11 289.6 
#11 289.6 See any operating system documentation about shared libraries for
#11 289.6 more information, such as the ld(1) and ld.so(8) manual pages.
#11 289.6 ----------------------------------------------------------------------
#11 289.6 
#11 289.6 Build complete.
#11 289.6 Don't forget to run 'make test'.
#11 289.6 
#11 289.8 + strip --strip-all modules/pdo_pgsql.so
#11 290.0 Installing shared extensions:     /usr/local/lib/php/extensions/no-debug-non-zts-20210902/
#11 290.4 find . -name \*.gcno -o -name \*.gcda | xargs rm -f
#11 290.4 find . -name \*.lo -o -name \*.o -o -name \*.dep | xargs rm -f
#11 290.4 find . -name \*.la -o -name \*.a | xargs rm -f
#11 290.4 find . -name \*.so | xargs rm -f
#11 290.5 find . -name .libs -a -type d|xargs rm -rf
#11 290.5 rm -f libphp.la      modules/* libs/*
#11 290.5 rm -f ext/opcache/jit/zend_jit_x86.c
#11 290.5 rm -f ext/opcache/jit/zend_jit_arm64.c
#11 290.5 rm -f ext/opcache/minilua
#11 290.8 Configuring for:
#11 290.8 PHP Api Version:         20210902
#11 290.8 Zend Module Api No:      20210902
#11 290.8 Zend Extension Api No:   420210902
#11 301.0 checking for grep that handles long lines and -e... /usr/bin/grep
#11 301.0 checking for egrep... /usr/bin/grep -E
#11 301.0 checking for a sed that does not truncate output... /usr/bin/sed
#11 301.2 checking for pkg-config... /usr/bin/pkg-config
#11 301.2 checking pkg-config is at least version 0.9.0... yes
#11 301.2 checking for cc... cc
#11 301.4 checking whether the C compiler works... yes
#11 301.6 checking for C compiler default output file name... a.out
#11 301.6 checking for suffix of executables... 
#11 301.9 checking whether we are cross compiling... no
#11 302.1 checking for suffix of object files... o
#11 302.2 checking whether the compiler supports GNU C... yes
#11 302.2 checking whether cc accepts -g... yes
#11 302.3 checking for cc option to enable C11 features... none needed
#11 302.4 checking how to run the C preprocessor... cc -E
#11 302.6 checking for icc... no
#11 302.7 checking for suncc... no
#11 302.8 checking for system library directory... lib
#11 302.8 checking if compiler supports -Wl,-rpath,... yes
#11 303.0 checking build system type... aarch64-unknown-linux-gnu
#11 303.0 checking host system type... aarch64-unknown-linux-gnu
#11 303.0 checking target system type... aarch64-unknown-linux-gnu
#11 303.3 checking for PHP prefix... /usr/local
#11 303.3 checking for PHP includes... -I/usr/local/include/php -I/usr/local/include/php/main -I/usr/local/include/php/TSRM -I/usr/local/include/php/Zend -I/usr/local/include/php/ext -I/usr/local/include/php/ext/date/lib
#11 303.3 checking for PHP extension directory... /usr/local/lib/php/extensions/no-debug-non-zts-20210902
#11 303.3 checking for PHP installed headers prefix... /usr/local/include/php
#11 303.3 checking if debug is enabled... no
#11 303.6 checking if zts is enabled... no
#11 303.8 checking for gawk... no
#11 303.8 checking for nawk... nawk
#11 303.8 checking if nawk is broken... no
#11 303.8 checking for MySQLi support... yes, shared
#11 303.9 checking for specified location of the MySQL UNIX socket... no
#11 303.9 checking for MySQL UNIX socket location... no
#11 304.1 checking for a sed that does not truncate output... /usr/bin/sed
#11 304.1 checking for ld used by cc... /usr/bin/ld
#11 304.2 checking if the linker (/usr/bin/ld) is GNU ld... yes
#11 304.2 checking for /usr/bin/ld option to reload object files... -r
#11 304.2 checking for BSD-compatible nm... /usr/bin/nm -B
#11 304.3 checking whether ln -s works... yes
#11 304.3 checking how to recognize dependent libraries... pass_all
#11 304.3 checking for stdio.h... yes
#11 304.4 checking for stdlib.h... yes
#11 304.5 checking for string.h... yes
#11 304.7 checking for inttypes.h... yes
#11 304.8 checking for stdint.h... yes
#11 304.9 checking for strings.h... yes
#11 305.1 checking for sys/stat.h... yes
#11 305.3 checking for sys/types.h... yes
#11 305.5 checking for unistd.h... yes
#11 305.6 checking for dlfcn.h... yes
#11 305.8 checking the maximum length of command line arguments... 1572864
#11 305.8 checking command to parse /usr/bin/nm -B output from cc object... ok
#11 306.2 checking for objdir... .libs
#11 306.2 checking for ar... ar
#11 306.2 checking for ranlib... ranlib
#11 306.2 checking for strip... strip
#11 307.0 checking if cc supports -fno-rtti -fno-exceptions... no
#11 307.5 checking for cc option to produce PIC... -fPIC
#11 307.5 checking if cc PIC flag -fPIC works... yes
#11 307.5 checking if cc static flag -static works... yes
#11 307.8 checking if cc supports -c -o file.o... yes
#11 308.0 checking whether the cc linker (/usr/bin/ld) supports shared libraries... yes
#11 308.1 checking whether -lc should be explicitly linked in... no
#11 308.3 checking dynamic linker characteristics... GNU/Linux ld.so
#11 308.4 checking how to hardcode library paths into programs... immediate
#11 308.4 checking whether stripping libraries is possible... yes
#11 308.4 checking if libtool supports shared libraries... yes
#11 308.4 checking whether to build shared libraries... yes
#11 308.4 checking whether to build static libraries... no
#11 309.2 
#11 309.2 creating libtool
#11 309.3 appending configuration tag "CXX" to libtool
#11 309.5 configure: patching config.h.in
#11 309.5 configure: creating ./config.status
#11 309.6 config.status: creating config.h
#11 309.7 /bin/bash /usr/src/php/ext/mysqli/libtool --mode=compile cc -I. -I/usr/src/php/ext/mysqli -I/usr/src/php/ext/mysqli/include -I/usr/src/php/ext/mysqli/main -I/usr/src/php/ext/mysqli -I/usr/local/include/php -I/usr/local/include/php/main -I/usr/local/include/php/TSRM -I/usr/local/include/php/Zend -I/usr/local/include/php/ext -I/usr/local/include/php/ext/date/lib  -fstack-protector-strong -fpic -fpie -O2 -D_LARGEFILE_SOURCE -D_FILE_OFFSET_BITS=64 -DHAVE_CONFIG_H  -fstack-protector-strong -fpic -fpie -O2 -D_LARGEFILE_SOURCE -D_FILE_OFFSET_BITS=64   -DZEND_ENABLE_STATIC_TSRMLS_CACHE=1 -DZEND_COMPILE_DL_EXT=1 -c /usr/src/php/ext/mysqli/mysqli.c -o mysqli.lo  -MMD -MF mysqli.dep -MT mysqli.lo
#11 309.7 /bin/bash /usr/src/php/ext/mysqli/libtool --mode=compile cc -I. -I/usr/src/php/ext/mysqli -I/usr/src/php/ext/mysqli/include -I/usr/src/php/ext/mysqli/main -I/usr/src/php/ext/mysqli -I/usr/local/include/php -I/usr/local/include/php/main -I/usr/local/include/php/TSRM -I/usr/local/include/php/Zend -I/usr/local/include/php/ext -I/usr/local/include/php/ext/date/lib  -fstack-protector-strong -fpic -fpie -O2 -D_LARGEFILE_SOURCE -D_FILE_OFFSET_BITS=64 -DHAVE_CONFIG_H  -fstack-protector-strong -fpic -fpie -O2 -D_LARGEFILE_SOURCE -D_FILE_OFFSET_BITS=64   -DZEND_ENABLE_STATIC_TSRMLS_CACHE=1 -DZEND_COMPILE_DL_EXT=1 -c /usr/src/php/ext/mysqli/mysqli_api.c -o mysqli_api.lo  -MMD -MF mysqli_api.dep -MT mysqli_api.lo
#11 310.0 mkdir .libs
#11 310.0  cc -I. -I/usr/src/php/ext/mysqli -I/usr/src/php/ext/mysqli/include -I/usr/src/php/ext/mysqli/main -I/usr/src/php/ext/mysqli -I/usr/local/include/php -I/usr/local/include/php/main -I/usr/local/include/php/TSRM -I/usr/local/include/php/Zend -I/usr/local/include/php/ext -I/usr/local/include/php/ext/date/lib -fstack-protector-strong -fpic -fpie -O2 -D_LARGEFILE_SOURCE -D_FILE_OFFSET_BITS=64 -DHAVE_CONFIG_H -fstack-protector-strong -fpic -fpie -O2 -D_LARGEFILE_SOURCE -D_FILE_OFFSET_BITS=64 -DZEND_ENABLE_STATIC_TSRMLS_CACHE=1 -DZEND_COMPILE_DL_EXT=1 -c /usr/src/php/ext/mysqli/mysqli_api.c -MMD -MF mysqli_api.dep -MT mysqli_api.lo  -fPIC -DPIC -o .libs/mysqli_api.o
#11 310.0  cc -I. -I/usr/src/php/ext/mysqli -I/usr/src/php/ext/mysqli/include -I/usr/src/php/ext/mysqli/main -I/usr/src/php/ext/mysqli -I/usr/local/include/php -I/usr/local/include/php/main -I/usr/local/include/php/TSRM -I/usr/local/include/php/Zend -I/usr/local/include/php/ext -I/usr/local/include/php/ext/date/lib -fstack-protector-strong -fpic -fpie -O2 -D_LARGEFILE_SOURCE -D_FILE_OFFSET_BITS=64 -DHAVE_CONFIG_H -fstack-protector-strong -fpic -fpie -O2 -D_LARGEFILE_SOURCE -D_FILE_OFFSET_BITS=64 -DZEND_ENABLE_STATIC_TSRMLS_CACHE=1 -DZEND_COMPILE_DL_EXT=1 -c /usr/src/php/ext/mysqli/mysqli.c -MMD -MF mysqli.dep -MT mysqli.lo  -fPIC -DPIC -o .libs/mysqli.o
#11 312.4 /bin/bash /usr/src/php/ext/mysqli/libtool --mode=compile cc -I. -I/usr/src/php/ext/mysqli -I/usr/src/php/ext/mysqli/include -I/usr/src/php/ext/mysqli/main -I/usr/src/php/ext/mysqli -I/usr/local/include/php -I/usr/local/include/php/main -I/usr/local/include/php/TSRM -I/usr/local/include/php/Zend -I/usr/local/include/php/ext -I/usr/local/include/php/ext/date/lib  -fstack-protector-strong -fpic -fpie -O2 -D_LARGEFILE_SOURCE -D_FILE_OFFSET_BITS=64 -DHAVE_CONFIG_H  -fstack-protector-strong -fpic -fpie -O2 -D_LARGEFILE_SOURCE -D_FILE_OFFSET_BITS=64   -DZEND_ENABLE_STATIC_TSRMLS_CACHE=1 -DZEND_COMPILE_DL_EXT=1 -c /usr/src/php/ext/mysqli/mysqli_prop.c -o mysqli_prop.lo  -MMD -MF mysqli_prop.dep -MT mysqli_prop.lo
#11 312.9  cc -I. -I/usr/src/php/ext/mysqli -I/usr/src/php/ext/mysqli/include -I/usr/src/php/ext/mysqli/main -I/usr/src/php/ext/mysqli -I/usr/local/include/php -I/usr/local/include/php/main -I/usr/local/include/php/TSRM -I/usr/local/include/php/Zend -I/usr/local/include/php/ext -I/usr/local/include/php/ext/date/lib -fstack-protector-strong -fpic -fpie -O2 -D_LARGEFILE_SOURCE -D_FILE_OFFSET_BITS=64 -DHAVE_CONFIG_H -fstack-protector-strong -fpic -fpie -O2 -D_LARGEFILE_SOURCE -D_FILE_OFFSET_BITS=64 -DZEND_ENABLE_STATIC_TSRMLS_CACHE=1 -DZEND_COMPILE_DL_EXT=1 -c /usr/src/php/ext/mysqli/mysqli_prop.c -MMD -MF mysqli_prop.dep -MT mysqli_prop.lo  -fPIC -DPIC -o .libs/mysqli_prop.o
#11 313.6 /bin/bash /usr/src/php/ext/mysqli/libtool --mode=compile cc -I. -I/usr/src/php/ext/mysqli -I/usr/src/php/ext/mysqli/include -I/usr/src/php/ext/mysqli/main -I/usr/src/php/ext/mysqli -I/usr/local/include/php -I/usr/local/include/php/main -I/usr/local/include/php/TSRM -I/usr/local/include/php/Zend -I/usr/local/include/php/ext -I/usr/local/include/php/ext/date/lib  -fstack-protector-strong -fpic -fpie -O2 -D_LARGEFILE_SOURCE -D_FILE_OFFSET_BITS=64 -DHAVE_CONFIG_H  -fstack-protector-strong -fpic -fpie -O2 -D_LARGEFILE_SOURCE -D_FILE_OFFSET_BITS=64   -DZEND_ENABLE_STATIC_TSRMLS_CACHE=1 -DZEND_COMPILE_DL_EXT=1 -c /usr/src/php/ext/mysqli/mysqli_nonapi.c -o mysqli_nonapi.lo  -MMD -MF mysqli_nonapi.dep -MT mysqli_nonapi.lo
#11 313.8 /bin/bash /usr/src/php/ext/mysqli/libtool --mode=compile cc -I. -I/usr/src/php/ext/mysqli -I/usr/src/php/ext/mysqli/include -I/usr/src/php/ext/mysqli/main -I/usr/src/php/ext/mysqli -I/usr/local/include/php -I/usr/local/include/php/main -I/usr/local/include/php/TSRM -I/usr/local/include/php/Zend -I/usr/local/include/php/ext -I/usr/local/include/php/ext/date/lib  -fstack-protector-strong -fpic -fpie -O2 -D_LARGEFILE_SOURCE -D_FILE_OFFSET_BITS=64 -DHAVE_CONFIG_H  -fstack-protector-strong -fpic -fpie -O2 -D_LARGEFILE_SOURCE -D_FILE_OFFSET_BITS=64   -DZEND_ENABLE_STATIC_TSRMLS_CACHE=1 -DZEND_COMPILE_DL_EXT=1 -c /usr/src/php/ext/mysqli/mysqli_report.c -o mysqli_report.lo  -MMD -MF mysqli_report.dep -MT mysqli_report.lo
#11 314.0  cc -I. -I/usr/src/php/ext/mysqli -I/usr/src/php/ext/mysqli/include -I/usr/src/php/ext/mysqli/main -I/usr/src/php/ext/mysqli -I/usr/local/include/php -I/usr/local/include/php/main -I/usr/local/include/php/TSRM -I/usr/local/include/php/Zend -I/usr/local/include/php/ext -I/usr/local/include/php/ext/date/lib -fstack-protector-strong -fpic -fpie -O2 -D_LARGEFILE_SOURCE -D_FILE_OFFSET_BITS=64 -DHAVE_CONFIG_H -fstack-protector-strong -fpic -fpie -O2 -D_LARGEFILE_SOURCE -D_FILE_OFFSET_BITS=64 -DZEND_ENABLE_STATIC_TSRMLS_CACHE=1 -DZEND_COMPILE_DL_EXT=1 -c /usr/src/php/ext/mysqli/mysqli_nonapi.c -MMD -MF mysqli_nonapi.dep -MT mysqli_nonapi.lo  -fPIC -DPIC -o .libs/mysqli_nonapi.o
#11 314.6  cc -I. -I/usr/src/php/ext/mysqli -I/usr/src/php/ext/mysqli/include -I/usr/src/php/ext/mysqli/main -I/usr/src/php/ext/mysqli -I/usr/local/include/php -I/usr/local/include/php/main -I/usr/local/include/php/TSRM -I/usr/local/include/php/Zend -I/usr/local/include/php/ext -I/usr/local/include/php/ext/date/lib -fstack-protector-strong -fpic -fpie -O2 -D_LARGEFILE_SOURCE -D_FILE_OFFSET_BITS=64 -DHAVE_CONFIG_H -fstack-protector-strong -fpic -fpie -O2 -D_LARGEFILE_SOURCE -D_FILE_OFFSET_BITS=64 -DZEND_ENABLE_STATIC_TSRMLS_CACHE=1 -DZEND_COMPILE_DL_EXT=1 -c /usr/src/php/ext/mysqli/mysqli_report.c -MMD -MF mysqli_report.dep -MT mysqli_report.lo  -fPIC -DPIC -o .libs/mysqli_report.o
#11 315.2 /bin/bash /usr/src/php/ext/mysqli/libtool --mode=compile cc -I. -I/usr/src/php/ext/mysqli -I/usr/src/php/ext/mysqli/include -I/usr/src/php/ext/mysqli/main -I/usr/src/php/ext/mysqli -I/usr/local/include/php -I/usr/local/include/php/main -I/usr/local/include/php/TSRM -I/usr/local/include/php/Zend -I/usr/local/include/php/ext -I/usr/local/include/php/ext/date/lib  -fstack-protector-strong -fpic -fpie -O2 -D_LARGEFILE_SOURCE -D_FILE_OFFSET_BITS=64 -DHAVE_CONFIG_H  -fstack-protector-strong -fpic -fpie -O2 -D_LARGEFILE_SOURCE -D_FILE_OFFSET_BITS=64   -DZEND_ENABLE_STATIC_TSRMLS_CACHE=1 -DZEND_COMPILE_DL_EXT=1 -c /usr/src/php/ext/mysqli/mysqli_driver.c -o mysqli_driver.lo  -MMD -MF mysqli_driver.dep -MT mysqli_driver.lo
#11 316.1  cc -I. -I/usr/src/php/ext/mysqli -I/usr/src/php/ext/mysqli/include -I/usr/src/php/ext/mysqli/main -I/usr/src/php/ext/mysqli -I/usr/local/include/php -I/usr/local/include/php/main -I/usr/local/include/php/TSRM -I/usr/local/include/php/Zend -I/usr/local/include/php/ext -I/usr/local/include/php/ext/date/lib -fstack-protector-strong -fpic -fpie -O2 -D_LARGEFILE_SOURCE -D_FILE_OFFSET_BITS=64 -DHAVE_CONFIG_H -fstack-protector-strong -fpic -fpie -O2 -D_LARGEFILE_SOURCE -D_FILE_OFFSET_BITS=64 -DZEND_ENABLE_STATIC_TSRMLS_CACHE=1 -DZEND_COMPILE_DL_EXT=1 -c /usr/src/php/ext/mysqli/mysqli_driver.c -MMD -MF mysqli_driver.dep -MT mysqli_driver.lo  -fPIC -DPIC -o .libs/mysqli_driver.o
#11 317.0 /bin/bash /usr/src/php/ext/mysqli/libtool --mode=compile cc -I. -I/usr/src/php/ext/mysqli -I/usr/src/php/ext/mysqli/include -I/usr/src/php/ext/mysqli/main -I/usr/src/php/ext/mysqli -I/usr/local/include/php -I/usr/local/include/php/main -I/usr/local/include/php/TSRM -I/usr/local/include/php/Zend -I/usr/local/include/php/ext -I/usr/local/include/php/ext/date/lib  -fstack-protector-strong -fpic -fpie -O2 -D_LARGEFILE_SOURCE -D_FILE_OFFSET_BITS=64 -DHAVE_CONFIG_H  -fstack-protector-strong -fpic -fpie -O2 -D_LARGEFILE_SOURCE -D_FILE_OFFSET_BITS=64   -DZEND_ENABLE_STATIC_TSRMLS_CACHE=1 -DZEND_COMPILE_DL_EXT=1 -c /usr/src/php/ext/mysqli/mysqli_warning.c -o mysqli_warning.lo  -MMD -MF mysqli_warning.dep -MT mysqli_warning.lo
#11 317.2 /bin/bash /usr/src/php/ext/mysqli/libtool --mode=compile cc -I. -I/usr/src/php/ext/mysqli -I/usr/src/php/ext/mysqli/include -I/usr/src/php/ext/mysqli/main -I/usr/src/php/ext/mysqli -I/usr/local/include/php -I/usr/local/include/php/main -I/usr/local/include/php/TSRM -I/usr/local/include/php/Zend -I/usr/local/include/php/ext -I/usr/local/include/php/ext/date/lib  -fstack-protector-strong -fpic -fpie -O2 -D_LARGEFILE_SOURCE -D_FILE_OFFSET_BITS=64 -DHAVE_CONFIG_H  -fstack-protector-strong -fpic -fpie -O2 -D_LARGEFILE_SOURCE -D_FILE_OFFSET_BITS=64   -DZEND_ENABLE_STATIC_TSRMLS_CACHE=1 -DZEND_COMPILE_DL_EXT=1 -c /usr/src/php/ext/mysqli/mysqli_exception.c -o mysqli_exception.lo  -MMD -MF mysqli_exception.dep -MT mysqli_exception.lo
#11 317.6  cc -I. -I/usr/src/php/ext/mysqli -I/usr/src/php/ext/mysqli/include -I/usr/src/php/ext/mysqli/main -I/usr/src/php/ext/mysqli -I/usr/local/include/php -I/usr/local/include/php/main -I/usr/local/include/php/TSRM -I/usr/local/include/php/Zend -I/usr/local/include/php/ext -I/usr/local/include/php/ext/date/lib -fstack-protector-strong -fpic -fpie -O2 -D_LARGEFILE_SOURCE -D_FILE_OFFSET_BITS=64 -DHAVE_CONFIG_H -fstack-protector-strong -fpic -fpie -O2 -D_LARGEFILE_SOURCE -D_FILE_OFFSET_BITS=64 -DZEND_ENABLE_STATIC_TSRMLS_CACHE=1 -DZEND_COMPILE_DL_EXT=1 -c /usr/src/php/ext/mysqli/mysqli_warning.c -MMD -MF mysqli_warning.dep -MT mysqli_warning.lo  -fPIC -DPIC -o .libs/mysqli_warning.o
#11 317.8  cc -I. -I/usr/src/php/ext/mysqli -I/usr/src/php/ext/mysqli/include -I/usr/src/php/ext/mysqli/main -I/usr/src/php/ext/mysqli -I/usr/local/include/php -I/usr/local/include/php/main -I/usr/local/include/php/TSRM -I/usr/local/include/php/Zend -I/usr/local/include/php/ext -I/usr/local/include/php/ext/date/lib -fstack-protector-strong -fpic -fpie -O2 -D_LARGEFILE_SOURCE -D_FILE_OFFSET_BITS=64 -DHAVE_CONFIG_H -fstack-protector-strong -fpic -fpie -O2 -D_LARGEFILE_SOURCE -D_FILE_OFFSET_BITS=64 -DZEND_ENABLE_STATIC_TSRMLS_CACHE=1 -DZEND_COMPILE_DL_EXT=1 -c /usr/src/php/ext/mysqli/mysqli_exception.c -MMD -MF mysqli_exception.dep -MT mysqli_exception.lo  -fPIC -DPIC -o .libs/mysqli_exception.o
#11 318.4 /bin/bash /usr/src/php/ext/mysqli/libtool --mode=compile cc -I. -I/usr/src/php/ext/mysqli -I/usr/src/php/ext/mysqli/include -I/usr/src/php/ext/mysqli/main -I/usr/src/php/ext/mysqli -I/usr/local/include/php -I/usr/local/include/php/main -I/usr/local/include/php/TSRM -I/usr/local/include/php/Zend -I/usr/local/include/php/ext -I/usr/local/include/php/ext/date/lib  -fstack-protector-strong -fpic -fpie -O2 -D_LARGEFILE_SOURCE -D_FILE_OFFSET_BITS=64 -DHAVE_CONFIG_H  -fstack-protector-strong -fpic -fpie -O2 -D_LARGEFILE_SOURCE -D_FILE_OFFSET_BITS=64   -DZEND_ENABLE_STATIC_TSRMLS_CACHE=1 -DZEND_COMPILE_DL_EXT=1 -c /usr/src/php/ext/mysqli/mysqli_result_iterator.c -o mysqli_result_iterator.lo  -MMD -MF mysqli_result_iterator.dep -MT mysqli_result_iterator.lo
#11 319.8  cc -I. -I/usr/src/php/ext/mysqli -I/usr/src/php/ext/mysqli/include -I/usr/src/php/ext/mysqli/main -I/usr/src/php/ext/mysqli -I/usr/local/include/php -I/usr/local/include/php/main -I/usr/local/include/php/TSRM -I/usr/local/include/php/Zend -I/usr/local/include/php/ext -I/usr/local/include/php/ext/date/lib -fstack-protector-strong -fpic -fpie -O2 -D_LARGEFILE_SOURCE -D_FILE_OFFSET_BITS=64 -DHAVE_CONFIG_H -fstack-protector-strong -fpic -fpie -O2 -D_LARGEFILE_SOURCE -D_FILE_OFFSET_BITS=64 -DZEND_ENABLE_STATIC_TSRMLS_CACHE=1 -DZEND_COMPILE_DL_EXT=1 -c /usr/src/php/ext/mysqli/mysqli_result_iterator.c -MMD -MF mysqli_result_iterator.dep -MT mysqli_result_iterator.lo  -fPIC -DPIC -o .libs/mysqli_result_iterator.o
#11 320.7 /bin/bash /usr/src/php/ext/mysqli/libtool --mode=link cc -shared -I/usr/src/php/ext/mysqli/include -I/usr/src/php/ext/mysqli/main -I/usr/src/php/ext/mysqli -I/usr/local/include/php -I/usr/local/include/php/main -I/usr/local/include/php/TSRM -I/usr/local/include/php/Zend -I/usr/local/include/php/ext -I/usr/local/include/php/ext/date/lib  -fstack-protector-strong -fpic -fpie -O2 -D_LARGEFILE_SOURCE -D_FILE_OFFSET_BITS=64 -DHAVE_CONFIG_H  -fstack-protector-strong -fpic -fpie -O2 -D_LARGEFILE_SOURCE -D_FILE_OFFSET_BITS=64  -Wl,-O1 -pie  -o mysqli.la -export-dynamic -avoid-version -prefer-pic -module -rpath /usr/src/php/ext/mysqli/modules  mysqli.lo mysqli_api.lo mysqli_prop.lo mysqli_nonapi.lo mysqli_report.lo mysqli_driver.lo mysqli_warning.lo mysqli_exception.lo mysqli_result_iterator.lo 
#11 321.9 cc -shared  .libs/mysqli.o .libs/mysqli_api.o .libs/mysqli_prop.o .libs/mysqli_nonapi.o .libs/mysqli_report.o .libs/mysqli_driver.o .libs/mysqli_warning.o .libs/mysqli_exception.o .libs/mysqli_result_iterator.o   -Wl,-O1 -Wl,-soname -Wl,mysqli.so -o .libs/mysqli.so
#11 322.1 creating mysqli.la
#11 322.2 (cd .libs && rm -f mysqli.la && ln -s ../mysqli.la mysqli.la)
#11 322.2 /bin/bash /usr/src/php/ext/mysqli/libtool --mode=install cp ./mysqli.la /usr/src/php/ext/mysqli/modules
#11 322.4 cp ./.libs/mysqli.so /usr/src/php/ext/mysqli/modules/mysqli.so
#11 322.4 cp ./.libs/mysqli.lai /usr/src/php/ext/mysqli/modules/mysqli.la
#11 322.5 PATH="$PATH:/sbin" ldconfig -n /usr/src/php/ext/mysqli/modules
#11 322.5 ----------------------------------------------------------------------
#11 322.5 Libraries have been installed in:
#11 322.5    /usr/src/php/ext/mysqli/modules
#11 322.5 
#11 322.5 If you ever happen to want to link against installed libraries
#11 322.5 in a given directory, LIBDIR, you must either use libtool, and
#11 322.5 specify the full pathname of the library, or use the `-LLIBDIR'
#11 322.5 flag during linking and do at least one of the following:
#11 322.5    - add LIBDIR to the `LD_LIBRARY_PATH' environment variable
#11 322.5      during execution
#11 322.5    - add LIBDIR to the `LD_RUN_PATH' environment variable
#11 322.5      during linking
#11 322.5    - use the `-Wl,--rpath -Wl,LIBDIR' linker flag
#11 322.5    - have your system administrator add LIBDIR to `/etc/ld.so.conf'
#11 322.5 
#11 322.5 See any operating system documentation about shared libraries for
#11 322.5 more information, such as the ld(1) and ld.so(8) manual pages.
#11 322.5 ----------------------------------------------------------------------
#11 322.5 
#11 322.5 Build complete.
#11 322.5 Don't forget to run 'make test'.
#11 322.6 
#11 322.7 + strip --strip-all modules/mysqli.so
#11 322.8 Installing shared extensions:     /usr/local/lib/php/extensions/no-debug-non-zts-20210902/
#11 323.0 Installing header files:          /usr/local/include/php/
#11 323.5 find . -name \*.gcno -o -name \*.gcda | xargs rm -f
#11 323.5 find . -name \*.lo -o -name \*.o -o -name \*.dep | xargs rm -f
#11 323.5 find . -name \*.la -o -name \*.a | xargs rm -f
#11 323.5 find . -name \*.so | xargs rm -f
#11 323.5 find . -name .libs -a -type d|xargs rm -rf
#11 323.6 rm -f libphp.la      modules/* libs/*
#11 323.6 rm -f ext/opcache/jit/zend_jit_x86.c
#11 323.6 rm -f ext/opcache/jit/zend_jit_arm64.c
#11 323.6 rm -f ext/opcache/minilua
#11 DONE 328.0s

#12 [stage-0 5/9] COPY --from=composer:2 /usr/bin/composer /usr/local/bin/composer
#12 DONE 0.2s

#13 [stage-0 6/9] WORKDIR /app
#13 DONE 0.3s

#14 [stage-0 7/9] COPY composer.json composer.lock ./
#14 DONE 0.1s

#15 [stage-0 8/9] RUN composer install --no-interaction --no-progress --prefer-dist     && composer check-platform-reqs
#15 1.176 Installing dependencies from lock file (including require-dev)
#15 1.180 Verifying lock file contents can be installed on current platform.
#15 2.314 Package operations: 38 installs, 0 updates, 0 removals
#15 2.364   - Downloading symfony/process (v6.4.46)
#15 2.366   - Downloading psr/log (3.0.2)
#15 2.366   - Downloading k-kinzal/testcontainers-php (v0.5.1)
#15 2.394   - Downloading symfony/polyfill-php80 (v1.33.0)
#15 2.394   - Downloading symfony/polyfill-mbstring (v1.33.0)
#15 2.394   - Downloading phpmyadmin/sql-parser (5.11.1)
#15 2.394   - Downloading k-kinzal/ztd-query-core (dev-main f5ab3f0)
#15 2.394   - Downloading k-kinzal/ztd-query-mysql (dev-main 969eb5d)
#15 2.394   - Downloading k-kinzal/ztd-query-mysqli-adapter (dev-main 3fe31d5)
#15 2.394   - Downloading k-kinzal/ztd-query-pdo-adapter (dev-main 3ed255a)
#15 2.394   - Downloading k-kinzal/ztd-query-postgres (dev-main 02bcf6d)
#15 2.394   - Downloading k-kinzal/ztd-query-sqlite (dev-main 542d262)
#15 2.394   - Downloading sebastian/version (4.0.1)
#15 2.394   - Downloading sebastian/type (4.0.0)
#15 2.394   - Downloading sebastian/recursion-context (5.0.2)
#15 2.394   - Downloading sebastian/object-reflector (3.0.0)
#15 2.394   - Downloading sebastian/object-enumerator (5.0.0)
#15 2.394   - Downloading sebastian/global-state (6.0.2)
#15 2.394   - Downloading sebastian/exporter (5.1.4)
#15 2.394   - Downloading sebastian/environment (6.1.0)
#15 2.394   - Downloading sebastian/diff (5.1.1)
#15 2.394   - Downloading sebastian/comparator (5.0.5)
#15 2.397   - Downloading sebastian/code-unit (2.0.0)
#15 2.397   - Downloading sebastian/cli-parser (2.0.1)
#15 2.404   - Downloading phpunit/php-timer (6.0.0)
#15 2.404   - Downloading phpunit/php-text-template (3.0.1)
#15 2.404   - Downloading phpunit/php-invoker (4.0.0)
#15 2.404   - Downloading phpunit/php-file-iterator (4.1.0)
#15 2.404   - Downloading theseer/tokenizer (1.3.1)
#15 2.405   - Downloading nikic/php-parser (v5.7.0)
#15 2.413   - Downloading sebastian/lines-of-code (2.0.2)
#15 2.416   - Downloading sebastian/complexity (3.2.0)
#15 2.417   - Downloading sebastian/code-unit-reverse-lookup (3.0.0)
#15 2.425   - Downloading phpunit/php-code-coverage (10.1.16)
#15 2.425   - Downloading phar-io/version (3.2.1)
#15 2.425   - Downloading phar-io/manifest (2.0.4)
#15 2.438   - Downloading myclabs/deep-copy (1.14.0)
#15 2.441   - Downloading phpunit/phpunit (10.5.65)
#15 6.897   - Installing symfony/process (v6.4.46): Extracting archive
#15 6.897   - Installing psr/log (3.0.2): Extracting archive
#15 6.897   - Installing k-kinzal/testcontainers-php (v0.5.1): Extracting archive
#15 6.897   - Installing symfony/polyfill-php80 (v1.33.0): Extracting archive
#15 6.942   - Installing symfony/polyfill-mbstring (v1.33.0): Extracting archive
#15 6.982   - Installing phpmyadmin/sql-parser (5.11.1): Extracting archive
#15 6.982   - Installing k-kinzal/ztd-query-core (dev-main f5ab3f0): Extracting archive
#15 6.988   - Installing k-kinzal/ztd-query-mysql (dev-main 969eb5d): Extracting archive
#15 7.000   - Installing k-kinzal/ztd-query-mysqli-adapter (dev-main 3fe31d5): Extracting archive
#15 7.046   - Installing k-kinzal/ztd-query-pdo-adapter (dev-main 3ed255a): Extracting archive
#15 7.056   - Installing k-kinzal/ztd-query-postgres (dev-main 02bcf6d): Extracting archive
#15 7.069   - Installing k-kinzal/ztd-query-sqlite (dev-main 542d262): Extracting archive
#15 7.073   - Installing sebastian/version (4.0.1): Extracting archive
#15 7.073   - Installing sebastian/type (4.0.0): Extracting archive
#15 7.073   - Installing sebastian/recursion-context (5.0.2): Extracting archive
#15 7.075   - Installing sebastian/object-reflector (3.0.0): Extracting archive
#15 7.075   - Installing sebastian/object-enumerator (5.0.0): Extracting archive
#15 7.080   - Installing sebastian/global-state (6.0.2): Extracting archive
#15 7.082   - Installing sebastian/exporter (5.1.4): Extracting archive
#15 7.083   - Installing sebastian/environment (6.1.0): Extracting archive
#15 7.084   - Installing sebastian/diff (5.1.1): Extracting archive
#15 7.084   - Installing sebastian/comparator (5.0.5): Extracting archive
#15 7.084   - Installing sebastian/code-unit (2.0.0): Extracting archive
#15 7.088   - Installing sebastian/cli-parser (2.0.1): Extracting archive
#15 7.088   - Installing phpunit/php-timer (6.0.0): Extracting archive
#15 7.088   - Installing phpunit/php-text-template (3.0.1): Extracting archive
#15 7.088   - Installing phpunit/php-invoker (4.0.0): Extracting archive
#15 7.107   - Installing phpunit/php-file-iterator (4.1.0): Extracting archive
#15 7.127   - Installing theseer/tokenizer (1.3.1): Extracting archive
#15 7.131   - Installing nikic/php-parser (v5.7.0): Extracting archive
#15 7.131   - Installing sebastian/lines-of-code (2.0.2): Extracting archive
#15 7.134   - Installing sebastian/complexity (3.2.0): Extracting archive
#15 7.134   - Installing sebastian/code-unit-reverse-lookup (3.0.0): Extracting archive
#15 7.135   - Installing phpunit/php-code-coverage (10.1.16): Extracting archive
#15 7.135   - Installing phar-io/version (3.2.1): Extracting archive
#15 7.142   - Installing phar-io/manifest (2.0.4): Extracting archive
#15 7.142   - Installing myclabs/deep-copy (1.14.0): Extracting archive
#15 7.142   - Installing phpunit/phpunit (10.5.65): Extracting archive
#15 14.27 Generating autoload files
#15 15.71 28 packages you are using are looking for funding.
#15 15.71 Use the `composer fund` command to find out more!
#15 17.92 Checking platform requirements for packages in the vendor dir
#15 17.96 ext-ctype     8.1.34     success                                       
#15 17.96 ext-dom       20031129   success                                       
#15 17.96 ext-filter    8.1.34     success                                       
#15 17.96 ext-iconv     8.1.34     success                                       
#15 17.96 ext-json      8.1.34     success                                       
#15 17.96 ext-libxml    8.1.34     success                                       
#15 17.96 ext-mbstring  *          success provided by symfony/polyfill-mbstring 
#15 17.96 ext-mysqli    8.1.34     success                                       
#15 17.96 ext-pdo       8.1.34     success                                       
#15 17.96 ext-phar      8.1.34     success                                       
#15 17.96 ext-tokenizer 8.1.34     success                                       
#15 17.96 ext-xmlwriter 8.1.34     success                                       
#15 17.96 php           8.1.34     success                                       
#15 DONE 18.7s

#16 [stage-0 9/9] COPY . .
#16 DONE 18.5s

#17 exporting to image
#17 exporting layers
#17 exporting layers 35.3s done
#17 exporting manifest sha256:cf00ff2d99531504dfce455355e9a0b3e54fa8efee450dc19c8b40e5b83835b0
#17 exporting manifest sha256:cf00ff2d99531504dfce455355e9a0b3e54fa8efee450dc19c8b40e5b83835b0 1.5s done
#17 exporting config sha256:477e640c843d03df8fca77aefd262d4ecf7c2a2c8cc84c8af4eae60733cc126f
#17 exporting config sha256:477e640c843d03df8fca77aefd262d4ecf7c2a2c8cc84c8af4eae60733cc126f 0.1s done
#17 exporting attestation manifest sha256:42189a3742c243e9e5ff4e388b600469d51dac792d7dfaa32e53ab1f7e8e0fc8 0.1s done
#17 exporting manifest list sha256:94807629c0bd0cd74f208fff2cb8e310ba2e79ed534f4b5dd3083e6178a9ebba
#17 exporting manifest list sha256:94807629c0bd0cd74f208fff2cb8e310ba2e79ed534f4b5dd3083e6178a9ebba 0.2s done
#17 naming to docker.io/library/ztd-scenario-matrix:20260927t045734458885z-php8.1-sqlite3.46.1
#17 naming to docker.io/library/ztd-scenario-matrix:20260927t045734458885z-php8.1-sqlite3.46.1 0.0s done
#17 unpacking to docker.io/library/ztd-scenario-matrix:20260927t045734458885z-php8.1-sqlite3.46.1
#17 unpacking to docker.io/library/ztd-scenario-matrix:20260927t045734458885z-php8.1-sqlite3.46.1 10.6s done
#17 DONE 48.2s

#18 resolving provenance for metadata file
#18 DONE 0.2s
 Image ztd-scenario-matrix:20260927t045734458885z-php8.1-sqlite3.46.1 Built 
