 Image ztd-scenario-matrix:php8.5-sqlitesystem Building 
#1 [internal] load local bake definitions
#1 reading from stdin 851B done
#1 DONE 0.0s

#2 [internal] load build definition from Dockerfile
#2 transferring dockerfile: 1.50kB 0.0s done
#2 DONE 0.1s

#3 [internal] load metadata for docker.io/library/php:8.5-cli-bookworm
#3 ...

#4 [internal] load metadata for docker.io/library/composer:2
#4 DONE 1.1s

#3 [internal] load metadata for docker.io/library/php:8.5-cli-bookworm
#3 DONE 1.4s

#5 FROM docker.io/library/composer:2@sha256:9715c7f69044da2a212a5fbde29ee7da24e364d426560ae6367b060236f847d7
#5 resolve docker.io/library/composer:2@sha256:9715c7f69044da2a212a5fbde29ee7da24e364d426560ae6367b060236f847d7 0.4s done
#5 CACHED

#6 [internal] load .dockerignore
#6 transferring context: 138B 0.0s done
#6 DONE 0.1s

#7 [internal] load build context
#7 ...

#8 [stage-0 1/9] FROM docker.io/library/php:8.5-cli-bookworm@sha256:d551e79d694fd91c4fdf34c4adcc52dd2042a064b881e25c319b2533ead0682c
#8 resolve docker.io/library/php:8.5-cli-bookworm@sha256:d551e79d694fd91c4fdf34c4adcc52dd2042a064b881e25c319b2533ead0682c 0.1s done
#8 DONE 0.2s

#7 [internal] load build context
#7 transferring context: 16.72MB 2.4s done
#7 DONE 2.5s

#9 [stage-0 2/9] RUN apt-get update && apt-get install -y     git     unzip     libpq-dev     libsqlite3-dev     && rm -rf /var/lib/apt/lists/*
#9 CACHED

#10 [stage-0 3/9] COPY docker/install-sqlite.sh /tmp/install-sqlite.sh
#10 DONE 0.2s

#11 [stage-0 4/9] RUN sh /tmp/install-sqlite.sh     && docker-php-ext-install -j2         pdo_mysql         pdo_pgsql         mysqli     && php -r '$v = (new PDO("sqlite::memory:"))->query("SELECT sqlite_version()")->fetchColumn(); if (getenv("SQLITE_VERSION") !== "system" && $v !== getenv("SQLITE_VERSION")) { fwrite(STDERR, "Wrong PDO SQLite: $v\n"); exit(1); } if (SQLite3::version()["versionString"] !== $v) { exit(1); }'     && rm /tmp/install-sqlite.sh
#11 7.528 Configuring for:
#11 7.528 PHP Version:             8.5
#11 7.528 PHP Api Version:         20250925
#11 7.528 Zend Module Api No:      20250925
#11 7.528 Zend Extension Api No:   420250925
#11 10.46 checking for grep that handles long lines and -e... /usr/bin/grep
#11 10.47 checking for egrep... /usr/bin/grep -E
#11 10.47 checking for a sed that does not truncate output... /usr/bin/sed
#11 10.57 checking build system type... aarch64-unknown-linux-gnu
#11 10.59 checking host system type... aarch64-unknown-linux-gnu
#11 10.59 checking target system type... aarch64-unknown-linux-gnu
#11 10.67 shtool:echo:Warning: unable to determine terminal sequence for bold mode
#11 10.79 shtool:echo:Warning: unable to determine terminal sequence for bold mode
#11 10.82 checking for gawk... no
#11 10.82 checking for nawk... nawk
#11 10.82 checking if nawk is broken... no
#11 10.82 checking for pkg-config... /usr/bin/pkg-config
#11 10.83 checking pkg-config is at least version 0.9.0... yes
#11 10.85 checking for cc... cc
#11 10.93 checking whether the C compiler works... yes
#11 11.18 checking for C compiler default output file name... a.out
#11 11.19 checking for suffix of executables... 
#11 11.32 checking whether we are cross compiling... no
#11 11.51 checking for suffix of object files... o
#11 11.61 checking whether the compiler supports GNU C... yes
#11 11.67 checking whether cc accepts -g... yes
#11 11.74 checking for cc option to enable C11 features... none needed
#11 11.91 checking how to run the C preprocessor... cc -E
#11 12.49 checking for icc... no
#11 12.56 checking for suncc... no
#11 12.67 checking for system library directory... lib
#11 12.67 checking if compiler supports -Wl,-rpath,... yes
#11 13.94 checking for PHP prefix... /usr/local
#11 13.94 checking for PHP includes... -I/usr/local/include/php -I/usr/local/include/php/main -I/usr/local/include/php/TSRM -I/usr/local/include/php/Zend -I/usr/local/include/php/ext -I/usr/local/include/php/ext/date/lib
#11 13.95 checking for PHP extension directory... /usr/local/lib/php/extensions/no-debug-non-zts-20250925
#11 13.95 checking for PHP installed headers prefix... /usr/local/include/php
#11 13.95 checking if debugging is enabled... no
#11 14.22 checking if PHP is built with thread safety (ZTS)... no
#11 14.27 
#11 14.27 Configuring extension
#11 14.27 checking for MySQL support for PDO... yes, shared
#11 14.27 checking for MySQL Unix socket location... 
#11 14.27 checking for PDO includes... /usr/local/include/php/ext
#11 14.29 
#11 14.29 Configuring libtool
#11 14.29 checking for a sed that does not truncate output... /usr/bin/sed
#11 14.30 checking for ld used by cc... /usr/bin/ld
#11 14.32 checking if the linker (/usr/bin/ld) is GNU ld... yes
#11 14.32 checking for /usr/bin/ld option to reload object files... -r
#11 14.33 checking for BSD-compatible nm... /usr/bin/nm -B
#11 14.35 checking whether ln -s works... yes
#11 14.35 checking how to recognize dependent libraries... pass_all
#11 14.35 checking for stdio.h... yes
#11 14.41 checking for stdlib.h... yes
#11 14.50 checking for string.h... yes
#11 14.66 checking for inttypes.h... yes
#11 14.80 checking for stdint.h... yes
#11 14.90 checking for strings.h... yes
#11 15.02 checking for sys/stat.h... yes
#11 15.63 checking for sys/types.h... yes
#11 15.74 checking for unistd.h... yes
#11 15.81 checking for dlfcn.h... yes
#11 15.87 checking the maximum length of command line arguments... 1572864
#11 15.89 checking command to parse /usr/bin/nm -B output from cc object... ok
#11 16.06 checking for objdir... .libs
#11 16.07 checking for ar... ar
#11 16.07 checking for ranlib... ranlib
#11 16.08 checking for strip... strip
#11 16.20 checking if cc supports -fno-rtti -fno-exceptions... no
#11 16.69 checking for cc option to produce PIC... -fPIC
#11 16.69 checking if cc PIC flag -fPIC works... yes
#11 16.81 checking if cc static flag -static works... yes
#11 17.25 checking if cc supports -c -o file.o... yes
#11 17.32 checking whether the cc linker (/usr/bin/ld) supports shared libraries... yes
#11 17.37 checking whether -lc should be explicitly linked in... no
#11 17.45 checking dynamic linker characteristics... GNU/Linux ld.so
#11 17.51 checking how to hardcode library paths into programs... immediate
#11 17.51 checking whether stripping libraries is possible... yes
#11 17.53 checking if libtool supports shared libraries... yes
#11 17.53 checking whether to build shared libraries... yes
#11 17.53 checking whether to build static libraries... no
#11 17.99 
#11 17.99 creating libtool
#11 18.05 appending configuration tag "CXX" to libtool
#11 18.07 
#11 18.07 Generating files
#11 18.13 configure: creating build directories
#11 18.24 configure: creating Makefile
#11 18.29 configure: patching config.h.in
#11 18.40 configure: creating ./config.status
#11 19.11 config.status: creating config.h
#11 19.86 /bin/bash /usr/src/php/ext/pdo_mysql/libtool --tag=CC --mode=compile cc -I. -I/usr/src/php/ext/pdo_mysql -I/usr/local/include/php -I/usr/local/include/php/main -I/usr/local/include/php/TSRM -I/usr/local/include/php/Zend -I/usr/local/include/php/ext -I/usr/local/include/php/ext/date/lib  -fstack-protector-strong -fpic -fpie -O2 -D_LARGEFILE_SOURCE -D_FILE_OFFSET_BITS=64 -DHAVE_CONFIG_H  -fstack-protector-strong -fpic -fpie -O2 -D_LARGEFILE_SOURCE -D_FILE_OFFSET_BITS=64 -D_GNU_SOURCE   -DZEND_ENABLE_STATIC_TSRMLS_CACHE=1 -DZEND_COMPILE_DL_EXT=1 -c /usr/src/php/ext/pdo_mysql/pdo_mysql.c -o pdo_mysql.lo  -MMD -MF pdo_mysql.dep -MT pdo_mysql.lo
#11 19.88 /bin/bash /usr/src/php/ext/pdo_mysql/libtool --tag=CC --mode=compile cc -I. -I/usr/src/php/ext/pdo_mysql -I/usr/local/include/php -I/usr/local/include/php/main -I/usr/local/include/php/TSRM -I/usr/local/include/php/Zend -I/usr/local/include/php/ext -I/usr/local/include/php/ext/date/lib  -fstack-protector-strong -fpic -fpie -O2 -D_LARGEFILE_SOURCE -D_FILE_OFFSET_BITS=64 -DHAVE_CONFIG_H  -fstack-protector-strong -fpic -fpie -O2 -D_LARGEFILE_SOURCE -D_FILE_OFFSET_BITS=64 -D_GNU_SOURCE   -DZEND_ENABLE_STATIC_TSRMLS_CACHE=1 -DZEND_COMPILE_DL_EXT=1 -c /usr/src/php/ext/pdo_mysql/mysql_driver.c -o mysql_driver.lo  -MMD -MF mysql_driver.dep -MT mysql_driver.lo
#11 20.38 mkdir .libs
#11 20.38  cc -I. -I/usr/src/php/ext/pdo_mysql -I/usr/local/include/php -I/usr/local/include/php/main -I/usr/local/include/php/TSRM -I/usr/local/include/php/Zend -I/usr/local/include/php/ext -I/usr/local/include/php/ext/date/lib -fstack-protector-strong -fpic -fpie -O2 -D_LARGEFILE_SOURCE -D_FILE_OFFSET_BITS=64 -DHAVE_CONFIG_H -fstack-protector-strong -fpic -fpie -O2 -D_LARGEFILE_SOURCE -D_FILE_OFFSET_BITS=64 -D_GNU_SOURCE -DZEND_ENABLE_STATIC_TSRMLS_CACHE=1 -DZEND_COMPILE_DL_EXT=1 -c /usr/src/php/ext/pdo_mysql/pdo_mysql.c -MMD -MF pdo_mysql.dep -MT pdo_mysql.lo  -fPIC -DPIC -o .libs/pdo_mysql.o
#11 20.43  cc -I. -I/usr/src/php/ext/pdo_mysql -I/usr/local/include/php -I/usr/local/include/php/main -I/usr/local/include/php/TSRM -I/usr/local/include/php/Zend -I/usr/local/include/php/ext -I/usr/local/include/php/ext/date/lib -fstack-protector-strong -fpic -fpie -O2 -D_LARGEFILE_SOURCE -D_FILE_OFFSET_BITS=64 -DHAVE_CONFIG_H -fstack-protector-strong -fpic -fpie -O2 -D_LARGEFILE_SOURCE -D_FILE_OFFSET_BITS=64 -D_GNU_SOURCE -DZEND_ENABLE_STATIC_TSRMLS_CACHE=1 -DZEND_COMPILE_DL_EXT=1 -c /usr/src/php/ext/pdo_mysql/mysql_driver.c -MMD -MF mysql_driver.dep -MT mysql_driver.lo  -fPIC -DPIC -o .libs/mysql_driver.o
#11 22.07 /bin/bash /usr/src/php/ext/pdo_mysql/libtool --tag=CC --mode=compile cc -I. -I/usr/src/php/ext/pdo_mysql -I/usr/local/include/php -I/usr/local/include/php/main -I/usr/local/include/php/TSRM -I/usr/local/include/php/Zend -I/usr/local/include/php/ext -I/usr/local/include/php/ext/date/lib  -fstack-protector-strong -fpic -fpie -O2 -D_LARGEFILE_SOURCE -D_FILE_OFFSET_BITS=64 -DHAVE_CONFIG_H  -fstack-protector-strong -fpic -fpie -O2 -D_LARGEFILE_SOURCE -D_FILE_OFFSET_BITS=64 -D_GNU_SOURCE   -DZEND_ENABLE_STATIC_TSRMLS_CACHE=1 -DZEND_COMPILE_DL_EXT=1 -c /usr/src/php/ext/pdo_mysql/mysql_statement.c -o mysql_statement.lo  -MMD -MF mysql_statement.dep -MT mysql_statement.lo
#11 22.23 /bin/bash /usr/src/php/ext/pdo_mysql/libtool --tag=CC --mode=compile cc -I. -I/usr/src/php/ext/pdo_mysql -I/usr/local/include/php -I/usr/local/include/php/main -I/usr/local/include/php/TSRM -I/usr/local/include/php/Zend -I/usr/local/include/php/ext -I/usr/local/include/php/ext/date/lib  -fstack-protector-strong -fpic -fpie -O2 -D_LARGEFILE_SOURCE -D_FILE_OFFSET_BITS=64 -DHAVE_CONFIG_H  -fstack-protector-strong -fpic -fpie -O2 -D_LARGEFILE_SOURCE -D_FILE_OFFSET_BITS=64 -D_GNU_SOURCE   -DZEND_ENABLE_STATIC_TSRMLS_CACHE=1 -DZEND_COMPILE_DL_EXT=1 -c /usr/src/php/ext/pdo_mysql/mysql_sql_parser.c -o mysql_sql_parser.lo  -MMD -MF mysql_sql_parser.dep -MT mysql_sql_parser.lo
#11 22.70  cc -I. -I/usr/src/php/ext/pdo_mysql -I/usr/local/include/php -I/usr/local/include/php/main -I/usr/local/include/php/TSRM -I/usr/local/include/php/Zend -I/usr/local/include/php/ext -I/usr/local/include/php/ext/date/lib -fstack-protector-strong -fpic -fpie -O2 -D_LARGEFILE_SOURCE -D_FILE_OFFSET_BITS=64 -DHAVE_CONFIG_H -fstack-protector-strong -fpic -fpie -O2 -D_LARGEFILE_SOURCE -D_FILE_OFFSET_BITS=64 -D_GNU_SOURCE -DZEND_ENABLE_STATIC_TSRMLS_CACHE=1 -DZEND_COMPILE_DL_EXT=1 -c /usr/src/php/ext/pdo_mysql/mysql_statement.c -MMD -MF mysql_statement.dep -MT mysql_statement.lo  -fPIC -DPIC -o .libs/mysql_statement.o
#11 23.30  cc -I. -I/usr/src/php/ext/pdo_mysql -I/usr/local/include/php -I/usr/local/include/php/main -I/usr/local/include/php/TSRM -I/usr/local/include/php/Zend -I/usr/local/include/php/ext -I/usr/local/include/php/ext/date/lib -fstack-protector-strong -fpic -fpie -O2 -D_LARGEFILE_SOURCE -D_FILE_OFFSET_BITS=64 -DHAVE_CONFIG_H -fstack-protector-strong -fpic -fpie -O2 -D_LARGEFILE_SOURCE -D_FILE_OFFSET_BITS=64 -D_GNU_SOURCE -DZEND_ENABLE_STATIC_TSRMLS_CACHE=1 -DZEND_COMPILE_DL_EXT=1 -c /usr/src/php/ext/pdo_mysql/mysql_sql_parser.c -MMD -MF mysql_sql_parser.dep -MT mysql_sql_parser.lo  -fPIC -DPIC -o .libs/mysql_sql_parser.o
#11 25.38 /bin/bash /usr/src/php/ext/pdo_mysql/libtool --tag=CC --mode=link cc -shared -I/usr/local/include/php -I/usr/local/include/php/main -I/usr/local/include/php/TSRM -I/usr/local/include/php/Zend -I/usr/local/include/php/ext -I/usr/local/include/php/ext/date/lib  -fstack-protector-strong -fpic -fpie -O2 -D_LARGEFILE_SOURCE -D_FILE_OFFSET_BITS=64 -DHAVE_CONFIG_H  -fstack-protector-strong -fpic -fpie -O2 -D_LARGEFILE_SOURCE -D_FILE_OFFSET_BITS=64 -D_GNU_SOURCE  -Wl,-O1 -pie  -o pdo_mysql.la -export-dynamic -avoid-version -prefer-pic -module -rpath /usr/src/php/ext/pdo_mysql/modules  pdo_mysql.lo mysql_driver.lo mysql_statement.lo mysql_sql_parser.lo 
#11 25.58 cc -shared  .libs/pdo_mysql.o .libs/mysql_driver.o .libs/mysql_statement.o .libs/mysql_sql_parser.o   -Wl,-O1 -Wl,-soname -Wl,pdo_mysql.so -o .libs/pdo_mysql.so
#11 25.64 creating pdo_mysql.la
#11 25.68 (cd .libs && rm -f pdo_mysql.la && ln -s ../pdo_mysql.la pdo_mysql.la)
#11 25.69 /bin/bash /usr/src/php/ext/pdo_mysql/libtool --tag=CC --mode=install cp ./pdo_mysql.la /usr/src/php/ext/pdo_mysql/modules
#11 25.75 cp ./.libs/pdo_mysql.so /usr/src/php/ext/pdo_mysql/modules/pdo_mysql.so
#11 25.76 cp ./.libs/pdo_mysql.lai /usr/src/php/ext/pdo_mysql/modules/pdo_mysql.la
#11 25.80 PATH="$PATH:/sbin" ldconfig -n /usr/src/php/ext/pdo_mysql/modules
#11 25.81 ----------------------------------------------------------------------
#11 25.81 Libraries have been installed in:
#11 25.81    /usr/src/php/ext/pdo_mysql/modules
#11 25.81 
#11 25.81 If you ever happen to want to link against installed libraries
#11 25.81 in a given directory, LIBDIR, you must either use libtool, and
#11 25.81 specify the full pathname of the library, or use the `-LLIBDIR'
#11 25.81 flag during linking and do at least one of the following:
#11 25.81    - add LIBDIR to the `LD_LIBRARY_PATH' environment variable
#11 25.81      during execution
#11 25.81    - add LIBDIR to the `LD_RUN_PATH' environment variable
#11 25.81      during linking
#11 25.81    - use the `-Wl,--rpath -Wl,LIBDIR' linker flag
#11 25.81    - have your system administrator add LIBDIR to `/etc/ld.so.conf'
#11 25.81 
#11 25.81 See any operating system documentation about shared libraries for
#11 25.81 more information, such as the ld(1) and ld.so(8) manual pages.
#11 25.81 ----------------------------------------------------------------------
#11 25.81 
#11 25.82 Build complete.
#11 25.82 Don't forget to run 'make test'.
#11 25.82 
#11 25.99 + strip --strip-all modules/pdo_mysql.so
#11 26.04 Installing shared extensions:     /usr/local/lib/php/extensions/no-debug-non-zts-20250925/
#11 26.24 find . -name \*.gcno -o -name \*.gcda | xargs rm -f
#11 26.26 find . -name \*.lo -o -name \*.o -o -name \*.dep | xargs rm -f
#11 26.28 find . -name \*.la -o -name \*.a | xargs rm -f
#11 26.28 find . -name \*.so | xargs rm -f
#11 26.29 find . -name .libs -a -type d|xargs rm -rf
#11 26.31 rm -f libphp.la        modules/* libs/*
#11 26.31 rm -f ext/opcache/jit/ir/gen_ir_fold_hash
#11 26.31 rm -f ext/opcache/jit/ir/minilua
#11 26.32 rm -f ext/opcache/jit/ir/ir_fold_hash.h
#11 26.32 rm -f ext/opcache/jit/ir/ir_emit_x86.h
#11 26.33 rm -f ext/opcache/jit/ir/ir_emit_aarch64.h
#11 26.41 Configuring for:
#11 26.41 PHP Version:             8.5
#11 26.41 PHP Api Version:         20250925
#11 26.41 Zend Module Api No:      20250925
#11 26.41 Zend Extension Api No:   420250925
#11 29.96 checking for grep that handles long lines and -e... /usr/bin/grep
#11 29.99 checking for egrep... /usr/bin/grep -E
#11 30.02 checking for a sed that does not truncate output... /usr/bin/sed
#11 30.67 checking build system type... aarch64-unknown-linux-gnu
#11 30.72 checking host system type... aarch64-unknown-linux-gnu
#11 30.72 checking target system type... aarch64-unknown-linux-gnu
#11 30.90 shtool:echo:Warning: unable to determine terminal sequence for bold mode
#11 31.26 shtool:echo:Warning: unable to determine terminal sequence for bold mode
#11 31.37 checking for gawk... no
#11 31.37 checking for nawk... nawk
#11 31.37 checking if nawk is broken... no
#11 31.39 checking for pkg-config... /usr/bin/pkg-config
#11 31.39 checking pkg-config is at least version 0.9.0... yes
#11 31.41 checking for cc... cc
#11 31.53 checking whether the C compiler works... yes
#11 31.66 checking for C compiler default output file name... a.out
#11 31.67 checking for suffix of executables... 
#11 31.84 checking whether we are cross compiling... no
#11 32.10 checking for suffix of object files... o
#11 32.30 checking whether the compiler supports GNU C... yes
#11 32.41 checking whether cc accepts -g... yes
#11 32.63 checking for cc option to enable C11 features... none needed
#11 32.93 checking how to run the C preprocessor... cc -E
#11 33.20 checking for icc... no
#11 33.38 checking for suncc... no
#11 33.44 checking for system library directory... lib
#11 33.44 checking if compiler supports -Wl,-rpath,... yes
#11 33.93 checking for PHP prefix... /usr/local
#11 33.93 checking for PHP includes... -I/usr/local/include/php -I/usr/local/include/php/main -I/usr/local/include/php/TSRM -I/usr/local/include/php/Zend -I/usr/local/include/php/ext -I/usr/local/include/php/ext/date/lib
#11 33.93 checking for PHP extension directory... /usr/local/lib/php/extensions/no-debug-non-zts-20250925
#11 33.93 checking for PHP installed headers prefix... /usr/local/include/php
#11 33.93 checking if debugging is enabled... no
#11 34.02 checking if PHP is built with thread safety (ZTS)... no
#11 34.11 
#11 34.11 Configuring extension
#11 34.11 checking for PostgreSQL support for PDO... yes, shared
#11 34.11 checking for libpq >= 10.0... yes
#11 34.27 checking for PQencryptPasswordConn in -lpq... yes
#11 34.65 checking for PQresultMemorySize in -lpq... yes
#11 35.06 checking for PQclosePrepared in -lpq... no
#11 35.29 checking for PQclosePortal in -lpq... no
#11 35.47 checking for PDO includes... /usr/local/include/php/ext
#11 35.51 
#11 35.51 Configuring libtool
#11 35.51 checking for a sed that does not truncate output... /usr/bin/sed
#11 35.52 checking for ld used by cc... /usr/bin/ld
#11 35.54 checking if the linker (/usr/bin/ld) is GNU ld... yes
#11 35.56 checking for /usr/bin/ld option to reload object files... -r
#11 35.56 checking for BSD-compatible nm... /usr/bin/nm -B
#11 35.58 checking whether ln -s works... yes
#11 35.58 checking how to recognize dependent libraries... pass_all
#11 35.59 checking for stdio.h... yes
#11 35.68 checking for stdlib.h... yes
#11 35.82 checking for string.h... yes
#11 36.04 checking for inttypes.h... yes
#11 36.16 checking for stdint.h... yes
#11 36.24 checking for strings.h... yes
#11 36.38 checking for sys/stat.h... yes
#11 36.92 checking for sys/types.h... yes
#11 37.51 checking for unistd.h... yes
#11 37.84 checking for dlfcn.h... yes
#11 38.07 checking the maximum length of command line arguments... 1572864
#11 38.16 checking command to parse /usr/bin/nm -B output from cc object... ok
#11 38.55 checking for objdir... .libs
#11 38.58 checking for ar... ar
#11 38.58 checking for ranlib... ranlib
#11 38.58 checking for strip... strip
#11 38.87 checking if cc supports -fno-rtti -fno-exceptions... no
#11 39.10 checking for cc option to produce PIC... -fPIC
#11 39.10 checking if cc PIC flag -fPIC works... yes
#11 39.33 checking if cc static flag -static works... yes
#11 39.92 checking if cc supports -c -o file.o... yes
#11 40.35 checking whether the cc linker (/usr/bin/ld) supports shared libraries... yes
#11 40.48 checking whether -lc should be explicitly linked in... no
#11 40.68 checking dynamic linker characteristics... GNU/Linux ld.so
#11 40.87 checking how to hardcode library paths into programs... immediate
#11 40.87 checking whether stripping libraries is possible... yes
#11 40.91 checking if libtool supports shared libraries... yes
#11 40.91 checking whether to build shared libraries... yes
#11 40.91 checking whether to build static libraries... no
#11 42.15 
#11 42.15 creating libtool
#11 42.28 appending configuration tag "CXX" to libtool
#11 42.29 
#11 42.29 Generating files
#11 42.33 configure: creating build directories
#11 42.38 configure: creating Makefile
#11 42.39 configure: patching config.h.in
#11 42.41 configure: creating ./config.status
#11 42.81 config.status: creating config.h
#11 43.00 /bin/bash /usr/src/php/ext/pdo_pgsql/libtool --tag=CC --mode=compile cc -I. -I/usr/src/php/ext/pdo_pgsql -I/usr/local/include/php -I/usr/local/include/php/main -I/usr/local/include/php/TSRM -I/usr/local/include/php/Zend -I/usr/local/include/php/ext -I/usr/local/include/php/ext/date/lib -I/usr/include/postgresql  -fstack-protector-strong -fpic -fpie -O2 -D_LARGEFILE_SOURCE -D_FILE_OFFSET_BITS=64 -DHAVE_CONFIG_H  -fstack-protector-strong -fpic -fpie -O2 -D_LARGEFILE_SOURCE -D_FILE_OFFSET_BITS=64 -D_GNU_SOURCE    -DZEND_COMPILE_DL_EXT=1 -c /usr/src/php/ext/pdo_pgsql/pdo_pgsql.c -o pdo_pgsql.lo  -MMD -MF pdo_pgsql.dep -MT pdo_pgsql.lo
#11 43.00 /bin/bash /usr/src/php/ext/pdo_pgsql/libtool --tag=CC --mode=compile cc -I. -I/usr/src/php/ext/pdo_pgsql -I/usr/local/include/php -I/usr/local/include/php/main -I/usr/local/include/php/TSRM -I/usr/local/include/php/Zend -I/usr/local/include/php/ext -I/usr/local/include/php/ext/date/lib -I/usr/include/postgresql  -fstack-protector-strong -fpic -fpie -O2 -D_LARGEFILE_SOURCE -D_FILE_OFFSET_BITS=64 -DHAVE_CONFIG_H  -fstack-protector-strong -fpic -fpie -O2 -D_LARGEFILE_SOURCE -D_FILE_OFFSET_BITS=64 -D_GNU_SOURCE    -DZEND_COMPILE_DL_EXT=1 -c /usr/src/php/ext/pdo_pgsql/pgsql_driver.c -o pgsql_driver.lo  -MMD -MF pgsql_driver.dep -MT pgsql_driver.lo
#11 43.44 mkdir .libs
#11 43.45  cc -I. -I/usr/src/php/ext/pdo_pgsql -I/usr/local/include/php -I/usr/local/include/php/main -I/usr/local/include/php/TSRM -I/usr/local/include/php/Zend -I/usr/local/include/php/ext -I/usr/local/include/php/ext/date/lib -I/usr/include/postgresql -fstack-protector-strong -fpic -fpie -O2 -D_LARGEFILE_SOURCE -D_FILE_OFFSET_BITS=64 -DHAVE_CONFIG_H -fstack-protector-strong -fpic -fpie -O2 -D_LARGEFILE_SOURCE -D_FILE_OFFSET_BITS=64 -D_GNU_SOURCE -DZEND_COMPILE_DL_EXT=1 -c /usr/src/php/ext/pdo_pgsql/pdo_pgsql.c -MMD -MF pdo_pgsql.dep -MT pdo_pgsql.lo  -fPIC -DPIC -o .libs/pdo_pgsql.o
#11 43.69  cc -I. -I/usr/src/php/ext/pdo_pgsql -I/usr/local/include/php -I/usr/local/include/php/main -I/usr/local/include/php/TSRM -I/usr/local/include/php/Zend -I/usr/local/include/php/ext -I/usr/local/include/php/ext/date/lib -I/usr/include/postgresql -fstack-protector-strong -fpic -fpie -O2 -D_LARGEFILE_SOURCE -D_FILE_OFFSET_BITS=64 -DHAVE_CONFIG_H -fstack-protector-strong -fpic -fpie -O2 -D_LARGEFILE_SOURCE -D_FILE_OFFSET_BITS=64 -D_GNU_SOURCE -DZEND_COMPILE_DL_EXT=1 -c /usr/src/php/ext/pdo_pgsql/pgsql_driver.c -MMD -MF pgsql_driver.dep -MT pgsql_driver.lo  -fPIC -DPIC -o .libs/pgsql_driver.o
#11 45.25 /bin/bash /usr/src/php/ext/pdo_pgsql/libtool --tag=CC --mode=compile cc -I. -I/usr/src/php/ext/pdo_pgsql -I/usr/local/include/php -I/usr/local/include/php/main -I/usr/local/include/php/TSRM -I/usr/local/include/php/Zend -I/usr/local/include/php/ext -I/usr/local/include/php/ext/date/lib -I/usr/include/postgresql  -fstack-protector-strong -fpic -fpie -O2 -D_LARGEFILE_SOURCE -D_FILE_OFFSET_BITS=64 -DHAVE_CONFIG_H  -fstack-protector-strong -fpic -fpie -O2 -D_LARGEFILE_SOURCE -D_FILE_OFFSET_BITS=64 -D_GNU_SOURCE    -DZEND_COMPILE_DL_EXT=1 -c /usr/src/php/ext/pdo_pgsql/pgsql_statement.c -o pgsql_statement.lo  -MMD -MF pgsql_statement.dep -MT pgsql_statement.lo
#11 45.89  cc -I. -I/usr/src/php/ext/pdo_pgsql -I/usr/local/include/php -I/usr/local/include/php/main -I/usr/local/include/php/TSRM -I/usr/local/include/php/Zend -I/usr/local/include/php/ext -I/usr/local/include/php/ext/date/lib -I/usr/include/postgresql -fstack-protector-strong -fpic -fpie -O2 -D_LARGEFILE_SOURCE -D_FILE_OFFSET_BITS=64 -DHAVE_CONFIG_H -fstack-protector-strong -fpic -fpie -O2 -D_LARGEFILE_SOURCE -D_FILE_OFFSET_BITS=64 -D_GNU_SOURCE -DZEND_COMPILE_DL_EXT=1 -c /usr/src/php/ext/pdo_pgsql/pgsql_statement.c -MMD -MF pgsql_statement.dep -MT pgsql_statement.lo  -fPIC -DPIC -o .libs/pgsql_statement.o
#11 46.77 /bin/bash /usr/src/php/ext/pdo_pgsql/libtool --tag=CC --mode=compile cc -I. -I/usr/src/php/ext/pdo_pgsql -I/usr/local/include/php -I/usr/local/include/php/main -I/usr/local/include/php/TSRM -I/usr/local/include/php/Zend -I/usr/local/include/php/ext -I/usr/local/include/php/ext/date/lib -I/usr/include/postgresql  -fstack-protector-strong -fpic -fpie -O2 -D_LARGEFILE_SOURCE -D_FILE_OFFSET_BITS=64 -DHAVE_CONFIG_H  -fstack-protector-strong -fpic -fpie -O2 -D_LARGEFILE_SOURCE -D_FILE_OFFSET_BITS=64 -D_GNU_SOURCE    -DZEND_COMPILE_DL_EXT=1 -c /usr/src/php/ext/pdo_pgsql/pgsql_sql_parser.c -o pgsql_sql_parser.lo  -MMD -MF pgsql_sql_parser.dep -MT pgsql_sql_parser.lo
#11 47.18  cc -I. -I/usr/src/php/ext/pdo_pgsql -I/usr/local/include/php -I/usr/local/include/php/main -I/usr/local/include/php/TSRM -I/usr/local/include/php/Zend -I/usr/local/include/php/ext -I/usr/local/include/php/ext/date/lib -I/usr/include/postgresql -fstack-protector-strong -fpic -fpie -O2 -D_LARGEFILE_SOURCE -D_FILE_OFFSET_BITS=64 -DHAVE_CONFIG_H -fstack-protector-strong -fpic -fpie -O2 -D_LARGEFILE_SOURCE -D_FILE_OFFSET_BITS=64 -D_GNU_SOURCE -DZEND_COMPILE_DL_EXT=1 -c /usr/src/php/ext/pdo_pgsql/pgsql_sql_parser.c -MMD -MF pgsql_sql_parser.dep -MT pgsql_sql_parser.lo  -fPIC -DPIC -o .libs/pgsql_sql_parser.o
#11 48.52 /bin/bash /usr/src/php/ext/pdo_pgsql/libtool --tag=CC --mode=link cc -shared -I/usr/local/include/php -I/usr/local/include/php/main -I/usr/local/include/php/TSRM -I/usr/local/include/php/Zend -I/usr/local/include/php/ext -I/usr/local/include/php/ext/date/lib -I/usr/include/postgresql  -fstack-protector-strong -fpic -fpie -O2 -D_LARGEFILE_SOURCE -D_FILE_OFFSET_BITS=64 -DHAVE_CONFIG_H  -fstack-protector-strong -fpic -fpie -O2 -D_LARGEFILE_SOURCE -D_FILE_OFFSET_BITS=64 -D_GNU_SOURCE  -Wl,-O1 -pie  -o pdo_pgsql.la -export-dynamic -avoid-version -prefer-pic -module -rpath /usr/src/php/ext/pdo_pgsql/modules  pdo_pgsql.lo pgsql_driver.lo pgsql_statement.lo pgsql_sql_parser.lo -lpq
#11 48.77 cc -shared  .libs/pdo_pgsql.o .libs/pgsql_driver.o .libs/pgsql_statement.o .libs/pgsql_sql_parser.o  -lpq  -Wl,-O1 -Wl,-soname -Wl,pdo_pgsql.so -o .libs/pdo_pgsql.so
#11 48.81 creating pdo_pgsql.la
#11 48.82 (cd .libs && rm -f pdo_pgsql.la && ln -s ../pdo_pgsql.la pdo_pgsql.la)
#11 48.82 /bin/bash /usr/src/php/ext/pdo_pgsql/libtool --tag=CC --mode=install cp ./pdo_pgsql.la /usr/src/php/ext/pdo_pgsql/modules
#11 48.87 cp ./.libs/pdo_pgsql.so /usr/src/php/ext/pdo_pgsql/modules/pdo_pgsql.so
#11 48.88 cp ./.libs/pdo_pgsql.lai /usr/src/php/ext/pdo_pgsql/modules/pdo_pgsql.la
#11 48.92 PATH="$PATH:/sbin" ldconfig -n /usr/src/php/ext/pdo_pgsql/modules
#11 48.92 ----------------------------------------------------------------------
#11 48.92 Libraries have been installed in:
#11 48.92    /usr/src/php/ext/pdo_pgsql/modules
#11 48.92 
#11 48.92 If you ever happen to want to link against installed libraries
#11 48.92 in a given directory, LIBDIR, you must either use libtool, and
#11 48.92 specify the full pathname of the library, or use the `-LLIBDIR'
#11 48.92 flag during linking and do at least one of the following:
#11 48.92    - add LIBDIR to the `LD_LIBRARY_PATH' environment variable
#11 48.92      during execution
#11 48.92    - add LIBDIR to the `LD_RUN_PATH' environment variable
#11 48.92      during linking
#11 48.92    - use the `-Wl,--rpath -Wl,LIBDIR' linker flag
#11 48.92    - have your system administrator add LIBDIR to `/etc/ld.so.conf'
#11 48.92 
#11 48.92 See any operating system documentation about shared libraries for
#11 48.92 more information, such as the ld(1) and ld.so(8) manual pages.
#11 48.93 ----------------------------------------------------------------------
#11 48.93 
#11 48.93 Build complete.
#11 48.94 Don't forget to run 'make test'.
#11 48.94 
#11 48.99 + strip --strip-all modules/pdo_pgsql.so
#11 49.07 Installing shared extensions:     /usr/local/lib/php/extensions/no-debug-non-zts-20250925/
#11 49.21 find . -name \*.gcno -o -name \*.gcda | xargs rm -f
#11 49.22 find . -name \*.lo -o -name \*.o -o -name \*.dep | xargs rm -f
#11 49.22 find . -name \*.la -o -name \*.a | xargs rm -f
#11 49.23 find . -name \*.so | xargs rm -f
#11 49.23 find . -name .libs -a -type d|xargs rm -rf
#11 49.24 rm -f libphp.la        modules/* libs/*
#11 49.24 rm -f ext/opcache/jit/ir/gen_ir_fold_hash
#11 49.25 rm -f ext/opcache/jit/ir/minilua
#11 49.25 rm -f ext/opcache/jit/ir/ir_fold_hash.h
#11 49.25 rm -f ext/opcache/jit/ir/ir_emit_x86.h
#11 49.26 rm -f ext/opcache/jit/ir/ir_emit_aarch64.h
#11 49.35 Configuring for:
#11 49.35 PHP Version:             8.5
#11 49.35 PHP Api Version:         20250925
#11 49.35 Zend Module Api No:      20250925
#11 49.35 Zend Extension Api No:   420250925
#11 50.59 checking for grep that handles long lines and -e... /usr/bin/grep
#11 50.60 checking for egrep... /usr/bin/grep -E
#11 50.60 checking for a sed that does not truncate output... /usr/bin/sed
#11 50.66 checking build system type... aarch64-unknown-linux-gnu
#11 50.67 checking host system type... aarch64-unknown-linux-gnu
#11 50.67 checking target system type... aarch64-unknown-linux-gnu
#11 50.72 shtool:echo:Warning: unable to determine terminal sequence for bold mode
#11 50.79 shtool:echo:Warning: unable to determine terminal sequence for bold mode
#11 50.81 checking for gawk... no
#11 50.81 checking for nawk... nawk
#11 50.81 checking if nawk is broken... no
#11 50.81 checking for pkg-config... /usr/bin/pkg-config
#11 50.81 checking pkg-config is at least version 0.9.0... yes
#11 50.82 checking for cc... cc
#11 50.86 checking whether the C compiler works... yes
#11 50.94 checking for C compiler default output file name... a.out
#11 50.94 checking for suffix of executables... 
#11 51.01 checking whether we are cross compiling... no
#11 51.10 checking for suffix of object files... o
#11 51.16 checking whether the compiler supports GNU C... yes
#11 51.20 checking whether cc accepts -g... yes
#11 51.24 checking for cc option to enable C11 features... none needed
#11 51.34 checking how to run the C preprocessor... cc -E
#11 51.46 checking for icc... no
#11 51.51 checking for suncc... no
#11 51.54 checking for system library directory... lib
#11 51.54 checking if compiler supports -Wl,-rpath,... yes
#11 51.72 checking for PHP prefix... /usr/local
#11 51.72 checking for PHP includes... -I/usr/local/include/php -I/usr/local/include/php/main -I/usr/local/include/php/TSRM -I/usr/local/include/php/Zend -I/usr/local/include/php/ext -I/usr/local/include/php/ext/date/lib
#11 51.72 checking for PHP extension directory... /usr/local/lib/php/extensions/no-debug-non-zts-20250925
#11 51.72 checking for PHP installed headers prefix... /usr/local/include/php
#11 51.72 checking if debugging is enabled... no
#11 51.81 checking if PHP is built with thread safety (ZTS)... no
#11 51.86 
#11 51.86 Configuring extension
#11 51.86 checking for MySQLi support... yes, shared
#11 51.86 checking for specified location of the MySQL Unix socket... no
#11 51.86 checking for MySQL Unix socket location... no
#11 51.91 
#11 51.91 Configuring libtool
#11 51.91 checking for a sed that does not truncate output... /usr/bin/sed
#11 51.91 checking for ld used by cc... /usr/bin/ld
#11 51.92 checking if the linker (/usr/bin/ld) is GNU ld... yes
#11 51.92 checking for /usr/bin/ld option to reload object files... -r
#11 51.92 checking for BSD-compatible nm... /usr/bin/nm -B
#11 51.93 checking whether ln -s works... yes
#11 51.93 checking how to recognize dependent libraries... pass_all
#11 51.93 checking for stdio.h... yes
#11 51.98 checking for stdlib.h... yes
#11 52.03 checking for string.h... yes
#11 52.08 checking for inttypes.h... yes
#11 52.15 checking for stdint.h... yes
#11 52.25 checking for strings.h... yes
#11 52.29 checking for sys/stat.h... yes
#11 52.34 checking for sys/types.h... yes
#11 52.38 checking for unistd.h... yes
#11 52.43 checking for dlfcn.h... yes
#11 52.49 checking the maximum length of command line arguments... 1572864
#11 52.50 checking command to parse /usr/bin/nm -B output from cc object... ok
#11 52.63 checking for objdir... .libs
#11 52.64 checking for ar... ar
#11 52.64 checking for ranlib... ranlib
#11 52.64 checking for strip... strip
#11 52.73 checking if cc supports -fno-rtti -fno-exceptions... no
#11 52.77 checking for cc option to produce PIC... -fPIC
#11 52.77 checking if cc PIC flag -fPIC works... yes
#11 52.81 checking if cc static flag -static works... yes
#11 52.97 checking if cc supports -c -o file.o... yes
#11 53.04 checking whether the cc linker (/usr/bin/ld) supports shared libraries... yes
#11 53.09 checking whether -lc should be explicitly linked in... no
#11 53.17 checking dynamic linker characteristics... GNU/Linux ld.so
#11 53.21 checking how to hardcode library paths into programs... immediate
#11 53.22 checking whether stripping libraries is possible... yes
#11 53.22 checking if libtool supports shared libraries... yes
#11 53.22 checking whether to build shared libraries... yes
#11 53.22 checking whether to build static libraries... no
#11 53.59 
#11 53.59 creating libtool
#11 53.63 appending configuration tag "CXX" to libtool
#11 53.64 
#11 53.64 Generating files
#11 53.82 configure: creating build directories
#11 53.94 configure: creating Makefile
#11 54.09 configure: patching config.h.in
#11 54.10 configure: creating ./config.status
#11 54.25 config.status: creating config.h
#11 54.35 /bin/bash /usr/src/php/ext/mysqli/libtool --tag=CC --mode=compile cc -I. -I/usr/src/php/ext/mysqli -I/usr/local/include/php -I/usr/local/include/php/main -I/usr/local/include/php/TSRM -I/usr/local/include/php/Zend -I/usr/local/include/php/ext -I/usr/local/include/php/ext/date/lib  -fstack-protector-strong -fpic -fpie -O2 -D_LARGEFILE_SOURCE -D_FILE_OFFSET_BITS=64 -DHAVE_CONFIG_H  -fstack-protector-strong -fpic -fpie -O2 -D_LARGEFILE_SOURCE -D_FILE_OFFSET_BITS=64 -D_GNU_SOURCE   -DZEND_ENABLE_STATIC_TSRMLS_CACHE=1 -DZEND_COMPILE_DL_EXT=1 -c /usr/src/php/ext/mysqli/mysqli_api.c -o mysqli_api.lo  -MMD -MF mysqli_api.dep -MT mysqli_api.lo
#11 54.35 /bin/bash /usr/src/php/ext/mysqli/libtool --tag=CC --mode=compile cc -I. -I/usr/src/php/ext/mysqli -I/usr/local/include/php -I/usr/local/include/php/main -I/usr/local/include/php/TSRM -I/usr/local/include/php/Zend -I/usr/local/include/php/ext -I/usr/local/include/php/ext/date/lib  -fstack-protector-strong -fpic -fpie -O2 -D_LARGEFILE_SOURCE -D_FILE_OFFSET_BITS=64 -DHAVE_CONFIG_H  -fstack-protector-strong -fpic -fpie -O2 -D_LARGEFILE_SOURCE -D_FILE_OFFSET_BITS=64 -D_GNU_SOURCE   -DZEND_ENABLE_STATIC_TSRMLS_CACHE=1 -DZEND_COMPILE_DL_EXT=1 -c /usr/src/php/ext/mysqli/mysqli_driver.c -o mysqli_driver.lo  -MMD -MF mysqli_driver.dep -MT mysqli_driver.lo
#11 54.72 mkdir .libs
#11 54.73  cc -I. -I/usr/src/php/ext/mysqli -I/usr/local/include/php -I/usr/local/include/php/main -I/usr/local/include/php/TSRM -I/usr/local/include/php/Zend -I/usr/local/include/php/ext -I/usr/local/include/php/ext/date/lib -fstack-protector-strong -fpic -fpie -O2 -D_LARGEFILE_SOURCE -D_FILE_OFFSET_BITS=64 -DHAVE_CONFIG_H -fstack-protector-strong -fpic -fpie -O2 -D_LARGEFILE_SOURCE -D_FILE_OFFSET_BITS=64 -D_GNU_SOURCE -DZEND_ENABLE_STATIC_TSRMLS_CACHE=1 -DZEND_COMPILE_DL_EXT=1 -c /usr/src/php/ext/mysqli/mysqli_api.c -MMD -MF mysqli_api.dep -MT mysqli_api.lo  -fPIC -DPIC -o .libs/mysqli_api.o
#11 54.73  cc -I. -I/usr/src/php/ext/mysqli -I/usr/local/include/php -I/usr/local/include/php/main -I/usr/local/include/php/TSRM -I/usr/local/include/php/Zend -I/usr/local/include/php/ext -I/usr/local/include/php/ext/date/lib -fstack-protector-strong -fpic -fpie -O2 -D_LARGEFILE_SOURCE -D_FILE_OFFSET_BITS=64 -DHAVE_CONFIG_H -fstack-protector-strong -fpic -fpie -O2 -D_LARGEFILE_SOURCE -D_FILE_OFFSET_BITS=64 -D_GNU_SOURCE -DZEND_ENABLE_STATIC_TSRMLS_CACHE=1 -DZEND_COMPILE_DL_EXT=1 -c /usr/src/php/ext/mysqli/mysqli_driver.c -MMD -MF mysqli_driver.dep -MT mysqli_driver.lo  -fPIC -DPIC -o .libs/mysqli_driver.o
#11 55.63 /bin/bash /usr/src/php/ext/mysqli/libtool --tag=CC --mode=compile cc -I. -I/usr/src/php/ext/mysqli -I/usr/local/include/php -I/usr/local/include/php/main -I/usr/local/include/php/TSRM -I/usr/local/include/php/Zend -I/usr/local/include/php/ext -I/usr/local/include/php/ext/date/lib  -fstack-protector-strong -fpic -fpie -O2 -D_LARGEFILE_SOURCE -D_FILE_OFFSET_BITS=64 -DHAVE_CONFIG_H  -fstack-protector-strong -fpic -fpie -O2 -D_LARGEFILE_SOURCE -D_FILE_OFFSET_BITS=64 -D_GNU_SOURCE   -DZEND_ENABLE_STATIC_TSRMLS_CACHE=1 -DZEND_COMPILE_DL_EXT=1 -c /usr/src/php/ext/mysqli/mysqli_exception.c -o mysqli_exception.lo  -MMD -MF mysqli_exception.dep -MT mysqli_exception.lo
#11 55.92  cc -I. -I/usr/src/php/ext/mysqli -I/usr/local/include/php -I/usr/local/include/php/main -I/usr/local/include/php/TSRM -I/usr/local/include/php/Zend -I/usr/local/include/php/ext -I/usr/local/include/php/ext/date/lib -fstack-protector-strong -fpic -fpie -O2 -D_LARGEFILE_SOURCE -D_FILE_OFFSET_BITS=64 -DHAVE_CONFIG_H -fstack-protector-strong -fpic -fpie -O2 -D_LARGEFILE_SOURCE -D_FILE_OFFSET_BITS=64 -D_GNU_SOURCE -DZEND_ENABLE_STATIC_TSRMLS_CACHE=1 -DZEND_COMPILE_DL_EXT=1 -c /usr/src/php/ext/mysqli/mysqli_exception.c -MMD -MF mysqli_exception.dep -MT mysqli_exception.lo  -fPIC -DPIC -o .libs/mysqli_exception.o
#11 56.76 /bin/bash /usr/src/php/ext/mysqli/libtool --tag=CC --mode=compile cc -I. -I/usr/src/php/ext/mysqli -I/usr/local/include/php -I/usr/local/include/php/main -I/usr/local/include/php/TSRM -I/usr/local/include/php/Zend -I/usr/local/include/php/ext -I/usr/local/include/php/ext/date/lib  -fstack-protector-strong -fpic -fpie -O2 -D_LARGEFILE_SOURCE -D_FILE_OFFSET_BITS=64 -DHAVE_CONFIG_H  -fstack-protector-strong -fpic -fpie -O2 -D_LARGEFILE_SOURCE -D_FILE_OFFSET_BITS=64 -D_GNU_SOURCE   -DZEND_ENABLE_STATIC_TSRMLS_CACHE=1 -DZEND_COMPILE_DL_EXT=1 -c /usr/src/php/ext/mysqli/mysqli_nonapi.c -o mysqli_nonapi.lo  -MMD -MF mysqli_nonapi.dep -MT mysqli_nonapi.lo
#11 56.98  cc -I. -I/usr/src/php/ext/mysqli -I/usr/local/include/php -I/usr/local/include/php/main -I/usr/local/include/php/TSRM -I/usr/local/include/php/Zend -I/usr/local/include/php/ext -I/usr/local/include/php/ext/date/lib -fstack-protector-strong -fpic -fpie -O2 -D_LARGEFILE_SOURCE -D_FILE_OFFSET_BITS=64 -DHAVE_CONFIG_H -fstack-protector-strong -fpic -fpie -O2 -D_LARGEFILE_SOURCE -D_FILE_OFFSET_BITS=64 -D_GNU_SOURCE -DZEND_ENABLE_STATIC_TSRMLS_CACHE=1 -DZEND_COMPILE_DL_EXT=1 -c /usr/src/php/ext/mysqli/mysqli_nonapi.c -MMD -MF mysqli_nonapi.dep -MT mysqli_nonapi.lo  -fPIC -DPIC -o .libs/mysqli_nonapi.o
#11 57.94 /bin/bash /usr/src/php/ext/mysqli/libtool --tag=CC --mode=compile cc -I. -I/usr/src/php/ext/mysqli -I/usr/local/include/php -I/usr/local/include/php/main -I/usr/local/include/php/TSRM -I/usr/local/include/php/Zend -I/usr/local/include/php/ext -I/usr/local/include/php/ext/date/lib  -fstack-protector-strong -fpic -fpie -O2 -D_LARGEFILE_SOURCE -D_FILE_OFFSET_BITS=64 -DHAVE_CONFIG_H  -fstack-protector-strong -fpic -fpie -O2 -D_LARGEFILE_SOURCE -D_FILE_OFFSET_BITS=64 -D_GNU_SOURCE   -DZEND_ENABLE_STATIC_TSRMLS_CACHE=1 -DZEND_COMPILE_DL_EXT=1 -c /usr/src/php/ext/mysqli/mysqli_prop.c -o mysqli_prop.lo  -MMD -MF mysqli_prop.dep -MT mysqli_prop.lo
#11 58.30  cc -I. -I/usr/src/php/ext/mysqli -I/usr/local/include/php -I/usr/local/include/php/main -I/usr/local/include/php/TSRM -I/usr/local/include/php/Zend -I/usr/local/include/php/ext -I/usr/local/include/php/ext/date/lib -fstack-protector-strong -fpic -fpie -O2 -D_LARGEFILE_SOURCE -D_FILE_OFFSET_BITS=64 -DHAVE_CONFIG_H -fstack-protector-strong -fpic -fpie -O2 -D_LARGEFILE_SOURCE -D_FILE_OFFSET_BITS=64 -D_GNU_SOURCE -DZEND_ENABLE_STATIC_TSRMLS_CACHE=1 -DZEND_COMPILE_DL_EXT=1 -c /usr/src/php/ext/mysqli/mysqli_prop.c -MMD -MF mysqli_prop.dep -MT mysqli_prop.lo  -fPIC -DPIC -o .libs/mysqli_prop.o
#11 58.92 /bin/bash /usr/src/php/ext/mysqli/libtool --tag=CC --mode=compile cc -I. -I/usr/src/php/ext/mysqli -I/usr/local/include/php -I/usr/local/include/php/main -I/usr/local/include/php/TSRM -I/usr/local/include/php/Zend -I/usr/local/include/php/ext -I/usr/local/include/php/ext/date/lib  -fstack-protector-strong -fpic -fpie -O2 -D_LARGEFILE_SOURCE -D_FILE_OFFSET_BITS=64 -DHAVE_CONFIG_H  -fstack-protector-strong -fpic -fpie -O2 -D_LARGEFILE_SOURCE -D_FILE_OFFSET_BITS=64 -D_GNU_SOURCE   -DZEND_ENABLE_STATIC_TSRMLS_CACHE=1 -DZEND_COMPILE_DL_EXT=1 -c /usr/src/php/ext/mysqli/mysqli_report.c -o mysqli_report.lo  -MMD -MF mysqli_report.dep -MT mysqli_report.lo
#11 59.19  cc -I. -I/usr/src/php/ext/mysqli -I/usr/local/include/php -I/usr/local/include/php/main -I/usr/local/include/php/TSRM -I/usr/local/include/php/Zend -I/usr/local/include/php/ext -I/usr/local/include/php/ext/date/lib -fstack-protector-strong -fpic -fpie -O2 -D_LARGEFILE_SOURCE -D_FILE_OFFSET_BITS=64 -DHAVE_CONFIG_H -fstack-protector-strong -fpic -fpie -O2 -D_LARGEFILE_SOURCE -D_FILE_OFFSET_BITS=64 -D_GNU_SOURCE -DZEND_ENABLE_STATIC_TSRMLS_CACHE=1 -DZEND_COMPILE_DL_EXT=1 -c /usr/src/php/ext/mysqli/mysqli_report.c -MMD -MF mysqli_report.dep -MT mysqli_report.lo  -fPIC -DPIC -o .libs/mysqli_report.o
#11 59.49 /bin/bash /usr/src/php/ext/mysqli/libtool --tag=CC --mode=compile cc -I. -I/usr/src/php/ext/mysqli -I/usr/local/include/php -I/usr/local/include/php/main -I/usr/local/include/php/TSRM -I/usr/local/include/php/Zend -I/usr/local/include/php/ext -I/usr/local/include/php/ext/date/lib  -fstack-protector-strong -fpic -fpie -O2 -D_LARGEFILE_SOURCE -D_FILE_OFFSET_BITS=64 -DHAVE_CONFIG_H  -fstack-protector-strong -fpic -fpie -O2 -D_LARGEFILE_SOURCE -D_FILE_OFFSET_BITS=64 -D_GNU_SOURCE   -DZEND_ENABLE_STATIC_TSRMLS_CACHE=1 -DZEND_COMPILE_DL_EXT=1 -c /usr/src/php/ext/mysqli/mysqli_result_iterator.c -o mysqli_result_iterator.lo  -MMD -MF mysqli_result_iterator.dep -MT mysqli_result_iterator.lo
#11 59.79  cc -I. -I/usr/src/php/ext/mysqli -I/usr/local/include/php -I/usr/local/include/php/main -I/usr/local/include/php/TSRM -I/usr/local/include/php/Zend -I/usr/local/include/php/ext -I/usr/local/include/php/ext/date/lib -fstack-protector-strong -fpic -fpie -O2 -D_LARGEFILE_SOURCE -D_FILE_OFFSET_BITS=64 -DHAVE_CONFIG_H -fstack-protector-strong -fpic -fpie -O2 -D_LARGEFILE_SOURCE -D_FILE_OFFSET_BITS=64 -D_GNU_SOURCE -DZEND_ENABLE_STATIC_TSRMLS_CACHE=1 -DZEND_COMPILE_DL_EXT=1 -c /usr/src/php/ext/mysqli/mysqli_result_iterator.c -MMD -MF mysqli_result_iterator.dep -MT mysqli_result_iterator.lo  -fPIC -DPIC -o .libs/mysqli_result_iterator.o
#11 59.91 /bin/bash /usr/src/php/ext/mysqli/libtool --tag=CC --mode=compile cc -I. -I/usr/src/php/ext/mysqli -I/usr/local/include/php -I/usr/local/include/php/main -I/usr/local/include/php/TSRM -I/usr/local/include/php/Zend -I/usr/local/include/php/ext -I/usr/local/include/php/ext/date/lib  -fstack-protector-strong -fpic -fpie -O2 -D_LARGEFILE_SOURCE -D_FILE_OFFSET_BITS=64 -DHAVE_CONFIG_H  -fstack-protector-strong -fpic -fpie -O2 -D_LARGEFILE_SOURCE -D_FILE_OFFSET_BITS=64 -D_GNU_SOURCE   -DZEND_ENABLE_STATIC_TSRMLS_CACHE=1 -DZEND_COMPILE_DL_EXT=1 -c /usr/src/php/ext/mysqli/mysqli_warning.c -o mysqli_warning.lo  -MMD -MF mysqli_warning.dep -MT mysqli_warning.lo
#11 60.12  cc -I. -I/usr/src/php/ext/mysqli -I/usr/local/include/php -I/usr/local/include/php/main -I/usr/local/include/php/TSRM -I/usr/local/include/php/Zend -I/usr/local/include/php/ext -I/usr/local/include/php/ext/date/lib -fstack-protector-strong -fpic -fpie -O2 -D_LARGEFILE_SOURCE -D_FILE_OFFSET_BITS=64 -DHAVE_CONFIG_H -fstack-protector-strong -fpic -fpie -O2 -D_LARGEFILE_SOURCE -D_FILE_OFFSET_BITS=64 -D_GNU_SOURCE -DZEND_ENABLE_STATIC_TSRMLS_CACHE=1 -DZEND_COMPILE_DL_EXT=1 -c /usr/src/php/ext/mysqli/mysqli_warning.c -MMD -MF mysqli_warning.dep -MT mysqli_warning.lo  -fPIC -DPIC -o .libs/mysqli_warning.o
#11 60.48 /bin/bash /usr/src/php/ext/mysqli/libtool --tag=CC --mode=compile cc -I. -I/usr/src/php/ext/mysqli -I/usr/local/include/php -I/usr/local/include/php/main -I/usr/local/include/php/TSRM -I/usr/local/include/php/Zend -I/usr/local/include/php/ext -I/usr/local/include/php/ext/date/lib  -fstack-protector-strong -fpic -fpie -O2 -D_LARGEFILE_SOURCE -D_FILE_OFFSET_BITS=64 -DHAVE_CONFIG_H  -fstack-protector-strong -fpic -fpie -O2 -D_LARGEFILE_SOURCE -D_FILE_OFFSET_BITS=64 -D_GNU_SOURCE   -DZEND_ENABLE_STATIC_TSRMLS_CACHE=1 -DZEND_COMPILE_DL_EXT=1 -c /usr/src/php/ext/mysqli/mysqli.c -o mysqli.lo  -MMD -MF mysqli.dep -MT mysqli.lo
#11 60.69  cc -I. -I/usr/src/php/ext/mysqli -I/usr/local/include/php -I/usr/local/include/php/main -I/usr/local/include/php/TSRM -I/usr/local/include/php/Zend -I/usr/local/include/php/ext -I/usr/local/include/php/ext/date/lib -fstack-protector-strong -fpic -fpie -O2 -D_LARGEFILE_SOURCE -D_FILE_OFFSET_BITS=64 -DHAVE_CONFIG_H -fstack-protector-strong -fpic -fpie -O2 -D_LARGEFILE_SOURCE -D_FILE_OFFSET_BITS=64 -D_GNU_SOURCE -DZEND_ENABLE_STATIC_TSRMLS_CACHE=1 -DZEND_COMPILE_DL_EXT=1 -c /usr/src/php/ext/mysqli/mysqli.c -MMD -MF mysqli.dep -MT mysqli.lo  -fPIC -DPIC -o .libs/mysqli.o
#11 62.51 /bin/bash /usr/src/php/ext/mysqli/libtool --tag=CC --mode=link cc -shared -I/usr/local/include/php -I/usr/local/include/php/main -I/usr/local/include/php/TSRM -I/usr/local/include/php/Zend -I/usr/local/include/php/ext -I/usr/local/include/php/ext/date/lib  -fstack-protector-strong -fpic -fpie -O2 -D_LARGEFILE_SOURCE -D_FILE_OFFSET_BITS=64 -DHAVE_CONFIG_H  -fstack-protector-strong -fpic -fpie -O2 -D_LARGEFILE_SOURCE -D_FILE_OFFSET_BITS=64 -D_GNU_SOURCE  -Wl,-O1 -pie  -o mysqli.la -export-dynamic -avoid-version -prefer-pic -module -rpath /usr/src/php/ext/mysqli/modules  mysqli_api.lo mysqli_driver.lo mysqli_exception.lo mysqli_nonapi.lo mysqli_prop.lo mysqli_report.lo mysqli_result_iterator.lo mysqli_warning.lo mysqli.lo 
#11 62.91 cc -shared  .libs/mysqli_api.o .libs/mysqli_driver.o .libs/mysqli_exception.o .libs/mysqli_nonapi.o .libs/mysqli_prop.o .libs/mysqli_report.o .libs/mysqli_result_iterator.o .libs/mysqli_warning.o .libs/mysqli.o   -Wl,-O1 -Wl,-soname -Wl,mysqli.so -o .libs/mysqli.so
#11 62.96 creating mysqli.la
#11 62.97 (cd .libs && rm -f mysqli.la && ln -s ../mysqli.la mysqli.la)
#11 62.97 /bin/bash /usr/src/php/ext/mysqli/libtool --tag=CC --mode=install cp ./mysqli.la /usr/src/php/ext/mysqli/modules
#11 63.04 cp ./.libs/mysqli.so /usr/src/php/ext/mysqli/modules/mysqli.so
#11 63.05 cp ./.libs/mysqli.lai /usr/src/php/ext/mysqli/modules/mysqli.la
#11 63.07 PATH="$PATH:/sbin" ldconfig -n /usr/src/php/ext/mysqli/modules
#11 63.08 ----------------------------------------------------------------------
#11 63.08 Libraries have been installed in:
#11 63.08    /usr/src/php/ext/mysqli/modules
#11 63.08 
#11 63.08 If you ever happen to want to link against installed libraries
#11 63.08 in a given directory, LIBDIR, you must either use libtool, and
#11 63.08 specify the full pathname of the library, or use the `-LLIBDIR'
#11 63.08 flag during linking and do at least one of the following:
#11 63.08    - add LIBDIR to the `LD_LIBRARY_PATH' environment variable
#11 63.08      during execution
#11 63.08    - add LIBDIR to the `LD_RUN_PATH' environment variable
#11 63.08      during linking
#11 63.08    - use the `-Wl,--rpath -Wl,LIBDIR' linker flag
#11 63.08    - have your system administrator add LIBDIR to `/etc/ld.so.conf'
#11 63.08 
#11 63.08 See any operating system documentation about shared libraries for
#11 63.08 more information, such as the ld(1) and ld.so(8) manual pages.
#11 63.08 ----------------------------------------------------------------------
#11 63.09 
#11 63.09 Build complete.
#11 63.09 Don't forget to run 'make test'.
#11 63.09 
#11 63.12 + strip --strip-all modules/mysqli.so
#11 63.19 Installing shared extensions:     /usr/local/lib/php/extensions/no-debug-non-zts-20250925/
#11 63.30 Installing header files:          /usr/local/include/php/
#11 63.52 find . -name \*.gcno -o -name \*.gcda | xargs rm -f
#11 63.53 find . -name \*.lo -o -name \*.o -o -name \*.dep | xargs rm -f
#11 63.61 find . -name \*.la -o -name \*.a | xargs rm -f
#11 63.62 find . -name \*.so | xargs rm -f
#11 63.62 find . -name .libs -a -type d|xargs rm -rf
#11 63.63 rm -f libphp.la        modules/* libs/*
#11 63.63 rm -f ext/opcache/jit/ir/gen_ir_fold_hash
#11 63.64 rm -f ext/opcache/jit/ir/minilua
#11 63.64 rm -f ext/opcache/jit/ir/ir_fold_hash.h
#11 63.64 rm -f ext/opcache/jit/ir/ir_emit_x86.h
#11 63.65 rm -f ext/opcache/jit/ir/ir_emit_aarch64.h
#11 DONE 65.5s

#12 [stage-0 5/9] COPY --from=composer:2 /usr/bin/composer /usr/local/bin/composer
#12 DONE 0.1s

#13 [stage-0 6/9] WORKDIR /app
#13 DONE 0.1s

#14 [stage-0 7/9] COPY composer.json composer.lock ./
#14 DONE 0.1s

#15 [stage-0 8/9] RUN composer install --no-interaction --no-progress --prefer-dist     && composer check-platform-reqs
#15 0.870 Installing dependencies from lock file (including require-dev)
#15 0.881 Verifying lock file contents can be installed on current platform.
#15 1.584 Package operations: 38 installs, 0 updates, 0 removals
#15 1.603   - Downloading symfony/process (v6.4.46)
#15 1.604   - Downloading psr/log (3.0.2)
#15 1.605   - Downloading k-kinzal/testcontainers-php (v0.5.1)
#15 1.605   - Downloading symfony/polyfill-php80 (v1.33.0)
#15 1.609   - Downloading symfony/polyfill-mbstring (v1.33.0)
#15 1.609   - Downloading phpmyadmin/sql-parser (5.11.1)
#15 1.611   - Downloading k-kinzal/ztd-query-core (dev-main f5ab3f0)
#15 1.611   - Downloading k-kinzal/ztd-query-mysql (dev-main 969eb5d)
#15 1.612   - Downloading k-kinzal/ztd-query-mysqli-adapter (dev-main 3fe31d5)
#15 1.615   - Downloading k-kinzal/ztd-query-pdo-adapter (dev-main 3ed255a)
#15 1.616   - Downloading k-kinzal/ztd-query-postgres (dev-main 02bcf6d)
#15 1.621   - Downloading k-kinzal/ztd-query-sqlite (dev-main 542d262)
#15 1.621   - Downloading sebastian/version (4.0.1)
#15 1.625   - Downloading sebastian/type (4.0.0)
#15 1.625   - Downloading sebastian/recursion-context (5.0.2)
#15 1.625   - Downloading sebastian/object-reflector (3.0.0)
#15 1.625   - Downloading sebastian/object-enumerator (5.0.0)
#15 1.625   - Downloading sebastian/global-state (6.0.2)
#15 1.625   - Downloading sebastian/exporter (5.1.4)
#15 1.625   - Downloading sebastian/environment (6.1.0)
#15 1.626   - Downloading sebastian/diff (5.1.1)
#15 1.629   - Downloading sebastian/comparator (5.0.5)
#15 1.630   - Downloading sebastian/code-unit (2.0.0)
#15 1.636   - Downloading sebastian/cli-parser (2.0.1)
#15 1.636   - Downloading phpunit/php-timer (6.0.0)
#15 1.636   - Downloading phpunit/php-text-template (3.0.1)
#15 1.636   - Downloading phpunit/php-invoker (4.0.0)
#15 1.636   - Downloading phpunit/php-file-iterator (4.1.0)
#15 1.636   - Downloading theseer/tokenizer (1.3.1)
#15 1.637   - Downloading nikic/php-parser (v5.7.0)
#15 1.637   - Downloading sebastian/lines-of-code (2.0.2)
#15 1.637   - Downloading sebastian/complexity (3.2.0)
#15 1.637   - Downloading sebastian/code-unit-reverse-lookup (3.0.0)
#15 1.637   - Downloading phpunit/php-code-coverage (10.1.16)
#15 1.637   - Downloading phar-io/version (3.2.1)
#15 1.637   - Downloading phar-io/manifest (2.0.4)
#15 1.637   - Downloading myclabs/deep-copy (1.14.0)
#15 1.638   - Downloading phpunit/phpunit (10.5.65)
#15 5.317   - Installing symfony/process (v6.4.46): Extracting archive
#15 5.549   - Installing psr/log (3.0.2): Extracting archive
#15 5.554   - Installing k-kinzal/testcontainers-php (v0.5.1): Extracting archive
#15 5.559   - Installing symfony/polyfill-php80 (v1.33.0): Extracting archive
#15 5.561   - Installing symfony/polyfill-mbstring (v1.33.0): Extracting archive
#15 5.561   - Installing phpmyadmin/sql-parser (5.11.1): Extracting archive
#15 5.564   - Installing k-kinzal/ztd-query-core (dev-main f5ab3f0): Extracting archive
#15 5.568   - Installing k-kinzal/ztd-query-mysql (dev-main 969eb5d): Extracting archive
#15 5.573   - Installing k-kinzal/ztd-query-mysqli-adapter (dev-main 3fe31d5): Extracting archive
#15 5.575   - Installing k-kinzal/ztd-query-pdo-adapter (dev-main 3ed255a): Extracting archive
#15 5.577   - Installing k-kinzal/ztd-query-postgres (dev-main 02bcf6d): Extracting archive
#15 5.578   - Installing k-kinzal/ztd-query-sqlite (dev-main 542d262): Extracting archive
#15 5.578   - Installing sebastian/version (4.0.1): Extracting archive
#15 5.581   - Installing sebastian/type (4.0.0): Extracting archive
#15 5.581   - Installing sebastian/recursion-context (5.0.2): Extracting archive
#15 5.583   - Installing sebastian/object-reflector (3.0.0): Extracting archive
#15 5.583   - Installing sebastian/object-enumerator (5.0.0): Extracting archive
#15 5.583   - Installing sebastian/global-state (6.0.2): Extracting archive
#15 5.584   - Installing sebastian/exporter (5.1.4): Extracting archive
#15 5.592   - Installing sebastian/environment (6.1.0): Extracting archive
#15 5.592   - Installing sebastian/diff (5.1.1): Extracting archive
#15 5.592   - Installing sebastian/comparator (5.0.5): Extracting archive
#15 5.592   - Installing sebastian/code-unit (2.0.0): Extracting archive
#15 5.592   - Installing sebastian/cli-parser (2.0.1): Extracting archive
#15 5.592   - Installing phpunit/php-timer (6.0.0): Extracting archive
#15 5.592   - Installing phpunit/php-text-template (3.0.1): Extracting archive
#15 5.594   - Installing phpunit/php-invoker (4.0.0): Extracting archive
#15 5.595   - Installing phpunit/php-file-iterator (4.1.0): Extracting archive
#15 5.595   - Installing theseer/tokenizer (1.3.1): Extracting archive
#15 5.595   - Installing nikic/php-parser (v5.7.0): Extracting archive
#15 5.603   - Installing sebastian/lines-of-code (2.0.2): Extracting archive
#15 5.603   - Installing sebastian/complexity (3.2.0): Extracting archive
#15 5.603   - Installing sebastian/code-unit-reverse-lookup (3.0.0): Extracting archive
#15 5.603   - Installing phpunit/php-code-coverage (10.1.16): Extracting archive
#15 5.603   - Installing phar-io/version (3.2.1): Extracting archive
#15 5.603   - Installing phar-io/manifest (2.0.4): Extracting archive
#15 5.603   - Installing myclabs/deep-copy (1.14.0): Extracting archive
#15 5.603   - Installing phpunit/phpunit (10.5.65): Extracting archive
#15 6.801 Generating autoload files
#15 7.003 28 packages you are using are looking for funding.
#15 7.003 Use the `composer fund` command to find out more!
#15 7.468 Checking platform requirements for packages in the vendor dir
#15 7.483 ext-ctype     8.5.11     success                                       
#15 7.483 ext-dom       20031129   success                                       
#15 7.483 ext-filter    8.5.11     success                                       
#15 7.483 ext-iconv     8.5.11     success                                       
#15 7.483 ext-json      8.5.11     success                                       
#15 7.484 ext-libxml    8.5.11     success                                       
#15 7.484 ext-mbstring  *          success provided by symfony/polyfill-mbstring 
#15 7.484 ext-mysqli    8.5.11     success                                       
#15 7.484 ext-pdo       8.5.11     success                                       
#15 7.484 ext-phar      8.5.11     success                                       
#15 7.484 ext-tokenizer 8.5.11     success                                       
#15 7.484 ext-xmlwriter 8.5.11     success                                       
#15 7.484 php           8.5.11     success                                       
#15 DONE 8.0s

#16 [stage-0 9/9] COPY . .
#16 DONE 1.6s

#17 exporting to image
#17 exporting layers
#17 exporting layers 9.9s done
#17 exporting manifest sha256:e6bc08bb367d2e70001e57350ca5c77b9c2a05d9fdb60a8dc0331a6d821645ee 0.0s done
#17 exporting config sha256:809a8525382fb374999e0ecc097f62eea43e09df426c016d743bdb61e0b4c193 0.0s done
#17 exporting attestation manifest sha256:38488079ac082250f4ca768735bb40f421b7dd1144336298b3bde660d1fd1d1c
#17 exporting attestation manifest sha256:38488079ac082250f4ca768735bb40f421b7dd1144336298b3bde660d1fd1d1c 0.0s done
#17 exporting manifest list sha256:b6b730fd8cc72a8c15d667bd51a28f583e2179b223254d1fbe0cc1fb2cfd3504 0.0s done
#17 naming to docker.io/library/ztd-scenario-matrix:php8.5-sqlitesystem 0.0s done
#17 unpacking to docker.io/library/ztd-scenario-matrix:php8.5-sqlitesystem
#17 unpacking to docker.io/library/ztd-scenario-matrix:php8.5-sqlitesystem 3.4s done
#17 DONE 13.6s

#18 resolving provenance for metadata file
#18 DONE 0.1s
 Image ztd-scenario-matrix:php8.5-sqlitesystem Built 
