 Image ztd-scenario-matrix:php8.5-sqlitesystem Building 
#1 [internal] load local bake definitions
#1 reading from stdin 851B done
#1 DONE 0.0s

#2 [internal] load build definition from Dockerfile
#2 transferring dockerfile: 30B 0.0s
#2 transferring dockerfile: 1.50kB 0.1s done
#2 DONE 0.6s

#3 [internal] load metadata for docker.io/library/php:8.5-cli-bookworm
#3 DONE 1.5s

#4 [internal] load metadata for docker.io/library/composer:2
#4 DONE 1.5s

#5 FROM docker.io/library/composer:2@sha256:9715c7f69044da2a212a5fbde29ee7da24e364d426560ae6367b060236f847d7
#5 resolve docker.io/library/composer:2@sha256:9715c7f69044da2a212a5fbde29ee7da24e364d426560ae6367b060236f847d7 0.4s done
#5 CACHED

#6 [stage-0 2/9] RUN apt-get update && apt-get install -y     git     unzip     libpq-dev     libsqlite3-dev     && rm -rf /var/lib/apt/lists/*
#6 CACHED

#7 [stage-0 1/9] FROM docker.io/library/php:8.5-cli-bookworm@sha256:d551e79d694fd91c4fdf34c4adcc52dd2042a064b881e25c319b2533ead0682c
#7 resolve docker.io/library/php:8.5-cli-bookworm@sha256:d551e79d694fd91c4fdf34c4adcc52dd2042a064b881e25c319b2533ead0682c 0.3s done
#7 CACHED

#8 [internal] load .dockerignore
#8 transferring context: 138B done
#8 DONE 0.0s

#9 [internal] load build context
#9 transferring context: 151.05kB 0.5s done
#9 DONE 0.5s

#10 [stage-0 4/9] RUN sh /tmp/install-sqlite.sh     && docker-php-ext-install -j2         pdo_mysql         pdo_pgsql         mysqli     && php -r '$v = (new PDO("sqlite::memory:"))->query("SELECT sqlite_version()")->fetchColumn(); if (getenv("SQLITE_VERSION") !== "system" && $v !== getenv("SQLITE_VERSION")) { fwrite(STDERR, "Wrong PDO SQLite: $v\n"); exit(1); } if (SQLite3::version()["versionString"] !== $v) { exit(1); }'     && rm /tmp/install-sqlite.sh
#10 CACHED

#11 [stage-0 5/9] COPY --from=composer:2 /usr/bin/composer /usr/local/bin/composer
#11 CACHED

#12 [stage-0 6/9] WORKDIR /app
#12 CACHED

#13 [stage-0 7/9] COPY composer.json composer.lock ./
#13 CACHED

#14 [stage-0 8/9] RUN composer install --no-interaction --no-progress --prefer-dist     && composer check-platform-reqs
#14 CACHED

#15 [stage-0 3/9] COPY docker/install-sqlite.sh /tmp/install-sqlite.sh
#15 CACHED

#16 [stage-0 9/9] COPY . .
#16 CACHED

#17 exporting to image
#17 exporting layers 0.0s done
#17 exporting manifest sha256:cfea2c35cccbf484588be5c73fce3014a61525006d9657d0fb46fb4902d4b2f2 0.0s done
#17 exporting config sha256:d605279a7a8df2c988dc551c8b0fea83657330ce9380a068be46642af11db994
#17 exporting config sha256:d605279a7a8df2c988dc551c8b0fea83657330ce9380a068be46642af11db994 0.1s done
#17 exporting attestation manifest sha256:ef9a1d3f17ec93ba3017df7f3f04ff7ca2f25489d59886ef8a08bcd18a5573d2
#17 exporting attestation manifest sha256:ef9a1d3f17ec93ba3017df7f3f04ff7ca2f25489d59886ef8a08bcd18a5573d2 0.1s done
#17 exporting manifest list sha256:a8b54fe21c1c3f2b5b9e4a384c1f36066e23b7fb7f71899df2b939944aa1fe06 0.0s done
#17 naming to docker.io/library/ztd-scenario-matrix:php8.5-sqlitesystem
#17 naming to docker.io/library/ztd-scenario-matrix:php8.5-sqlitesystem 0.0s done
#17 unpacking to docker.io/library/ztd-scenario-matrix:php8.5-sqlitesystem 0.1s done
#17 DONE 1.2s

#18 resolving provenance for metadata file
#18 DONE 0.1s
 Image ztd-scenario-matrix:php8.5-sqlitesystem Built 
