mysql-1  | 2026-09-27 05:01:35+00:00 [Note] [Entrypoint]: Entrypoint script for MySQL Server 9.1.0-1.el9 started.
mysql-1  | 2026-09-27 05:01:39+00:00 [Note] [Entrypoint]: Switching to dedicated user 'mysql'
mysql-1  | 2026-09-27 05:01:39+00:00 [Note] [Entrypoint]: Entrypoint script for MySQL Server 9.1.0-1.el9 started.
mysql-1  | 2026-09-27 05:01:40+00:00 [Note] [Entrypoint]: Initializing database files
mysql-1  | 2026-09-27T05:01:41.043399Z 0 [System] [MY-015017] [Server] MySQL Server Initialization - start.
mysql-1  | 2026-09-27T05:01:41.045513Z 0 [System] [MY-013169] [Server] /usr/sbin/mysqld (mysqld 9.1.0) initializing of server in progress as process 87
mysql-1  | 2026-09-27T05:01:41.098947Z 1 [System] [MY-013576] [InnoDB] InnoDB initialization has started.
mysql-1  | 2026-09-27T05:01:43.938994Z 1 [System] [MY-013577] [InnoDB] InnoDB initialization has ended.
mysql-1  | 2026-09-27T05:01:52.520908Z 6 [Warning] [MY-010453] [Server] root@localhost is created with an empty password ! Please consider switching off the --initialize-insecure option.
mysql-1  | 2026-09-27T05:02:05.308023Z 0 [System] [MY-015018] [Server] MySQL Server Initialization - end.
mysql-1  | 2026-09-27 05:02:05+00:00 [Note] [Entrypoint]: Database files initialized
mysql-1  | 2026-09-27 05:02:05+00:00 [Note] [Entrypoint]: Starting temporary server
mysql-1  | 2026-09-27T05:02:05.465704Z 0 [System] [MY-015015] [Server] MySQL Server - start.
mysql-1  | 2026-09-27T05:02:05.839747Z 0 [System] [MY-010116] [Server] /usr/sbin/mysqld (mysqld 9.1.0) starting as process 160
mysql-1  | 2026-09-27T05:02:05.908639Z 1 [System] [MY-013576] [InnoDB] InnoDB initialization has started.
mysql-1  | 2026-09-27T05:02:08.390721Z 1 [System] [MY-013577] [InnoDB] InnoDB initialization has ended.
mysql-1  | 2026-09-27T05:02:10.898804Z 0 [Warning] [MY-010068] [Server] CA certificate ca.pem is self signed.
mysql-1  | 2026-09-27T05:02:10.898948Z 0 [System] [MY-013602] [Server] Channel mysql_main configured to support TLS. Encrypted connections are now supported for this channel.
mysql-1  | 2026-09-27T05:02:10.926310Z 0 [Warning] [MY-011810] [Server] Insecure configuration for --pid-file: Location '/var/run/mysqld' in the path is accessible to all OS users. Consider choosing a different directory.
mysql-1  | 2026-09-27T05:02:11.003302Z 0 [System] [MY-010931] [Server] /usr/sbin/mysqld: ready for connections. Version: '9.1.0'  socket: '/var/run/mysqld/mysqld.sock'  port: 0  MySQL Community Server - GPL.
mysql-1  | 2026-09-27T05:02:11.004363Z 0 [System] [MY-011323] [Server] X Plugin ready for connections. Socket: /var/run/mysqld/mysqlx.sock
mysql-1  | 2026-09-27 05:02:11+00:00 [Note] [Entrypoint]: Temporary server started.
mysql-1  | '/var/lib/mysql/mysql.sock' -> '/var/run/mysqld/mysqld.sock'
mysql-1  | Warning: Unable to load '/usr/share/zoneinfo/iso3166.tab' as time zone. Skipping it.
mysql-1  | Warning: Unable to load '/usr/share/zoneinfo/leap-seconds.list' as time zone. Skipping it.
mysql-1  | Warning: Unable to load '/usr/share/zoneinfo/leapseconds' as time zone. Skipping it.
mysql-1  | Warning: Unable to load '/usr/share/zoneinfo/tzdata.zi' as time zone. Skipping it.
mysql-1  | Warning: Unable to load '/usr/share/zoneinfo/zone.tab' as time zone. Skipping it.
mysql-1  | Warning: Unable to load '/usr/share/zoneinfo/zone1970.tab' as time zone. Skipping it.
mysql-1  | 2026-09-27 05:02:26+00:00 [Note] [Entrypoint]: Creating database ztd_test
mysql-1  | 
mysql-1  | 2026-09-27 05:02:26+00:00 [Note] [Entrypoint]: Stopping temporary server
mysql-1  | 2026-09-27T05:02:26.332732Z 11 [System] [MY-013172] [Server] Received SHUTDOWN from user root. Shutting down mysqld (Version: 9.1.0).
mysql-1  | 2026-09-27T05:02:28.180261Z 0 [System] [MY-010910] [Server] /usr/sbin/mysqld: Shutdown complete (mysqld 9.1.0)  MySQL Community Server - GPL.
mysql-1  | 2026-09-27T05:02:28.180313Z 0 [System] [MY-015016] [Server] MySQL Server - end.
mysql-1  | 2026-09-27 05:02:28+00:00 [Note] [Entrypoint]: Temporary server stopped
mysql-1  | 
mysql-1  | 2026-09-27 05:02:28+00:00 [Note] [Entrypoint]: MySQL init process done. Ready for start up.
mysql-1  | 
mysql-1  | 2026-09-27T05:02:28.444385Z 0 [System] [MY-015015] [Server] MySQL Server - start.
mysql-1  | 2026-09-27T05:02:29.374373Z 0 [System] [MY-010116] [Server] /usr/sbin/mysqld (mysqld 9.1.0) starting as process 1
mysql-1  | 2026-09-27T05:02:29.411179Z 1 [System] [MY-013576] [InnoDB] InnoDB initialization has started.
mysql-1  | 2026-09-27T05:02:31.955041Z 1 [System] [MY-013577] [InnoDB] InnoDB initialization has ended.
mysql-1  | 2026-09-27T05:02:33.586221Z 0 [Warning] [MY-010068] [Server] CA certificate ca.pem is self signed.
mysql-1  | 2026-09-27T05:02:33.586277Z 0 [System] [MY-013602] [Server] Channel mysql_main configured to support TLS. Encrypted connections are now supported for this channel.
mysql-1  | 2026-09-27T05:02:33.595279Z 0 [Warning] [MY-011810] [Server] Insecure configuration for --pid-file: Location '/var/run/mysqld' in the path is accessible to all OS users. Consider choosing a different directory.
mysql-1  | 2026-09-27T05:02:33.740461Z 0 [System] [MY-010931] [Server] /usr/sbin/mysqld: ready for connections. Version: '9.1.0'  socket: '/var/run/mysqld/mysqld.sock'  port: 3306  MySQL Community Server - GPL.
mysql-1  | 2026-09-27T05:02:33.740878Z 0 [System] [MY-011323] [Server] X Plugin ready for connections. Bind-address: '::' port: 33060, socket: /var/run/mysqld/mysqlx.sock
