 Image ztd-scenario-matrix:20260927t050251795283z-php8.5-sqlitesystem Building 
#1 [internal] load local bake definitions
#1 reading from stdin 862B done
#1 DONE 0.0s

#2 [internal] load build definition from Dockerfile
#2 transferring dockerfile:
#2 transferring dockerfile: 1.50kB 0.0s done
#2 DONE 0.2s

#3 [internal] load metadata for docker.io/library/php:8.5-cli-bookworm
#3 ...

#4 [internal] load metadata for docker.io/library/composer:2
#4 DONE 1.1s

#3 [internal] load metadata for docker.io/library/php:8.5-cli-bookworm
#3 DONE 1.1s

#5 [internal] load .dockerignore
#5 transferring context: 138B 0.0s done
#5 DONE 0.1s

#6 FROM docker.io/library/composer:2@sha256:9715c7f69044da2a212a5fbde29ee7da24e364d426560ae6367b060236f847d7
#6 resolve docker.io/library/composer:2@sha256:9715c7f69044da2a212a5fbde29ee7da24e364d426560ae6367b060236f847d7 0.4s done
#6 CACHED

#7 [stage-0 1/9] FROM docker.io/library/php:8.5-cli-bookworm@sha256:d551e79d694fd91c4fdf34c4adcc52dd2042a064b881e25c319b2533ead0682c
#7 resolve docker.io/library/php:8.5-cli-bookworm@sha256:d551e79d694fd91c4fdf34c4adcc52dd2042a064b881e25c319b2533ead0682c 0.3s done
#7 CACHED

#8 [internal] load build context
#8 transferring context: 16.73MB 1.4s done
#8 DONE 1.5s

#9 [stage-0 3/9] COPY docker/install-sqlite.sh /tmp/install-sqlite.sh
#9 CACHED

#10 [stage-0 4/9] RUN sh /tmp/install-sqlite.sh     && docker-php-ext-install -j2         pdo_mysql         pdo_pgsql         mysqli     && php -r '$v = (new PDO("sqlite::memory:"))->query("SELECT sqlite_version()")->fetchColumn(); if (getenv("SQLITE_VERSION") !== "system" && $v !== getenv("SQLITE_VERSION")) { fwrite(STDERR, "Wrong PDO SQLite: $v\n"); exit(1); } if (SQLite3::version()["versionString"] !== $v) { exit(1); }'     && rm /tmp/install-sqlite.sh
#10 CACHED

#11 [stage-0 5/9] COPY --from=composer:2 /usr/bin/composer /usr/local/bin/composer
#11 CACHED

#12 [stage-0 6/9] WORKDIR /app
#12 CACHED

#13 [stage-0 7/9] COPY composer.json composer.lock ./
#13 CACHED

#14 [stage-0 2/9] RUN apt-get update && apt-get install -y     git     unzip     libpq-dev     libsqlite3-dev     && rm -rf /var/lib/apt/lists/*
#14 CACHED

#15 [stage-0 8/9] RUN composer install --no-interaction --no-progress --prefer-dist     && composer check-platform-reqs
#15 CACHED

#16 [stage-0 9/9] COPY . .
#16 DONE 1.2s

#17 exporting to image
#17 exporting layers
#17 exporting layers 2.1s done
#17 exporting manifest sha256:33fee94084141ffc38bfb0839c95e41b803ce9f71706ed82cc1849de22066a79
#17 exporting manifest sha256:33fee94084141ffc38bfb0839c95e41b803ce9f71706ed82cc1849de22066a79 0.1s done
#17 exporting config sha256:4f77fae3084c4a6d04fdb3d7b6e878467f748794ddf24d41bfd8e6d0c61fece2 0.1s done
#17 exporting attestation manifest sha256:c0d1457203aa418967ff8bdc9069db6e833f47e13bacba3fc7c0823134bf9587 0.1s done
#17 exporting manifest list sha256:755980cfce716f9cbb8b154f3ab99baa93f8d46eff59c7f124e25475f616a0d0
#17 exporting manifest list sha256:755980cfce716f9cbb8b154f3ab99baa93f8d46eff59c7f124e25475f616a0d0 0.1s done
#17 naming to docker.io/library/ztd-scenario-matrix:20260927t050251795283z-php8.5-sqlitesystem
#17 naming to docker.io/library/ztd-scenario-matrix:20260927t050251795283z-php8.5-sqlitesystem 0.0s done
#17 unpacking to docker.io/library/ztd-scenario-matrix:20260927t050251795283z-php8.5-sqlitesystem
#17 unpacking to docker.io/library/ztd-scenario-matrix:20260927t050251795283z-php8.5-sqlitesystem 1.0s done
#17 DONE 3.6s

#18 resolving provenance for metadata file
#18 DONE 0.4s
 Image ztd-scenario-matrix:20260927t050251795283z-php8.5-sqlitesystem Built 
