 Image ztd-scenario-matrix:php8.5-sqlitesystem Building 
#1 [internal] load local bake definitions
#1 reading from stdin 839B done
#1 DONE 0.0s

#2 [internal] load build definition from Dockerfile
#2 transferring dockerfile: 1.50kB 0.0s done
#2 DONE 0.0s

#3 [internal] load metadata for docker.io/library/php:8.5-cli-bookworm
#3 ...

#4 [internal] load metadata for docker.io/library/composer:2
#4 DONE 1.5s

#3 [internal] load metadata for docker.io/library/php:8.5-cli-bookworm
#3 DONE 1.8s

#5 [internal] load .dockerignore
#5 transferring context: 109B 0.0s done
#5 DONE 0.0s

#6 [internal] load build context
#6 transferring context: 146.64kB 0.2s done
#6 DONE 0.2s

#7 [stage-0 1/9] FROM docker.io/library/php:8.5-cli-bookworm@sha256:d551e79d694fd91c4fdf34c4adcc52dd2042a064b881e25c319b2533ead0682c
#7 resolve docker.io/library/php:8.5-cli-bookworm@sha256:d551e79d694fd91c4fdf34c4adcc52dd2042a064b881e25c319b2533ead0682c 0.2s done
#7 DONE 0.2s

#8 [stage-0 2/9] RUN apt-get update && apt-get install -y     git     unzip     libpq-dev     libsqlite3-dev     && rm -rf /var/lib/apt/lists/*
#8 CACHED

#9 [stage-0 3/9] COPY docker/install-sqlite.sh /tmp/install-sqlite.sh
#9 CACHED

#10 FROM docker.io/library/composer:2@sha256:9715c7f69044da2a212a5fbde29ee7da24e364d426560ae6367b060236f847d7
#10 resolve docker.io/library/composer:2@sha256:9715c7f69044da2a212a5fbde29ee7da24e364d426560ae6367b060236f847d7 0.3s done
#10 CACHED

#11 [stage-0 4/9] RUN sh /tmp/install-sqlite.sh     && docker-php-ext-install -j2         pdo_mysql         pdo_pgsql         mysqli     && php -r '$v = (new PDO("sqlite::memory:"))->query("SELECT sqlite_version()")->fetchColumn(); if (getenv("SQLITE_VERSION") !== "system" && $v !== getenv("SQLITE_VERSION")) { fwrite(STDERR, "Wrong PDO SQLite: $v\n"); exit(1); } if (SQLite3::version()["versionString"] !== $v) { exit(1); }'     && rm /tmp/install-sqlite.sh
#11 4.427 Configuring for:
#11 4.427 PHP Version:             8.5
#11 4.427 PHP Api Version:         20250925
#11 4.427 Zend Module Api No:      20250925
#11 4.427 Zend Extension Api No:   420250925
#11 5.491 checking for grep that handles long lines and -e... /usr/bin/grep
#11 5.495 checking for egrep... /usr/bin/grep -E
#11 5.497 checking for a sed that does not truncate output... /usr/bin/sed
#11 5.545 checking build system type... aarch64-unknown-linux-gnu
#11 5.554 checking host system type... aarch64-unknown-linux-gnu
#11 5.554 checking target system type... aarch64-unknown-linux-gnu
#11 5.595 shtool:echo:Warning: unable to determine terminal sequence for bold mode
#11 5.634 shtool:echo:Warning: unable to determine terminal sequence for bold mode
#11 5.646 checking for gawk... no
#11 5.646 checking for nawk... nawk
#11 5.647 checking if nawk is broken... no
#11 5.650 checking for pkg-config... /usr/bin/pkg-config
#11 5.650 checking pkg-config is at least version 0.9.0... yes
#11 5.656 checking for cc... cc
#11 5.685 checking whether the C compiler works... yes
#11 5.763 checking for C compiler default output file name... a.out
#11 5.764 checking for suffix of executables... 
#11 5.810 checking whether we are cross compiling... no
#11 5.867 checking for suffix of object files... o
#11 5.894 checking whether the compiler supports GNU C... yes
#11 5.919 checking whether cc accepts -g... yes
#11 5.949 checking for cc option to enable C11 features... none needed
#11 6.018 checking how to run the C preprocessor... cc -E
#11 6.085 checking for icc... no
#11 6.099 checking for suncc... no
#11 6.112 checking for system library directory... lib
#11 6.112 checking if compiler supports -Wl,-rpath,... yes
#11 6.173 checking for PHP prefix... /usr/local
#11 6.173 checking for PHP includes... -I/usr/local/include/php -I/usr/local/include/php/main -I/usr/local/include/php/TSRM -I/usr/local/include/php/Zend -I/usr/local/include/php/ext -I/usr/local/include/php/ext/date/lib
#11 6.173 checking for PHP extension directory... /usr/local/lib/php/extensions/no-debug-non-zts-20250925
#11 6.173 checking for PHP installed headers prefix... /usr/local/include/php
#11 6.173 checking if debugging is enabled... no
#11 6.201 checking if PHP is built with thread safety (ZTS)... no
#11 6.223 
#11 6.223 Configuring extension
#11 6.223 checking for MySQL support for PDO... yes, shared
#11 6.225 checking for MySQL Unix socket location... 
#11 6.225 checking for PDO includes... /usr/local/include/php/ext
#11 6.233 
#11 6.233 Configuring libtool
#11 6.233 checking for a sed that does not truncate output... /usr/bin/sed
#11 6.236 checking for ld used by cc... /usr/bin/ld
#11 6.243 checking if the linker (/usr/bin/ld) is GNU ld... yes
#11 6.246 checking for /usr/bin/ld option to reload object files... -r
#11 6.246 checking for BSD-compatible nm... /usr/bin/nm -B
#11 6.253 checking whether ln -s works... yes
#11 6.253 checking how to recognize dependent libraries... pass_all
#11 6.254 checking for stdio.h... yes
#11 6.281 checking for stdlib.h... yes
#11 6.312 checking for string.h... yes
#11 6.343 checking for inttypes.h... yes
#11 6.377 checking for stdint.h... yes
#11 6.407 checking for strings.h... yes
#11 6.434 checking for sys/stat.h... yes
#11 6.465 checking for sys/types.h... yes
#11 6.498 checking for unistd.h... yes
#11 6.532 checking for dlfcn.h... yes
#11 6.571 checking the maximum length of command line arguments... 1572864
#11 6.577 checking command to parse /usr/bin/nm -B output from cc object... ok
#11 6.658 checking for objdir... .libs
#11 6.662 checking for ar... ar
#11 6.663 checking for ranlib... ranlib
#11 6.663 checking for strip... strip
#11 6.865 checking if cc supports -fno-rtti -fno-exceptions... no
#11 6.913 checking for cc option to produce PIC... -fPIC
#11 6.914 checking if cc PIC flag -fPIC works... yes
#11 6.955 checking if cc static flag -static works... yes
#11 7.099 checking if cc supports -c -o file.o... yes
#11 7.149 checking whether the cc linker (/usr/bin/ld) supports shared libraries... yes
#11 7.171 checking whether -lc should be explicitly linked in... no
#11 7.216 checking dynamic linker characteristics... GNU/Linux ld.so
#11 7.238 checking how to hardcode library paths into programs... immediate
#11 7.238 checking whether stripping libraries is possible... yes
#11 7.244 checking if libtool supports shared libraries... yes
#11 7.244 checking whether to build shared libraries... yes
#11 7.244 checking whether to build static libraries... no
#11 7.490 
#11 7.490 creating libtool
#11 7.519 appending configuration tag "CXX" to libtool
#11 7.529 
#11 7.529 Generating files
#11 7.573 configure: creating build directories
#11 7.611 configure: creating Makefile
#11 7.616 configure: patching config.h.in
#11 7.623 configure: creating ./config.status
#11 7.730 config.status: creating config.h
#11 7.799 /bin/bash /usr/src/php/ext/pdo_mysql/libtool --tag=CC --mode=compile cc -I. -I/usr/src/php/ext/pdo_mysql -I/usr/local/include/php -I/usr/local/include/php/main -I/usr/local/include/php/TSRM -I/usr/local/include/php/Zend -I/usr/local/include/php/ext -I/usr/local/include/php/ext/date/lib  -fstack-protector-strong -fpic -fpie -O2 -D_LARGEFILE_SOURCE -D_FILE_OFFSET_BITS=64 -DHAVE_CONFIG_H  -fstack-protector-strong -fpic -fpie -O2 -D_LARGEFILE_SOURCE -D_FILE_OFFSET_BITS=64 -D_GNU_SOURCE   -DZEND_ENABLE_STATIC_TSRMLS_CACHE=1 -DZEND_COMPILE_DL_EXT=1 -c /usr/src/php/ext/pdo_mysql/pdo_mysql.c -o pdo_mysql.lo  -MMD -MF pdo_mysql.dep -MT pdo_mysql.lo
#11 7.799 /bin/bash /usr/src/php/ext/pdo_mysql/libtool --tag=CC --mode=compile cc -I. -I/usr/src/php/ext/pdo_mysql -I/usr/local/include/php -I/usr/local/include/php/main -I/usr/local/include/php/TSRM -I/usr/local/include/php/Zend -I/usr/local/include/php/ext -I/usr/local/include/php/ext/date/lib  -fstack-protector-strong -fpic -fpie -O2 -D_LARGEFILE_SOURCE -D_FILE_OFFSET_BITS=64 -DHAVE_CONFIG_H  -fstack-protector-strong -fpic -fpie -O2 -D_LARGEFILE_SOURCE -D_FILE_OFFSET_BITS=64 -D_GNU_SOURCE   -DZEND_ENABLE_STATIC_TSRMLS_CACHE=1 -DZEND_COMPILE_DL_EXT=1 -c /usr/src/php/ext/pdo_mysql/mysql_driver.c -o mysql_driver.lo  -MMD -MF mysql_driver.dep -MT mysql_driver.lo
#11 7.929 mkdir .libs
#11 7.930 mkdir .libs
#11 7.931 mkdir: cannot create directory '.libs': File exists
#11 7.931  cc -I. -I/usr/src/php/ext/pdo_mysql -I/usr/local/include/php -I/usr/local/include/php/main -I/usr/local/include/php/TSRM -I/usr/local/include/php/Zend -I/usr/local/include/php/ext -I/usr/local/include/php/ext/date/lib -fstack-protector-strong -fpic -fpie -O2 -D_LARGEFILE_SOURCE -D_FILE_OFFSET_BITS=64 -DHAVE_CONFIG_H -fstack-protector-strong -fpic -fpie -O2 -D_LARGEFILE_SOURCE -D_FILE_OFFSET_BITS=64 -D_GNU_SOURCE -DZEND_ENABLE_STATIC_TSRMLS_CACHE=1 -DZEND_COMPILE_DL_EXT=1 -c /usr/src/php/ext/pdo_mysql/pdo_mysql.c -MMD -MF pdo_mysql.dep -MT pdo_mysql.lo  -fPIC -DPIC -o .libs/pdo_mysql.o
#11 7.933  cc -I. -I/usr/src/php/ext/pdo_mysql -I/usr/local/include/php -I/usr/local/include/php/main -I/usr/local/include/php/TSRM -I/usr/local/include/php/Zend -I/usr/local/include/php/ext -I/usr/local/include/php/ext/date/lib -fstack-protector-strong -fpic -fpie -O2 -D_LARGEFILE_SOURCE -D_FILE_OFFSET_BITS=64 -DHAVE_CONFIG_H -fstack-protector-strong -fpic -fpie -O2 -D_LARGEFILE_SOURCE -D_FILE_OFFSET_BITS=64 -D_GNU_SOURCE -DZEND_ENABLE_STATIC_TSRMLS_CACHE=1 -DZEND_COMPILE_DL_EXT=1 -c /usr/src/php/ext/pdo_mysql/mysql_driver.c -MMD -MF mysql_driver.dep -MT mysql_driver.lo  -fPIC -DPIC -o .libs/mysql_driver.o
#11 8.994 /bin/bash /usr/src/php/ext/pdo_mysql/libtool --tag=CC --mode=compile cc -I. -I/usr/src/php/ext/pdo_mysql -I/usr/local/include/php -I/usr/local/include/php/main -I/usr/local/include/php/TSRM -I/usr/local/include/php/Zend -I/usr/local/include/php/ext -I/usr/local/include/php/ext/date/lib  -fstack-protector-strong -fpic -fpie -O2 -D_LARGEFILE_SOURCE -D_FILE_OFFSET_BITS=64 -DHAVE_CONFIG_H  -fstack-protector-strong -fpic -fpie -O2 -D_LARGEFILE_SOURCE -D_FILE_OFFSET_BITS=64 -D_GNU_SOURCE   -DZEND_ENABLE_STATIC_TSRMLS_CACHE=1 -DZEND_COMPILE_DL_EXT=1 -c /usr/src/php/ext/pdo_mysql/mysql_statement.c -o mysql_statement.lo  -MMD -MF mysql_statement.dep -MT mysql_statement.lo
#11 9.145  cc -I. -I/usr/src/php/ext/pdo_mysql -I/usr/local/include/php -I/usr/local/include/php/main -I/usr/local/include/php/TSRM -I/usr/local/include/php/Zend -I/usr/local/include/php/ext -I/usr/local/include/php/ext/date/lib -fstack-protector-strong -fpic -fpie -O2 -D_LARGEFILE_SOURCE -D_FILE_OFFSET_BITS=64 -DHAVE_CONFIG_H -fstack-protector-strong -fpic -fpie -O2 -D_LARGEFILE_SOURCE -D_FILE_OFFSET_BITS=64 -D_GNU_SOURCE -DZEND_ENABLE_STATIC_TSRMLS_CACHE=1 -DZEND_COMPILE_DL_EXT=1 -c /usr/src/php/ext/pdo_mysql/mysql_statement.c -MMD -MF mysql_statement.dep -MT mysql_statement.lo  -fPIC -DPIC -o .libs/mysql_statement.o
#11 9.155 /bin/bash /usr/src/php/ext/pdo_mysql/libtool --tag=CC --mode=compile cc -I. -I/usr/src/php/ext/pdo_mysql -I/usr/local/include/php -I/usr/local/include/php/main -I/usr/local/include/php/TSRM -I/usr/local/include/php/Zend -I/usr/local/include/php/ext -I/usr/local/include/php/ext/date/lib  -fstack-protector-strong -fpic -fpie -O2 -D_LARGEFILE_SOURCE -D_FILE_OFFSET_BITS=64 -DHAVE_CONFIG_H  -fstack-protector-strong -fpic -fpie -O2 -D_LARGEFILE_SOURCE -D_FILE_OFFSET_BITS=64 -D_GNU_SOURCE   -DZEND_ENABLE_STATIC_TSRMLS_CACHE=1 -DZEND_COMPILE_DL_EXT=1 -c /usr/src/php/ext/pdo_mysql/mysql_sql_parser.c -o mysql_sql_parser.lo  -MMD -MF mysql_sql_parser.dep -MT mysql_sql_parser.lo
#11 9.363  cc -I. -I/usr/src/php/ext/pdo_mysql -I/usr/local/include/php -I/usr/local/include/php/main -I/usr/local/include/php/TSRM -I/usr/local/include/php/Zend -I/usr/local/include/php/ext -I/usr/local/include/php/ext/date/lib -fstack-protector-strong -fpic -fpie -O2 -D_LARGEFILE_SOURCE -D_FILE_OFFSET_BITS=64 -DHAVE_CONFIG_H -fstack-protector-strong -fpic -fpie -O2 -D_LARGEFILE_SOURCE -D_FILE_OFFSET_BITS=64 -D_GNU_SOURCE -DZEND_ENABLE_STATIC_TSRMLS_CACHE=1 -DZEND_COMPILE_DL_EXT=1 -c /usr/src/php/ext/pdo_mysql/mysql_sql_parser.c -MMD -MF mysql_sql_parser.dep -MT mysql_sql_parser.lo  -fPIC -DPIC -o .libs/mysql_sql_parser.o
#11 9.978 /bin/bash /usr/src/php/ext/pdo_mysql/libtool --tag=CC --mode=link cc -shared -I/usr/local/include/php -I/usr/local/include/php/main -I/usr/local/include/php/TSRM -I/usr/local/include/php/Zend -I/usr/local/include/php/ext -I/usr/local/include/php/ext/date/lib  -fstack-protector-strong -fpic -fpie -O2 -D_LARGEFILE_SOURCE -D_FILE_OFFSET_BITS=64 -DHAVE_CONFIG_H  -fstack-protector-strong -fpic -fpie -O2 -D_LARGEFILE_SOURCE -D_FILE_OFFSET_BITS=64 -D_GNU_SOURCE  -Wl,-O1 -pie  -o pdo_mysql.la -export-dynamic -avoid-version -prefer-pic -module -rpath /usr/src/php/ext/pdo_mysql/modules  pdo_mysql.lo mysql_driver.lo mysql_statement.lo mysql_sql_parser.lo 
#11 10.08 cc -shared  .libs/pdo_mysql.o .libs/mysql_driver.o .libs/mysql_statement.o .libs/mysql_sql_parser.o   -Wl,-O1 -Wl,-soname -Wl,pdo_mysql.so -o .libs/pdo_mysql.so
#11 10.10 creating pdo_mysql.la
#11 10.11 (cd .libs && rm -f pdo_mysql.la && ln -s ../pdo_mysql.la pdo_mysql.la)
#11 10.11 /bin/bash /usr/src/php/ext/pdo_mysql/libtool --tag=CC --mode=install cp ./pdo_mysql.la /usr/src/php/ext/pdo_mysql/modules
#11 10.14 cp ./.libs/pdo_mysql.so /usr/src/php/ext/pdo_mysql/modules/pdo_mysql.so
#11 10.14 cp ./.libs/pdo_mysql.lai /usr/src/php/ext/pdo_mysql/modules/pdo_mysql.la
#11 10.17 PATH="$PATH:/sbin" ldconfig -n /usr/src/php/ext/pdo_mysql/modules
#11 10.17 ----------------------------------------------------------------------
#11 10.17 Libraries have been installed in:
#11 10.17    /usr/src/php/ext/pdo_mysql/modules
#11 10.17 
#11 10.17 If you ever happen to want to link against installed libraries
#11 10.17 in a given directory, LIBDIR, you must either use libtool, and
#11 10.17 specify the full pathname of the library, or use the `-LLIBDIR'
#11 10.17 flag during linking and do at least one of the following:
#11 10.17    - add LIBDIR to the `LD_LIBRARY_PATH' environment variable
#11 10.17      during execution
#11 10.17    - add LIBDIR to the `LD_RUN_PATH' environment variable
#11 10.17      during linking
#11 10.17    - use the `-Wl,--rpath -Wl,LIBDIR' linker flag
#11 10.17    - have your system administrator add LIBDIR to `/etc/ld.so.conf'
#11 10.17 
#11 10.17 See any operating system documentation about shared libraries for
#11 10.17 more information, such as the ld(1) and ld.so(8) manual pages.
#11 10.18 ----------------------------------------------------------------------
#11 10.18 
#11 10.18 Build complete.
#11 10.18 Don't forget to run 'make test'.
#11 10.18 
#11 10.25 + strip --strip-all modules/pdo_mysql.so
#11 10.28 Installing shared extensions:     /usr/local/lib/php/extensions/no-debug-non-zts-20250925/
#11 10.39 find . -name \*.gcno -o -name \*.gcda | xargs rm -f
#11 10.39 find . -name \*.lo -o -name \*.o -o -name \*.dep | xargs rm -f
#11 10.40 find . -name \*.la -o -name \*.a | xargs rm -f
#11 10.40 find . -name \*.so | xargs rm -f
#11 10.41 find . -name .libs -a -type d|xargs rm -rf
#11 10.41 rm -f libphp.la        modules/* libs/*
#11 10.42 rm -f ext/opcache/jit/ir/gen_ir_fold_hash
#11 10.42 rm -f ext/opcache/jit/ir/minilua
#11 10.42 rm -f ext/opcache/jit/ir/ir_fold_hash.h
#11 10.42 rm -f ext/opcache/jit/ir/ir_emit_x86.h
#11 10.43 rm -f ext/opcache/jit/ir/ir_emit_aarch64.h
#11 10.47 Configuring for:
#11 10.47 PHP Version:             8.5
#11 10.47 PHP Api Version:         20250925
#11 10.47 Zend Module Api No:      20250925
#11 10.47 Zend Extension Api No:   420250925
#11 11.48 checking for grep that handles long lines and -e... /usr/bin/grep
#11 11.48 checking for egrep... /usr/bin/grep -E
#11 11.49 checking for a sed that does not truncate output... /usr/bin/sed
#11 11.52 checking build system type... aarch64-unknown-linux-gnu
#11 11.53 checking host system type... aarch64-unknown-linux-gnu
#11 11.53 checking target system type... aarch64-unknown-linux-gnu
#11 11.57 shtool:echo:Warning: unable to determine terminal sequence for bold mode
#11 11.62 shtool:echo:Warning: unable to determine terminal sequence for bold mode
#11 11.64 checking for gawk... no
#11 11.65 checking for nawk... nawk
#11 11.65 checking if nawk is broken... no
#11 11.66 checking for pkg-config... /usr/bin/pkg-config
#11 11.66 checking pkg-config is at least version 0.9.0... yes
#11 11.67 checking for cc... cc
#11 11.73 checking whether the C compiler works... yes
#11 11.81 checking for C compiler default output file name... a.out
#11 11.81 checking for suffix of executables... 
#11 11.89 checking whether we are cross compiling... no
#11 11.96 checking for suffix of object files... o
#11 11.99 checking whether the compiler supports GNU C... yes
#11 12.03 checking whether cc accepts -g... yes
#11 12.06 checking for cc option to enable C11 features... none needed
#11 12.14 checking how to run the C preprocessor... cc -E
#11 12.23 checking for icc... no
#11 12.25 checking for suncc... no
#11 12.27 checking for system library directory... lib
#11 12.27 checking if compiler supports -Wl,-rpath,... yes
#11 12.50 checking for PHP prefix... /usr/local
#11 12.50 checking for PHP includes... -I/usr/local/include/php -I/usr/local/include/php/main -I/usr/local/include/php/TSRM -I/usr/local/include/php/Zend -I/usr/local/include/php/ext -I/usr/local/include/php/ext/date/lib
#11 12.50 checking for PHP extension directory... /usr/local/lib/php/extensions/no-debug-non-zts-20250925
#11 12.50 checking for PHP installed headers prefix... /usr/local/include/php
#11 12.50 checking if debugging is enabled... no
#11 12.55 checking if PHP is built with thread safety (ZTS)... no
#11 12.64 
#11 12.64 Configuring extension
#11 12.64 checking for PostgreSQL support for PDO... yes, shared
#11 12.64 checking for libpq >= 10.0... yes
#11 12.70 checking for PQencryptPasswordConn in -lpq... yes
#11 12.87 checking for PQresultMemorySize in -lpq... yes
#11 13.01 checking for PQclosePrepared in -lpq... no
#11 13.09 checking for PQclosePortal in -lpq... no
#11 13.16 checking for PDO includes... /usr/local/include/php/ext
#11 13.17 
#11 13.17 Configuring libtool
#11 13.17 checking for a sed that does not truncate output... /usr/bin/sed
#11 13.17 checking for ld used by cc... /usr/bin/ld
#11 13.18 checking if the linker (/usr/bin/ld) is GNU ld... yes
#11 13.18 checking for /usr/bin/ld option to reload object files... -r
#11 13.18 checking for BSD-compatible nm... /usr/bin/nm -B
#11 13.18 checking whether ln -s works... yes
#11 13.18 checking how to recognize dependent libraries... pass_all
#11 13.19 checking for stdio.h... yes
#11 13.22 checking for stdlib.h... yes
#11 13.25 checking for string.h... yes
#11 13.29 checking for inttypes.h... yes
#11 13.33 checking for stdint.h... yes
#11 13.37 checking for strings.h... yes
#11 13.40 checking for sys/stat.h... yes
#11 13.45 checking for sys/types.h... yes
#11 13.50 checking for unistd.h... yes
#11 13.56 checking for dlfcn.h... yes
#11 13.62 checking the maximum length of command line arguments... 1572864
#11 13.63 checking command to parse /usr/bin/nm -B output from cc object... ok
#11 13.74 checking for objdir... .libs
#11 13.74 checking for ar... ar
#11 13.74 checking for ranlib... ranlib
#11 13.75 checking for strip... strip
#11 13.83 checking if cc supports -fno-rtti -fno-exceptions... no
#11 13.86 checking for cc option to produce PIC... -fPIC
#11 13.86 checking if cc PIC flag -fPIC works... yes
#11 13.90 checking if cc static flag -static works... yes
#11 14.00 checking if cc supports -c -o file.o... yes
#11 14.04 checking whether the cc linker (/usr/bin/ld) supports shared libraries... yes
#11 14.06 checking whether -lc should be explicitly linked in... no
#11 14.10 checking dynamic linker characteristics... GNU/Linux ld.so
#11 14.12 checking how to hardcode library paths into programs... immediate
#11 14.12 checking whether stripping libraries is possible... yes
#11 14.12 checking if libtool supports shared libraries... yes
#11 14.12 checking whether to build shared libraries... yes
#11 14.12 checking whether to build static libraries... no
#11 14.33 
#11 14.33 creating libtool
#11 14.36 appending configuration tag "CXX" to libtool
#11 14.37 
#11 14.37 Generating files
#11 14.40 configure: creating build directories
#11 14.42 configure: creating Makefile
#11 14.43 configure: patching config.h.in
#11 14.43 configure: creating ./config.status
#11 14.49 config.status: creating config.h
#11 14.53 /bin/bash /usr/src/php/ext/pdo_pgsql/libtool --tag=CC --mode=compile cc -I. -I/usr/src/php/ext/pdo_pgsql -I/usr/local/include/php -I/usr/local/include/php/main -I/usr/local/include/php/TSRM -I/usr/local/include/php/Zend -I/usr/local/include/php/ext -I/usr/local/include/php/ext/date/lib -I/usr/include/postgresql  -fstack-protector-strong -fpic -fpie -O2 -D_LARGEFILE_SOURCE -D_FILE_OFFSET_BITS=64 -DHAVE_CONFIG_H  -fstack-protector-strong -fpic -fpie -O2 -D_LARGEFILE_SOURCE -D_FILE_OFFSET_BITS=64 -D_GNU_SOURCE    -DZEND_COMPILE_DL_EXT=1 -c /usr/src/php/ext/pdo_pgsql/pdo_pgsql.c -o pdo_pgsql.lo  -MMD -MF pdo_pgsql.dep -MT pdo_pgsql.lo
#11 14.53 /bin/bash /usr/src/php/ext/pdo_pgsql/libtool --tag=CC --mode=compile cc -I. -I/usr/src/php/ext/pdo_pgsql -I/usr/local/include/php -I/usr/local/include/php/main -I/usr/local/include/php/TSRM -I/usr/local/include/php/Zend -I/usr/local/include/php/ext -I/usr/local/include/php/ext/date/lib -I/usr/include/postgresql  -fstack-protector-strong -fpic -fpie -O2 -D_LARGEFILE_SOURCE -D_FILE_OFFSET_BITS=64 -DHAVE_CONFIG_H  -fstack-protector-strong -fpic -fpie -O2 -D_LARGEFILE_SOURCE -D_FILE_OFFSET_BITS=64 -D_GNU_SOURCE    -DZEND_COMPILE_DL_EXT=1 -c /usr/src/php/ext/pdo_pgsql/pgsql_driver.c -o pgsql_driver.lo  -MMD -MF pgsql_driver.dep -MT pgsql_driver.lo
#11 14.66 mkdir .libs
#11 14.66  cc -I. -I/usr/src/php/ext/pdo_pgsql -I/usr/local/include/php -I/usr/local/include/php/main -I/usr/local/include/php/TSRM -I/usr/local/include/php/Zend -I/usr/local/include/php/ext -I/usr/local/include/php/ext/date/lib -I/usr/include/postgresql -fstack-protector-strong -fpic -fpie -O2 -D_LARGEFILE_SOURCE -D_FILE_OFFSET_BITS=64 -DHAVE_CONFIG_H -fstack-protector-strong -fpic -fpie -O2 -D_LARGEFILE_SOURCE -D_FILE_OFFSET_BITS=64 -D_GNU_SOURCE -DZEND_COMPILE_DL_EXT=1 -c /usr/src/php/ext/pdo_pgsql/pgsql_driver.c -MMD -MF pgsql_driver.dep -MT pgsql_driver.lo  -fPIC -DPIC -o .libs/pgsql_driver.o
#11 14.66  cc -I. -I/usr/src/php/ext/pdo_pgsql -I/usr/local/include/php -I/usr/local/include/php/main -I/usr/local/include/php/TSRM -I/usr/local/include/php/Zend -I/usr/local/include/php/ext -I/usr/local/include/php/ext/date/lib -I/usr/include/postgresql -fstack-protector-strong -fpic -fpie -O2 -D_LARGEFILE_SOURCE -D_FILE_OFFSET_BITS=64 -DHAVE_CONFIG_H -fstack-protector-strong -fpic -fpie -O2 -D_LARGEFILE_SOURCE -D_FILE_OFFSET_BITS=64 -D_GNU_SOURCE -DZEND_COMPILE_DL_EXT=1 -c /usr/src/php/ext/pdo_pgsql/pdo_pgsql.c -MMD -MF pdo_pgsql.dep -MT pdo_pgsql.lo  -fPIC -DPIC -o .libs/pdo_pgsql.o
#11 15.73 /bin/bash /usr/src/php/ext/pdo_pgsql/libtool --tag=CC --mode=compile cc -I. -I/usr/src/php/ext/pdo_pgsql -I/usr/local/include/php -I/usr/local/include/php/main -I/usr/local/include/php/TSRM -I/usr/local/include/php/Zend -I/usr/local/include/php/ext -I/usr/local/include/php/ext/date/lib -I/usr/include/postgresql  -fstack-protector-strong -fpic -fpie -O2 -D_LARGEFILE_SOURCE -D_FILE_OFFSET_BITS=64 -DHAVE_CONFIG_H  -fstack-protector-strong -fpic -fpie -O2 -D_LARGEFILE_SOURCE -D_FILE_OFFSET_BITS=64 -D_GNU_SOURCE    -DZEND_COMPILE_DL_EXT=1 -c /usr/src/php/ext/pdo_pgsql/pgsql_statement.c -o pgsql_statement.lo  -MMD -MF pgsql_statement.dep -MT pgsql_statement.lo
#11 16.02  cc -I. -I/usr/src/php/ext/pdo_pgsql -I/usr/local/include/php -I/usr/local/include/php/main -I/usr/local/include/php/TSRM -I/usr/local/include/php/Zend -I/usr/local/include/php/ext -I/usr/local/include/php/ext/date/lib -I/usr/include/postgresql -fstack-protector-strong -fpic -fpie -O2 -D_LARGEFILE_SOURCE -D_FILE_OFFSET_BITS=64 -DHAVE_CONFIG_H -fstack-protector-strong -fpic -fpie -O2 -D_LARGEFILE_SOURCE -D_FILE_OFFSET_BITS=64 -D_GNU_SOURCE -DZEND_COMPILE_DL_EXT=1 -c /usr/src/php/ext/pdo_pgsql/pgsql_statement.c -MMD -MF pgsql_statement.dep -MT pgsql_statement.lo  -fPIC -DPIC -o .libs/pgsql_statement.o
#11 16.49 /bin/bash /usr/src/php/ext/pdo_pgsql/libtool --tag=CC --mode=compile cc -I. -I/usr/src/php/ext/pdo_pgsql -I/usr/local/include/php -I/usr/local/include/php/main -I/usr/local/include/php/TSRM -I/usr/local/include/php/Zend -I/usr/local/include/php/ext -I/usr/local/include/php/ext/date/lib -I/usr/include/postgresql  -fstack-protector-strong -fpic -fpie -O2 -D_LARGEFILE_SOURCE -D_FILE_OFFSET_BITS=64 -DHAVE_CONFIG_H  -fstack-protector-strong -fpic -fpie -O2 -D_LARGEFILE_SOURCE -D_FILE_OFFSET_BITS=64 -D_GNU_SOURCE    -DZEND_COMPILE_DL_EXT=1 -c /usr/src/php/ext/pdo_pgsql/pgsql_sql_parser.c -o pgsql_sql_parser.lo  -MMD -MF pgsql_sql_parser.dep -MT pgsql_sql_parser.lo
#11 16.65  cc -I. -I/usr/src/php/ext/pdo_pgsql -I/usr/local/include/php -I/usr/local/include/php/main -I/usr/local/include/php/TSRM -I/usr/local/include/php/Zend -I/usr/local/include/php/ext -I/usr/local/include/php/ext/date/lib -I/usr/include/postgresql -fstack-protector-strong -fpic -fpie -O2 -D_LARGEFILE_SOURCE -D_FILE_OFFSET_BITS=64 -DHAVE_CONFIG_H -fstack-protector-strong -fpic -fpie -O2 -D_LARGEFILE_SOURCE -D_FILE_OFFSET_BITS=64 -D_GNU_SOURCE -DZEND_COMPILE_DL_EXT=1 -c /usr/src/php/ext/pdo_pgsql/pgsql_sql_parser.c -MMD -MF pgsql_sql_parser.dep -MT pgsql_sql_parser.lo  -fPIC -DPIC -o .libs/pgsql_sql_parser.o
#11 17.23 /bin/bash /usr/src/php/ext/pdo_pgsql/libtool --tag=CC --mode=link cc -shared -I/usr/local/include/php -I/usr/local/include/php/main -I/usr/local/include/php/TSRM -I/usr/local/include/php/Zend -I/usr/local/include/php/ext -I/usr/local/include/php/ext/date/lib -I/usr/include/postgresql  -fstack-protector-strong -fpic -fpie -O2 -D_LARGEFILE_SOURCE -D_FILE_OFFSET_BITS=64 -DHAVE_CONFIG_H  -fstack-protector-strong -fpic -fpie -O2 -D_LARGEFILE_SOURCE -D_FILE_OFFSET_BITS=64 -D_GNU_SOURCE  -Wl,-O1 -pie  -o pdo_pgsql.la -export-dynamic -avoid-version -prefer-pic -module -rpath /usr/src/php/ext/pdo_pgsql/modules  pdo_pgsql.lo pgsql_driver.lo pgsql_statement.lo pgsql_sql_parser.lo -lpq
#11 17.37 cc -shared  .libs/pdo_pgsql.o .libs/pgsql_driver.o .libs/pgsql_statement.o .libs/pgsql_sql_parser.o  -lpq  -Wl,-O1 -Wl,-soname -Wl,pdo_pgsql.so -o .libs/pdo_pgsql.so
#11 17.40 creating pdo_pgsql.la
#11 17.41 (cd .libs && rm -f pdo_pgsql.la && ln -s ../pdo_pgsql.la pdo_pgsql.la)
#11 17.42 /bin/bash /usr/src/php/ext/pdo_pgsql/libtool --tag=CC --mode=install cp ./pdo_pgsql.la /usr/src/php/ext/pdo_pgsql/modules
#11 17.46 cp ./.libs/pdo_pgsql.so /usr/src/php/ext/pdo_pgsql/modules/pdo_pgsql.so
#11 17.46 cp ./.libs/pdo_pgsql.lai /usr/src/php/ext/pdo_pgsql/modules/pdo_pgsql.la
#11 17.49 PATH="$PATH:/sbin" ldconfig -n /usr/src/php/ext/pdo_pgsql/modules
#11 17.49 ----------------------------------------------------------------------
#11 17.49 Libraries have been installed in:
#11 17.49    /usr/src/php/ext/pdo_pgsql/modules
#11 17.49 
#11 17.49 If you ever happen to want to link against installed libraries
#11 17.49 in a given directory, LIBDIR, you must either use libtool, and
#11 17.49 specify the full pathname of the library, or use the `-LLIBDIR'
#11 17.49 flag during linking and do at least one of the following:
#11 17.49    - add LIBDIR to the `LD_LIBRARY_PATH' environment variable
#11 17.49      during execution
#11 17.49    - add LIBDIR to the `LD_RUN_PATH' environment variable
#11 17.49      during linking
#11 17.49    - use the `-Wl,--rpath -Wl,LIBDIR' linker flag
#11 17.49    - have your system administrator add LIBDIR to `/etc/ld.so.conf'
#11 17.49 
#11 17.49 See any operating system documentation about shared libraries for
#11 17.49 more information, such as the ld(1) and ld.so(8) manual pages.
#11 17.50 ----------------------------------------------------------------------
#11 17.50 
#11 17.50 Build complete.
#11 17.50 Don't forget to run 'make test'.
#11 17.50 
#11 17.53 + strip --strip-all modules/pdo_pgsql.so
#11 17.56 Installing shared extensions:     /usr/local/lib/php/extensions/no-debug-non-zts-20250925/
#11 17.65 find . -name \*.gcno -o -name \*.gcda | xargs rm -f
#11 17.66 find . -name \*.lo -o -name \*.o -o -name \*.dep | xargs rm -f
#11 17.66 find . -name \*.la -o -name \*.a | xargs rm -f
#11 17.67 find . -name \*.so | xargs rm -f
#11 17.67 find . -name .libs -a -type d|xargs rm -rf
#11 17.68 rm -f libphp.la        modules/* libs/*
#11 17.68 rm -f ext/opcache/jit/ir/gen_ir_fold_hash
#11 17.68 rm -f ext/opcache/jit/ir/minilua
#11 17.68 rm -f ext/opcache/jit/ir/ir_fold_hash.h
#11 17.68 rm -f ext/opcache/jit/ir/ir_emit_x86.h
#11 17.68 rm -f ext/opcache/jit/ir/ir_emit_aarch64.h
#11 17.72 Configuring for:
#11 17.72 PHP Version:             8.5
#11 17.72 PHP Api Version:         20250925
#11 17.72 Zend Module Api No:      20250925
#11 17.72 Zend Extension Api No:   420250925
#11 18.80 checking for grep that handles long lines and -e... /usr/bin/grep
#11 18.80 checking for egrep... /usr/bin/grep -E
#11 18.80 checking for a sed that does not truncate output... /usr/bin/sed
#11 18.85 checking build system type... aarch64-unknown-linux-gnu
#11 18.86 checking host system type... aarch64-unknown-linux-gnu
#11 18.86 checking target system type... aarch64-unknown-linux-gnu
#11 18.90 shtool:echo:Warning: unable to determine terminal sequence for bold mode
#11 18.95 shtool:echo:Warning: unable to determine terminal sequence for bold mode
#11 18.96 checking for gawk... no
#11 18.96 checking for nawk... nawk
#11 18.96 checking if nawk is broken... no
#11 18.97 checking for pkg-config... /usr/bin/pkg-config
#11 18.97 checking pkg-config is at least version 0.9.0... yes
#11 18.97 checking for cc... cc
#11 19.00 checking whether the C compiler works... yes
#11 19.19 checking for C compiler default output file name... a.out
#11 19.20 checking for suffix of executables... 
#11 19.28 checking whether we are cross compiling... no
#11 19.36 checking for suffix of object files... o
#11 19.41 checking whether the compiler supports GNU C... yes
#11 19.49 checking whether cc accepts -g... yes
#11 19.53 checking for cc option to enable C11 features... none needed
#11 19.63 checking how to run the C preprocessor... cc -E
#11 19.76 checking for icc... no
#11 19.81 checking for suncc... no
#11 19.88 checking for system library directory... lib
#11 19.88 checking if compiler supports -Wl,-rpath,... yes
#11 20.10 checking for PHP prefix... /usr/local
#11 20.10 checking for PHP includes... -I/usr/local/include/php -I/usr/local/include/php/main -I/usr/local/include/php/TSRM -I/usr/local/include/php/Zend -I/usr/local/include/php/ext -I/usr/local/include/php/ext/date/lib
#11 20.10 checking for PHP extension directory... /usr/local/lib/php/extensions/no-debug-non-zts-20250925
#11 20.10 checking for PHP installed headers prefix... /usr/local/include/php
#11 20.10 checking if debugging is enabled... no
#11 20.15 checking if PHP is built with thread safety (ZTS)... no
#11 20.18 
#11 20.18 Configuring extension
#11 20.18 checking for MySQLi support... yes, shared
#11 20.18 checking for specified location of the MySQL Unix socket... no
#11 20.18 checking for MySQL Unix socket location... no
#11 20.21 
#11 20.21 Configuring libtool
#11 20.21 checking for a sed that does not truncate output... /usr/bin/sed
#11 20.22 checking for ld used by cc... /usr/bin/ld
#11 20.23 checking if the linker (/usr/bin/ld) is GNU ld... yes
#11 20.23 checking for /usr/bin/ld option to reload object files... -r
#11 20.24 checking for BSD-compatible nm... /usr/bin/nm -B
#11 20.24 checking whether ln -s works... yes
#11 20.24 checking how to recognize dependent libraries... pass_all
#11 20.24 checking for stdio.h... yes
#11 20.28 checking for stdlib.h... yes
#11 20.32 checking for string.h... yes
#11 20.36 checking for inttypes.h... yes
#11 20.40 checking for stdint.h... yes
#11 20.46 checking for strings.h... yes
#11 20.51 checking for sys/stat.h... yes
#11 20.63 checking for sys/types.h... yes
#11 20.78 checking for unistd.h... yes
#11 20.89 checking for dlfcn.h... yes
#11 20.96 checking the maximum length of command line arguments... 1572864
#11 20.97 checking command to parse /usr/bin/nm -B output from cc object... ok
#11 21.12 checking for objdir... .libs
#11 21.13 checking for ar... ar
#11 21.13 checking for ranlib... ranlib
#11 21.13 checking for strip... strip
#11 21.22 checking if cc supports -fno-rtti -fno-exceptions... no
#11 21.26 checking for cc option to produce PIC... -fPIC
#11 21.26 checking if cc PIC flag -fPIC works... yes
#11 21.30 checking if cc static flag -static works... yes
#11 21.41 checking if cc supports -c -o file.o... yes
#11 21.47 checking whether the cc linker (/usr/bin/ld) supports shared libraries... yes
#11 21.51 checking whether -lc should be explicitly linked in... no
#11 21.58 checking dynamic linker characteristics... GNU/Linux ld.so
#11 21.62 checking how to hardcode library paths into programs... immediate
#11 21.62 checking whether stripping libraries is possible... yes
#11 21.63 checking if libtool supports shared libraries... yes
#11 21.63 checking whether to build shared libraries... yes
#11 21.63 checking whether to build static libraries... no
#11 21.89 
#11 21.89 creating libtool
#11 21.92 appending configuration tag "CXX" to libtool
#11 21.93 
#11 21.93 Generating files
#11 21.96 configure: creating build directories
#11 22.00 configure: creating Makefile
#11 22.01 configure: patching config.h.in
#11 22.02 configure: creating ./config.status
#11 22.09 config.status: creating config.h
#11 22.14 /bin/bash /usr/src/php/ext/mysqli/libtool --tag=CC --mode=compile cc -I. -I/usr/src/php/ext/mysqli -I/usr/local/include/php -I/usr/local/include/php/main -I/usr/local/include/php/TSRM -I/usr/local/include/php/Zend -I/usr/local/include/php/ext -I/usr/local/include/php/ext/date/lib  -fstack-protector-strong -fpic -fpie -O2 -D_LARGEFILE_SOURCE -D_FILE_OFFSET_BITS=64 -DHAVE_CONFIG_H  -fstack-protector-strong -fpic -fpie -O2 -D_LARGEFILE_SOURCE -D_FILE_OFFSET_BITS=64 -D_GNU_SOURCE   -DZEND_ENABLE_STATIC_TSRMLS_CACHE=1 -DZEND_COMPILE_DL_EXT=1 -c /usr/src/php/ext/mysqli/mysqli_api.c -o mysqli_api.lo  -MMD -MF mysqli_api.dep -MT mysqli_api.lo
#11 22.15 /bin/bash /usr/src/php/ext/mysqli/libtool --tag=CC --mode=compile cc -I. -I/usr/src/php/ext/mysqli -I/usr/local/include/php -I/usr/local/include/php/main -I/usr/local/include/php/TSRM -I/usr/local/include/php/Zend -I/usr/local/include/php/ext -I/usr/local/include/php/ext/date/lib  -fstack-protector-strong -fpic -fpie -O2 -D_LARGEFILE_SOURCE -D_FILE_OFFSET_BITS=64 -DHAVE_CONFIG_H  -fstack-protector-strong -fpic -fpie -O2 -D_LARGEFILE_SOURCE -D_FILE_OFFSET_BITS=64 -D_GNU_SOURCE   -DZEND_ENABLE_STATIC_TSRMLS_CACHE=1 -DZEND_COMPILE_DL_EXT=1 -c /usr/src/php/ext/mysqli/mysqli_driver.c -o mysqli_driver.lo  -MMD -MF mysqli_driver.dep -MT mysqli_driver.lo
#11 22.30 mkdir .libs
#11 22.30  cc -I. -I/usr/src/php/ext/mysqli -I/usr/local/include/php -I/usr/local/include/php/main -I/usr/local/include/php/TSRM -I/usr/local/include/php/Zend -I/usr/local/include/php/ext -I/usr/local/include/php/ext/date/lib -fstack-protector-strong -fpic -fpie -O2 -D_LARGEFILE_SOURCE -D_FILE_OFFSET_BITS=64 -DHAVE_CONFIG_H -fstack-protector-strong -fpic -fpie -O2 -D_LARGEFILE_SOURCE -D_FILE_OFFSET_BITS=64 -D_GNU_SOURCE -DZEND_ENABLE_STATIC_TSRMLS_CACHE=1 -DZEND_COMPILE_DL_EXT=1 -c /usr/src/php/ext/mysqli/mysqli_driver.c -MMD -MF mysqli_driver.dep -MT mysqli_driver.lo  -fPIC -DPIC -o .libs/mysqli_driver.o
#11 22.30  cc -I. -I/usr/src/php/ext/mysqli -I/usr/local/include/php -I/usr/local/include/php/main -I/usr/local/include/php/TSRM -I/usr/local/include/php/Zend -I/usr/local/include/php/ext -I/usr/local/include/php/ext/date/lib -fstack-protector-strong -fpic -fpie -O2 -D_LARGEFILE_SOURCE -D_FILE_OFFSET_BITS=64 -DHAVE_CONFIG_H -fstack-protector-strong -fpic -fpie -O2 -D_LARGEFILE_SOURCE -D_FILE_OFFSET_BITS=64 -D_GNU_SOURCE -DZEND_ENABLE_STATIC_TSRMLS_CACHE=1 -DZEND_COMPILE_DL_EXT=1 -c /usr/src/php/ext/mysqli/mysqli_api.c -MMD -MF mysqli_api.dep -MT mysqli_api.lo  -fPIC -DPIC -o .libs/mysqli_api.o
#11 23.03 /bin/bash /usr/src/php/ext/mysqli/libtool --tag=CC --mode=compile cc -I. -I/usr/src/php/ext/mysqli -I/usr/local/include/php -I/usr/local/include/php/main -I/usr/local/include/php/TSRM -I/usr/local/include/php/Zend -I/usr/local/include/php/ext -I/usr/local/include/php/ext/date/lib  -fstack-protector-strong -fpic -fpie -O2 -D_LARGEFILE_SOURCE -D_FILE_OFFSET_BITS=64 -DHAVE_CONFIG_H  -fstack-protector-strong -fpic -fpie -O2 -D_LARGEFILE_SOURCE -D_FILE_OFFSET_BITS=64 -D_GNU_SOURCE   -DZEND_ENABLE_STATIC_TSRMLS_CACHE=1 -DZEND_COMPILE_DL_EXT=1 -c /usr/src/php/ext/mysqli/mysqli_exception.c -o mysqli_exception.lo  -MMD -MF mysqli_exception.dep -MT mysqli_exception.lo
#11 23.26  cc -I. -I/usr/src/php/ext/mysqli -I/usr/local/include/php -I/usr/local/include/php/main -I/usr/local/include/php/TSRM -I/usr/local/include/php/Zend -I/usr/local/include/php/ext -I/usr/local/include/php/ext/date/lib -fstack-protector-strong -fpic -fpie -O2 -D_LARGEFILE_SOURCE -D_FILE_OFFSET_BITS=64 -DHAVE_CONFIG_H -fstack-protector-strong -fpic -fpie -O2 -D_LARGEFILE_SOURCE -D_FILE_OFFSET_BITS=64 -D_GNU_SOURCE -DZEND_ENABLE_STATIC_TSRMLS_CACHE=1 -DZEND_COMPILE_DL_EXT=1 -c /usr/src/php/ext/mysqli/mysqli_exception.c -MMD -MF mysqli_exception.dep -MT mysqli_exception.lo  -fPIC -DPIC -o .libs/mysqli_exception.o
#11 24.65 /bin/bash /usr/src/php/ext/mysqli/libtool --tag=CC --mode=compile cc -I. -I/usr/src/php/ext/mysqli -I/usr/local/include/php -I/usr/local/include/php/main -I/usr/local/include/php/TSRM -I/usr/local/include/php/Zend -I/usr/local/include/php/ext -I/usr/local/include/php/ext/date/lib  -fstack-protector-strong -fpic -fpie -O2 -D_LARGEFILE_SOURCE -D_FILE_OFFSET_BITS=64 -DHAVE_CONFIG_H  -fstack-protector-strong -fpic -fpie -O2 -D_LARGEFILE_SOURCE -D_FILE_OFFSET_BITS=64 -D_GNU_SOURCE   -DZEND_ENABLE_STATIC_TSRMLS_CACHE=1 -DZEND_COMPILE_DL_EXT=1 -c /usr/src/php/ext/mysqli/mysqli_nonapi.c -o mysqli_nonapi.lo  -MMD -MF mysqli_nonapi.dep -MT mysqli_nonapi.lo
#11 25.02  cc -I. -I/usr/src/php/ext/mysqli -I/usr/local/include/php -I/usr/local/include/php/main -I/usr/local/include/php/TSRM -I/usr/local/include/php/Zend -I/usr/local/include/php/ext -I/usr/local/include/php/ext/date/lib -fstack-protector-strong -fpic -fpie -O2 -D_LARGEFILE_SOURCE -D_FILE_OFFSET_BITS=64 -DHAVE_CONFIG_H -fstack-protector-strong -fpic -fpie -O2 -D_LARGEFILE_SOURCE -D_FILE_OFFSET_BITS=64 -D_GNU_SOURCE -DZEND_ENABLE_STATIC_TSRMLS_CACHE=1 -DZEND_COMPILE_DL_EXT=1 -c /usr/src/php/ext/mysqli/mysqli_nonapi.c -MMD -MF mysqli_nonapi.dep -MT mysqli_nonapi.lo  -fPIC -DPIC -o .libs/mysqli_nonapi.o
#11 26.11 /bin/bash /usr/src/php/ext/mysqli/libtool --tag=CC --mode=compile cc -I. -I/usr/src/php/ext/mysqli -I/usr/local/include/php -I/usr/local/include/php/main -I/usr/local/include/php/TSRM -I/usr/local/include/php/Zend -I/usr/local/include/php/ext -I/usr/local/include/php/ext/date/lib  -fstack-protector-strong -fpic -fpie -O2 -D_LARGEFILE_SOURCE -D_FILE_OFFSET_BITS=64 -DHAVE_CONFIG_H  -fstack-protector-strong -fpic -fpie -O2 -D_LARGEFILE_SOURCE -D_FILE_OFFSET_BITS=64 -D_GNU_SOURCE   -DZEND_ENABLE_STATIC_TSRMLS_CACHE=1 -DZEND_COMPILE_DL_EXT=1 -c /usr/src/php/ext/mysqli/mysqli_prop.c -o mysqli_prop.lo  -MMD -MF mysqli_prop.dep -MT mysqli_prop.lo
#11 26.47  cc -I. -I/usr/src/php/ext/mysqli -I/usr/local/include/php -I/usr/local/include/php/main -I/usr/local/include/php/TSRM -I/usr/local/include/php/Zend -I/usr/local/include/php/ext -I/usr/local/include/php/ext/date/lib -fstack-protector-strong -fpic -fpie -O2 -D_LARGEFILE_SOURCE -D_FILE_OFFSET_BITS=64 -DHAVE_CONFIG_H -fstack-protector-strong -fpic -fpie -O2 -D_LARGEFILE_SOURCE -D_FILE_OFFSET_BITS=64 -D_GNU_SOURCE -DZEND_ENABLE_STATIC_TSRMLS_CACHE=1 -DZEND_COMPILE_DL_EXT=1 -c /usr/src/php/ext/mysqli/mysqli_prop.c -MMD -MF mysqli_prop.dep -MT mysqli_prop.lo  -fPIC -DPIC -o .libs/mysqli_prop.o
#11 27.18 /bin/bash /usr/src/php/ext/mysqli/libtool --tag=CC --mode=compile cc -I. -I/usr/src/php/ext/mysqli -I/usr/local/include/php -I/usr/local/include/php/main -I/usr/local/include/php/TSRM -I/usr/local/include/php/Zend -I/usr/local/include/php/ext -I/usr/local/include/php/ext/date/lib  -fstack-protector-strong -fpic -fpie -O2 -D_LARGEFILE_SOURCE -D_FILE_OFFSET_BITS=64 -DHAVE_CONFIG_H  -fstack-protector-strong -fpic -fpie -O2 -D_LARGEFILE_SOURCE -D_FILE_OFFSET_BITS=64 -D_GNU_SOURCE   -DZEND_ENABLE_STATIC_TSRMLS_CACHE=1 -DZEND_COMPILE_DL_EXT=1 -c /usr/src/php/ext/mysqli/mysqli_report.c -o mysqli_report.lo  -MMD -MF mysqli_report.dep -MT mysqli_report.lo
#11 27.73  cc -I. -I/usr/src/php/ext/mysqli -I/usr/local/include/php -I/usr/local/include/php/main -I/usr/local/include/php/TSRM -I/usr/local/include/php/Zend -I/usr/local/include/php/ext -I/usr/local/include/php/ext/date/lib -fstack-protector-strong -fpic -fpie -O2 -D_LARGEFILE_SOURCE -D_FILE_OFFSET_BITS=64 -DHAVE_CONFIG_H -fstack-protector-strong -fpic -fpie -O2 -D_LARGEFILE_SOURCE -D_FILE_OFFSET_BITS=64 -D_GNU_SOURCE -DZEND_ENABLE_STATIC_TSRMLS_CACHE=1 -DZEND_COMPILE_DL_EXT=1 -c /usr/src/php/ext/mysqli/mysqli_report.c -MMD -MF mysqli_report.dep -MT mysqli_report.lo  -fPIC -DPIC -o .libs/mysqli_report.o
#11 28.37 /bin/bash /usr/src/php/ext/mysqli/libtool --tag=CC --mode=compile cc -I. -I/usr/src/php/ext/mysqli -I/usr/local/include/php -I/usr/local/include/php/main -I/usr/local/include/php/TSRM -I/usr/local/include/php/Zend -I/usr/local/include/php/ext -I/usr/local/include/php/ext/date/lib  -fstack-protector-strong -fpic -fpie -O2 -D_LARGEFILE_SOURCE -D_FILE_OFFSET_BITS=64 -DHAVE_CONFIG_H  -fstack-protector-strong -fpic -fpie -O2 -D_LARGEFILE_SOURCE -D_FILE_OFFSET_BITS=64 -D_GNU_SOURCE   -DZEND_ENABLE_STATIC_TSRMLS_CACHE=1 -DZEND_COMPILE_DL_EXT=1 -c /usr/src/php/ext/mysqli/mysqli_result_iterator.c -o mysqli_result_iterator.lo  -MMD -MF mysqli_result_iterator.dep -MT mysqli_result_iterator.lo
#11 28.51 /bin/bash /usr/src/php/ext/mysqli/libtool --tag=CC --mode=compile cc -I. -I/usr/src/php/ext/mysqli -I/usr/local/include/php -I/usr/local/include/php/main -I/usr/local/include/php/TSRM -I/usr/local/include/php/Zend -I/usr/local/include/php/ext -I/usr/local/include/php/ext/date/lib  -fstack-protector-strong -fpic -fpie -O2 -D_LARGEFILE_SOURCE -D_FILE_OFFSET_BITS=64 -DHAVE_CONFIG_H  -fstack-protector-strong -fpic -fpie -O2 -D_LARGEFILE_SOURCE -D_FILE_OFFSET_BITS=64 -D_GNU_SOURCE   -DZEND_ENABLE_STATIC_TSRMLS_CACHE=1 -DZEND_COMPILE_DL_EXT=1 -c /usr/src/php/ext/mysqli/mysqli_warning.c -o mysqli_warning.lo  -MMD -MF mysqli_warning.dep -MT mysqli_warning.lo
#11 28.59  cc -I. -I/usr/src/php/ext/mysqli -I/usr/local/include/php -I/usr/local/include/php/main -I/usr/local/include/php/TSRM -I/usr/local/include/php/Zend -I/usr/local/include/php/ext -I/usr/local/include/php/ext/date/lib -fstack-protector-strong -fpic -fpie -O2 -D_LARGEFILE_SOURCE -D_FILE_OFFSET_BITS=64 -DHAVE_CONFIG_H -fstack-protector-strong -fpic -fpie -O2 -D_LARGEFILE_SOURCE -D_FILE_OFFSET_BITS=64 -D_GNU_SOURCE -DZEND_ENABLE_STATIC_TSRMLS_CACHE=1 -DZEND_COMPILE_DL_EXT=1 -c /usr/src/php/ext/mysqli/mysqli_result_iterator.c -MMD -MF mysqli_result_iterator.dep -MT mysqli_result_iterator.lo  -fPIC -DPIC -o .libs/mysqli_result_iterator.o
#11 28.78  cc -I. -I/usr/src/php/ext/mysqli -I/usr/local/include/php -I/usr/local/include/php/main -I/usr/local/include/php/TSRM -I/usr/local/include/php/Zend -I/usr/local/include/php/ext -I/usr/local/include/php/ext/date/lib -fstack-protector-strong -fpic -fpie -O2 -D_LARGEFILE_SOURCE -D_FILE_OFFSET_BITS=64 -DHAVE_CONFIG_H -fstack-protector-strong -fpic -fpie -O2 -D_LARGEFILE_SOURCE -D_FILE_OFFSET_BITS=64 -D_GNU_SOURCE -DZEND_ENABLE_STATIC_TSRMLS_CACHE=1 -DZEND_COMPILE_DL_EXT=1 -c /usr/src/php/ext/mysqli/mysqli_warning.c -MMD -MF mysqli_warning.dep -MT mysqli_warning.lo  -fPIC -DPIC -o .libs/mysqli_warning.o
#11 29.94 /bin/bash /usr/src/php/ext/mysqli/libtool --tag=CC --mode=compile cc -I. -I/usr/src/php/ext/mysqli -I/usr/local/include/php -I/usr/local/include/php/main -I/usr/local/include/php/TSRM -I/usr/local/include/php/Zend -I/usr/local/include/php/ext -I/usr/local/include/php/ext/date/lib  -fstack-protector-strong -fpic -fpie -O2 -D_LARGEFILE_SOURCE -D_FILE_OFFSET_BITS=64 -DHAVE_CONFIG_H  -fstack-protector-strong -fpic -fpie -O2 -D_LARGEFILE_SOURCE -D_FILE_OFFSET_BITS=64 -D_GNU_SOURCE   -DZEND_ENABLE_STATIC_TSRMLS_CACHE=1 -DZEND_COMPILE_DL_EXT=1 -c /usr/src/php/ext/mysqli/mysqli.c -o mysqli.lo  -MMD -MF mysqli.dep -MT mysqli.lo
#11 30.37  cc -I. -I/usr/src/php/ext/mysqli -I/usr/local/include/php -I/usr/local/include/php/main -I/usr/local/include/php/TSRM -I/usr/local/include/php/Zend -I/usr/local/include/php/ext -I/usr/local/include/php/ext/date/lib -fstack-protector-strong -fpic -fpie -O2 -D_LARGEFILE_SOURCE -D_FILE_OFFSET_BITS=64 -DHAVE_CONFIG_H -fstack-protector-strong -fpic -fpie -O2 -D_LARGEFILE_SOURCE -D_FILE_OFFSET_BITS=64 -D_GNU_SOURCE -DZEND_ENABLE_STATIC_TSRMLS_CACHE=1 -DZEND_COMPILE_DL_EXT=1 -c /usr/src/php/ext/mysqli/mysqli.c -MMD -MF mysqli.dep -MT mysqli.lo  -fPIC -DPIC -o .libs/mysqli.o
#11 33.48 /bin/bash /usr/src/php/ext/mysqli/libtool --tag=CC --mode=link cc -shared -I/usr/local/include/php -I/usr/local/include/php/main -I/usr/local/include/php/TSRM -I/usr/local/include/php/Zend -I/usr/local/include/php/ext -I/usr/local/include/php/ext/date/lib  -fstack-protector-strong -fpic -fpie -O2 -D_LARGEFILE_SOURCE -D_FILE_OFFSET_BITS=64 -DHAVE_CONFIG_H  -fstack-protector-strong -fpic -fpie -O2 -D_LARGEFILE_SOURCE -D_FILE_OFFSET_BITS=64 -D_GNU_SOURCE  -Wl,-O1 -pie  -o mysqli.la -export-dynamic -avoid-version -prefer-pic -module -rpath /usr/src/php/ext/mysqli/modules  mysqli_api.lo mysqli_driver.lo mysqli_exception.lo mysqli_nonapi.lo mysqli_prop.lo mysqli_report.lo mysqli_result_iterator.lo mysqli_warning.lo mysqli.lo 
#11 34.38 cc -shared  .libs/mysqli_api.o .libs/mysqli_driver.o .libs/mysqli_exception.o .libs/mysqli_nonapi.o .libs/mysqli_prop.o .libs/mysqli_report.o .libs/mysqli_result_iterator.o .libs/mysqli_warning.o .libs/mysqli.o   -Wl,-O1 -Wl,-soname -Wl,mysqli.so -o .libs/mysqli.so
#11 34.44 creating mysqli.la
#11 34.49 (cd .libs && rm -f mysqli.la && ln -s ../mysqli.la mysqli.la)
#11 34.50 /bin/bash /usr/src/php/ext/mysqli/libtool --tag=CC --mode=install cp ./mysqli.la /usr/src/php/ext/mysqli/modules
#11 34.61 cp ./.libs/mysqli.so /usr/src/php/ext/mysqli/modules/mysqli.so
#11 34.62 cp ./.libs/mysqli.lai /usr/src/php/ext/mysqli/modules/mysqli.la
#11 34.68 PATH="$PATH:/sbin" ldconfig -n /usr/src/php/ext/mysqli/modules
#11 34.69 ----------------------------------------------------------------------
#11 34.69 Libraries have been installed in:
#11 34.69    /usr/src/php/ext/mysqli/modules
#11 34.69 
#11 34.69 If you ever happen to want to link against installed libraries
#11 34.69 in a given directory, LIBDIR, you must either use libtool, and
#11 34.69 specify the full pathname of the library, or use the `-LLIBDIR'
#11 34.69 flag during linking and do at least one of the following:
#11 34.69    - add LIBDIR to the `LD_LIBRARY_PATH' environment variable
#11 34.69      during execution
#11 34.69    - add LIBDIR to the `LD_RUN_PATH' environment variable
#11 34.69      during linking
#11 34.69    - use the `-Wl,--rpath -Wl,LIBDIR' linker flag
#11 34.69    - have your system administrator add LIBDIR to `/etc/ld.so.conf'
#11 34.69 
#11 34.69 See any operating system documentation about shared libraries for
#11 34.69 more information, such as the ld(1) and ld.so(8) manual pages.
#11 34.69 ----------------------------------------------------------------------
#11 34.70 
#11 34.70 Build complete.
#11 34.70 Don't forget to run 'make test'.
#11 34.71 
#11 34.76 + strip --strip-all modules/mysqli.so
#11 34.88 Installing shared extensions:     /usr/local/lib/php/extensions/no-debug-non-zts-20250925/
#11 35.04 Installing header files:          /usr/local/include/php/
#11 35.37 find . -name \*.gcno -o -name \*.gcda | xargs rm -f
#11 35.39 find . -name \*.lo -o -name \*.o -o -name \*.dep | xargs rm -f
#11 35.40 find . -name \*.la -o -name \*.a | xargs rm -f
#11 35.41 find . -name \*.so | xargs rm -f
#11 35.42 find . -name .libs -a -type d|xargs rm -rf
#11 35.43 rm -f libphp.la        modules/* libs/*
#11 35.43 rm -f ext/opcache/jit/ir/gen_ir_fold_hash
#11 35.44 rm -f ext/opcache/jit/ir/minilua
#11 35.44 rm -f ext/opcache/jit/ir/ir_fold_hash.h
#11 35.45 rm -f ext/opcache/jit/ir/ir_emit_x86.h
#11 35.45 rm -f ext/opcache/jit/ir/ir_emit_aarch64.h
#11 DONE 36.8s

#12 [stage-0 5/9] COPY --from=composer:2 /usr/bin/composer /usr/local/bin/composer
#12 DONE 0.3s

#13 [stage-0 6/9] WORKDIR /app
#13 DONE 0.2s

#14 [stage-0 7/9] COPY composer.json composer.lock ./
#14 DONE 0.7s

#15 [stage-0 8/9] RUN composer install --no-interaction --no-progress --prefer-dist     && composer check-platform-reqs
#15 0.996 Installing dependencies from lock file (including require-dev)
#15 1.003 Verifying lock file contents can be installed on current platform.
#15 2.079 Package operations: 38 installs, 0 updates, 0 removals
#15 2.094   - Downloading symfony/process (v6.4.46)
#15 2.094   - Downloading psr/log (3.0.2)
#15 2.094   - Downloading k-kinzal/testcontainers-php (v0.5.1)
#15 2.098   - Downloading symfony/polyfill-php80 (v1.33.0)
#15 2.098   - Downloading symfony/polyfill-mbstring (v1.33.0)
#15 2.099   - Downloading phpmyadmin/sql-parser (5.11.1)
#15 2.099   - Downloading k-kinzal/ztd-query-core (dev-main f5ab3f0)
#15 2.101   - Downloading k-kinzal/ztd-query-mysql (dev-main 969eb5d)
#15 2.101   - Downloading k-kinzal/ztd-query-mysqli-adapter (dev-main 3fe31d5)
#15 2.107   - Downloading k-kinzal/ztd-query-pdo-adapter (dev-main 3ed255a)
#15 2.107   - Downloading k-kinzal/ztd-query-postgres (dev-main 02bcf6d)
#15 2.107   - Downloading k-kinzal/ztd-query-sqlite (dev-main 542d262)
#15 2.107   - Downloading sebastian/version (4.0.1)
#15 2.112   - Downloading sebastian/type (4.0.0)
#15 2.112   - Downloading sebastian/recursion-context (5.0.2)
#15 2.112   - Downloading sebastian/object-reflector (3.0.0)
#15 2.113   - Downloading sebastian/object-enumerator (5.0.0)
#15 2.113   - Downloading sebastian/global-state (6.0.2)
#15 2.113   - Downloading sebastian/exporter (5.1.4)
#15 2.115   - Downloading sebastian/environment (6.1.0)
#15 2.115   - Downloading sebastian/diff (5.1.1)
#15 2.115   - Downloading sebastian/comparator (5.0.5)
#15 2.116   - Downloading sebastian/code-unit (2.0.0)
#15 2.116   - Downloading sebastian/cli-parser (2.0.1)
#15 2.117   - Downloading phpunit/php-timer (6.0.0)
#15 2.120   - Downloading phpunit/php-text-template (3.0.1)
#15 2.121   - Downloading phpunit/php-invoker (4.0.0)
#15 2.121   - Downloading phpunit/php-file-iterator (4.1.0)
#15 2.121   - Downloading theseer/tokenizer (1.3.1)
#15 2.122   - Downloading nikic/php-parser (v5.7.0)
#15 2.124   - Downloading sebastian/lines-of-code (2.0.2)
#15 2.124   - Downloading sebastian/complexity (3.2.0)
#15 2.125   - Downloading sebastian/code-unit-reverse-lookup (3.0.0)
#15 2.125   - Downloading phpunit/php-code-coverage (10.1.16)
#15 2.128   - Downloading phar-io/version (3.2.1)
#15 2.128   - Downloading phar-io/manifest (2.0.4)
#15 2.131   - Downloading myclabs/deep-copy (1.14.0)
#15 2.131   - Downloading phpunit/phpunit (10.5.65)
#15 5.882   - Installing symfony/process (v6.4.46): Extracting archive
#15 5.892   - Installing psr/log (3.0.2): Extracting archive
#15 5.892   - Installing k-kinzal/testcontainers-php (v0.5.1): Extracting archive
#15 5.897   - Installing symfony/polyfill-php80 (v1.33.0): Extracting archive
#15 5.899   - Installing symfony/polyfill-mbstring (v1.33.0): Extracting archive
#15 5.901   - Installing phpmyadmin/sql-parser (5.11.1): Extracting archive
#15 5.916   - Installing k-kinzal/ztd-query-core (dev-main f5ab3f0): Extracting archive
#15 5.916   - Installing k-kinzal/ztd-query-mysql (dev-main 969eb5d): Extracting archive
#15 5.920   - Installing k-kinzal/ztd-query-mysqli-adapter (dev-main 3fe31d5): Extracting archive
#15 5.936   - Installing k-kinzal/ztd-query-pdo-adapter (dev-main 3ed255a): Extracting archive
#15 5.942   - Installing k-kinzal/ztd-query-postgres (dev-main 02bcf6d): Extracting archive
#15 5.957   - Installing k-kinzal/ztd-query-sqlite (dev-main 542d262): Extracting archive
#15 5.957   - Installing sebastian/version (4.0.1): Extracting archive
#15 5.957   - Installing sebastian/type (4.0.0): Extracting archive
#15 5.957   - Installing sebastian/recursion-context (5.0.2): Extracting archive
#15 5.957   - Installing sebastian/object-reflector (3.0.0): Extracting archive
#15 5.957   - Installing sebastian/object-enumerator (5.0.0): Extracting archive
#15 5.962   - Installing sebastian/global-state (6.0.2): Extracting archive
#15 5.962   - Installing sebastian/exporter (5.1.4): Extracting archive
#15 5.962   - Installing sebastian/environment (6.1.0): Extracting archive
#15 5.962   - Installing sebastian/diff (5.1.1): Extracting archive
#15 5.962   - Installing sebastian/comparator (5.0.5): Extracting archive
#15 5.962   - Installing sebastian/code-unit (2.0.0): Extracting archive
#15 5.962   - Installing sebastian/cli-parser (2.0.1): Extracting archive
#15 5.970   - Installing phpunit/php-timer (6.0.0): Extracting archive
#15 5.970   - Installing phpunit/php-text-template (3.0.1): Extracting archive
#15 5.970   - Installing phpunit/php-invoker (4.0.0): Extracting archive
#15 5.970   - Installing phpunit/php-file-iterator (4.1.0): Extracting archive
#15 5.982   - Installing theseer/tokenizer (1.3.1): Extracting archive
#15 5.982   - Installing nikic/php-parser (v5.7.0): Extracting archive
#15 5.982   - Installing sebastian/lines-of-code (2.0.2): Extracting archive
#15 5.982   - Installing sebastian/complexity (3.2.0): Extracting archive
#15 5.982   - Installing sebastian/code-unit-reverse-lookup (3.0.0): Extracting archive
#15 5.982   - Installing phpunit/php-code-coverage (10.1.16): Extracting archive
#15 5.982   - Installing phar-io/version (3.2.1): Extracting archive
#15 5.982   - Installing phar-io/manifest (2.0.4): Extracting archive
#15 5.984   - Installing myclabs/deep-copy (1.14.0): Extracting archive
#15 5.986   - Installing phpunit/phpunit (10.5.65): Extracting archive
#15 8.041 Generating autoload files
#15 8.309 28 packages you are using are looking for funding.
#15 8.309 Use the `composer fund` command to find out more!
#15 8.648 Checking platform requirements for packages in the vendor dir
#15 8.682 ext-ctype     8.5.11     success                                       
#15 8.682 ext-dom       20031129   success                                       
#15 8.682 ext-filter    8.5.11     success                                       
#15 8.682 ext-iconv     8.5.11     success                                       
#15 8.682 ext-json      8.5.11     success                                       
#15 8.682 ext-libxml    8.5.11     success                                       
#15 8.682 ext-mbstring  *          success provided by symfony/polyfill-mbstring 
#15 8.682 ext-mysqli    8.5.11     success                                       
#15 8.682 ext-pdo       8.5.11     success                                       
#15 8.682 ext-phar      8.5.11     success                                       
#15 8.682 ext-tokenizer 8.5.11     success                                       
#15 8.682 ext-xmlwriter 8.5.11     success                                       
#15 8.682 php           8.5.11     success                                       
#15 DONE 9.5s

#16 [stage-0 9/9] COPY . .
#16 DONE 1.5s

#17 exporting to image
#17 exporting layers
#17 exporting layers 3.7s done
#17 exporting manifest sha256:f751745d4780f0093aa2c5306dffa2d53e38d6ee2a033b77d57d75e36774e461 0.1s done
#17 exporting config sha256:c2f0f8939d90aada6c9ecb704eb41de5d5ea035ef7957b4e0ab7c4ebf5a6d1a0 0.0s done
#17 exporting attestation manifest sha256:3349942065671c0ba1b32b947e3d9f9032365bf3684f63c3df5603ca2523e48d 0.1s done
#17 exporting manifest list sha256:8d3961d258ccd19c902c64a9d2060c1db60c54315caca306a0cf0cb7ec35561b
#17 exporting manifest list sha256:8d3961d258ccd19c902c64a9d2060c1db60c54315caca306a0cf0cb7ec35561b 0.1s done
#17 naming to docker.io/library/ztd-scenario-matrix:php8.5-sqlitesystem 0.0s done
#17 unpacking to docker.io/library/ztd-scenario-matrix:php8.5-sqlitesystem
#17 unpacking to docker.io/library/ztd-scenario-matrix:php8.5-sqlitesystem 5.1s done
#17 DONE 9.6s

#18 resolving provenance for metadata file
#18 DONE 0.5s
 Image ztd-scenario-matrix:php8.5-sqlitesystem Built 
