 Image ztd-scenario-matrix:20260927t045922612784z-php8.5-sqlitesystem Building 
#1 [internal] load local bake definitions
#1 reading from stdin 874B done
#1 DONE 0.0s

#2 [internal] load build definition from Dockerfile
#2 transferring dockerfile:
#2 transferring dockerfile: 1.50kB 0.0s done
#2 DONE 0.6s

#3 [internal] load metadata for docker.io/library/composer:2
#3 ...

#4 [internal] load metadata for docker.io/library/php:8.5-cli-bookworm
#4 DONE 0.8s

#3 [internal] load metadata for docker.io/library/composer:2
#3 DONE 0.8s

#5 [internal] load .dockerignore
#5 transferring context:
#5 transferring context: 138B 0.0s done
#5 DONE 0.2s

#6 FROM docker.io/library/composer:2@sha256:9715c7f69044da2a212a5fbde29ee7da24e364d426560ae6367b060236f847d7
#6 resolve docker.io/library/composer:2@sha256:9715c7f69044da2a212a5fbde29ee7da24e364d426560ae6367b060236f847d7 0.4s done
#6 CACHED

#7 [internal] load build context
#7 ...

#8 [stage-0 1/9] FROM docker.io/library/php:8.5-cli-bookworm@sha256:d551e79d694fd91c4fdf34c4adcc52dd2042a064b881e25c319b2533ead0682c
#8 resolve docker.io/library/php:8.5-cli-bookworm@sha256:d551e79d694fd91c4fdf34c4adcc52dd2042a064b881e25c319b2533ead0682c 0.3s done
#8 DONE 0.4s

#7 [internal] load build context
#7 transferring context: 16.73MB 4.5s done
#7 DONE 5.1s

#9 [stage-0 2/9] RUN apt-get update && apt-get install -y     git     unzip     libpq-dev     libsqlite3-dev     && rm -rf /var/lib/apt/lists/*
#9 CACHED

#10 [stage-0 3/9] COPY docker/install-sqlite.sh /tmp/install-sqlite.sh
#10 DONE 0.8s

#11 [stage-0 4/9] RUN sh /tmp/install-sqlite.sh     && docker-php-ext-install -j2         pdo_mysql         pdo_pgsql         mysqli     && php -r '$v = (new PDO("sqlite::memory:"))->query("SELECT sqlite_version()")->fetchColumn(); if (getenv("SQLITE_VERSION") !== "system" && $v !== getenv("SQLITE_VERSION")) { fwrite(STDERR, "Wrong PDO SQLite: $v\n"); exit(1); } if (SQLite3::version()["versionString"] !== $v) { exit(1); }'     && rm /tmp/install-sqlite.sh
#11 11.54 Configuring for:
#11 11.54 PHP Version:             8.5
#11 11.54 PHP Api Version:         20250925
#11 11.54 Zend Module Api No:      20250925
#11 11.54 Zend Extension Api No:   420250925
#11 19.66 checking for grep that handles long lines and -e... /usr/bin/grep
#11 19.68 checking for egrep... /usr/bin/grep -E
#11 19.70 checking for a sed that does not truncate output... /usr/bin/sed
#11 20.05 checking build system type... aarch64-unknown-linux-gnu
#11 20.09 checking host system type... aarch64-unknown-linux-gnu
#11 20.09 checking target system type... aarch64-unknown-linux-gnu
#11 20.82 shtool:echo:Warning: unable to determine terminal sequence for bold mode
#11 21.24 shtool:echo:Warning: unable to determine terminal sequence for bold mode
#11 21.40 checking for gawk... no
#11 21.40 checking for nawk... nawk
#11 21.40 checking if nawk is broken... no
#11 21.42 checking for pkg-config... /usr/bin/pkg-config
#11 21.44 checking pkg-config is at least version 0.9.0... yes
#11 21.54 checking for cc... cc
#11 21.90 checking whether the C compiler works... yes
#11 22.23 checking for C compiler default output file name... a.out
#11 22.23 checking for suffix of executables... 
#11 22.51 checking whether we are cross compiling... no
#11 23.68 checking for suffix of object files... o
#11 24.12 checking whether the compiler supports GNU C... yes
#11 24.22 checking whether cc accepts -g... yes
#11 24.34 checking for cc option to enable C11 features... none needed
#11 24.67 checking how to run the C preprocessor... cc -E
#11 25.44 checking for icc... no
#11 25.54 checking for suncc... no
#11 25.61 checking for system library directory... lib
#11 25.61 checking if compiler supports -Wl,-rpath,... yes
#11 26.18 checking for PHP prefix... /usr/local
#11 26.27 checking for PHP includes... -I/usr/local/include/php -I/usr/local/include/php/main -I/usr/local/include/php/TSRM -I/usr/local/include/php/Zend -I/usr/local/include/php/ext -I/usr/local/include/php/ext/date/lib
#11 26.27 checking for PHP extension directory... /usr/local/lib/php/extensions/no-debug-non-zts-20250925
#11 26.27 checking for PHP installed headers prefix... /usr/local/include/php
#11 26.27 checking if debugging is enabled... no
#11 27.11 checking if PHP is built with thread safety (ZTS)... no
#11 27.35 
#11 27.35 Configuring extension
#11 27.35 checking for MySQL support for PDO... yes, shared
#11 27.35 checking for MySQL Unix socket location... 
#11 27.35 checking for PDO includes... /usr/local/include/php/ext
#11 27.48 
#11 27.48 Configuring libtool
#11 27.48 checking for a sed that does not truncate output... /usr/bin/sed
#11 27.69 checking for ld used by cc... /usr/bin/ld
#11 28.00 checking if the linker (/usr/bin/ld) is GNU ld... yes
#11 28.13 checking for /usr/bin/ld option to reload object files... -r
#11 28.13 checking for BSD-compatible nm... /usr/bin/nm -B
#11 28.16 checking whether ln -s works... yes
#11 28.16 checking how to recognize dependent libraries... pass_all
#11 28.17 checking for stdio.h... yes
#11 28.31 checking for stdlib.h... yes
#11 28.41 checking for string.h... yes
#11 28.60 checking for inttypes.h... yes
#11 28.72 checking for stdint.h... yes
#11 28.84 checking for strings.h... yes
#11 28.95 checking for sys/stat.h... yes
#11 29.12 checking for sys/types.h... yes
#11 29.23 checking for unistd.h... yes
#11 29.41 checking for dlfcn.h... yes
#11 29.61 checking the maximum length of command line arguments... 1572864
#11 29.79 checking command to parse /usr/bin/nm -B output from cc object... ok
#11 30.48 checking for objdir... .libs
#11 30.50 checking for ar... ar
#11 30.50 checking for ranlib... ranlib
#11 30.50 checking for strip... strip
#11 30.72 checking if cc supports -fno-rtti -fno-exceptions... no
#11 31.00 checking for cc option to produce PIC... -fPIC
#11 31.00 checking if cc PIC flag -fPIC works... yes
#11 31.10 checking if cc static flag -static works... 
#11 ...

#8 [stage-0 1/9] FROM docker.io/library/php:8.5-cli-bookworm@sha256:d551e79d694fd91c4fdf34c4adcc52dd2042a064b881e25c319b2533ead0682c
#8 CACHED

#11 [stage-0 4/9] RUN sh /tmp/install-sqlite.sh     && docker-php-ext-install -j2         pdo_mysql         pdo_pgsql         mysqli     && php -r '$v = (new PDO("sqlite::memory:"))->query("SELECT sqlite_version()")->fetchColumn(); if (getenv("SQLITE_VERSION") !== "system" && $v !== getenv("SQLITE_VERSION")) { fwrite(STDERR, "Wrong PDO SQLite: $v\n"); exit(1); } if (SQLite3::version()["versionString"] !== $v) { exit(1); }'     && rm /tmp/install-sqlite.sh
#11 31.10 checking if cc static flag -static works... yes
#11 31.82 checking if cc supports -c -o file.o... yes
#11 32.53 checking whether the cc linker (/usr/bin/ld) supports shared libraries... yes
#11 32.72 checking whether -lc should be explicitly linked in... no
#11 33.41 checking dynamic linker characteristics... GNU/Linux ld.so
#11 33.58 checking how to hardcode library paths into programs... immediate
#11 33.58 checking whether stripping libraries is possible... yes
#11 33.72 checking if libtool supports shared libraries... yes
#11 33.72 checking whether to build shared libraries... yes
#11 33.72 checking whether to build static libraries... no
#11 36.93 
#11 36.93 creating libtool
#11 37.41 appending configuration tag "CXX" to libtool
#11 37.47 
#11 37.47 Generating files
#11 37.87 configure: creating build directories
#11 38.19 configure: creating Makefile
#11 38.19 configure: patching config.h.in
#11 38.24 configure: creating ./config.status
#11 38.53 config.status: creating config.h
#11 38.66 /bin/bash /usr/src/php/ext/pdo_mysql/libtool --tag=CC --mode=compile cc -I. -I/usr/src/php/ext/pdo_mysql -I/usr/local/include/php -I/usr/local/include/php/main -I/usr/local/include/php/TSRM -I/usr/local/include/php/Zend -I/usr/local/include/php/ext -I/usr/local/include/php/ext/date/lib  -fstack-protector-strong -fpic -fpie -O2 -D_LARGEFILE_SOURCE -D_FILE_OFFSET_BITS=64 -DHAVE_CONFIG_H  -fstack-protector-strong -fpic -fpie -O2 -D_LARGEFILE_SOURCE -D_FILE_OFFSET_BITS=64 -D_GNU_SOURCE   -DZEND_ENABLE_STATIC_TSRMLS_CACHE=1 -DZEND_COMPILE_DL_EXT=1 -c /usr/src/php/ext/pdo_mysql/pdo_mysql.c -o pdo_mysql.lo  -MMD -MF pdo_mysql.dep -MT pdo_mysql.lo
#11 38.67 /bin/bash /usr/src/php/ext/pdo_mysql/libtool --tag=CC --mode=compile cc -I. -I/usr/src/php/ext/pdo_mysql -I/usr/local/include/php -I/usr/local/include/php/main -I/usr/local/include/php/TSRM -I/usr/local/include/php/Zend -I/usr/local/include/php/ext -I/usr/local/include/php/ext/date/lib  -fstack-protector-strong -fpic -fpie -O2 -D_LARGEFILE_SOURCE -D_FILE_OFFSET_BITS=64 -DHAVE_CONFIG_H  -fstack-protector-strong -fpic -fpie -O2 -D_LARGEFILE_SOURCE -D_FILE_OFFSET_BITS=64 -D_GNU_SOURCE   -DZEND_ENABLE_STATIC_TSRMLS_CACHE=1 -DZEND_COMPILE_DL_EXT=1 -c /usr/src/php/ext/pdo_mysql/mysql_driver.c -o mysql_driver.lo  -MMD -MF mysql_driver.dep -MT mysql_driver.lo
#11 39.33 mkdir .libs
#11 39.34  cc -I. -I/usr/src/php/ext/pdo_mysql -I/usr/local/include/php -I/usr/local/include/php/main -I/usr/local/include/php/TSRM -I/usr/local/include/php/Zend -I/usr/local/include/php/ext -I/usr/local/include/php/ext/date/lib -fstack-protector-strong -fpic -fpie -O2 -D_LARGEFILE_SOURCE -D_FILE_OFFSET_BITS=64 -DHAVE_CONFIG_H -fstack-protector-strong -fpic -fpie -O2 -D_LARGEFILE_SOURCE -D_FILE_OFFSET_BITS=64 -D_GNU_SOURCE -DZEND_ENABLE_STATIC_TSRMLS_CACHE=1 -DZEND_COMPILE_DL_EXT=1 -c /usr/src/php/ext/pdo_mysql/pdo_mysql.c -MMD -MF pdo_mysql.dep -MT pdo_mysql.lo  -fPIC -DPIC -o .libs/pdo_mysql.o
#11 39.43  cc -I. -I/usr/src/php/ext/pdo_mysql -I/usr/local/include/php -I/usr/local/include/php/main -I/usr/local/include/php/TSRM -I/usr/local/include/php/Zend -I/usr/local/include/php/ext -I/usr/local/include/php/ext/date/lib -fstack-protector-strong -fpic -fpie -O2 -D_LARGEFILE_SOURCE -D_FILE_OFFSET_BITS=64 -DHAVE_CONFIG_H -fstack-protector-strong -fpic -fpie -O2 -D_LARGEFILE_SOURCE -D_FILE_OFFSET_BITS=64 -D_GNU_SOURCE -DZEND_ENABLE_STATIC_TSRMLS_CACHE=1 -DZEND_COMPILE_DL_EXT=1 -c /usr/src/php/ext/pdo_mysql/mysql_driver.c -MMD -MF mysql_driver.dep -MT mysql_driver.lo  -fPIC -DPIC -o .libs/mysql_driver.o
#11 42.48 /bin/bash /usr/src/php/ext/pdo_mysql/libtool --tag=CC --mode=compile cc -I. -I/usr/src/php/ext/pdo_mysql -I/usr/local/include/php -I/usr/local/include/php/main -I/usr/local/include/php/TSRM -I/usr/local/include/php/Zend -I/usr/local/include/php/ext -I/usr/local/include/php/ext/date/lib  -fstack-protector-strong -fpic -fpie -O2 -D_LARGEFILE_SOURCE -D_FILE_OFFSET_BITS=64 -DHAVE_CONFIG_H  -fstack-protector-strong -fpic -fpie -O2 -D_LARGEFILE_SOURCE -D_FILE_OFFSET_BITS=64 -D_GNU_SOURCE   -DZEND_ENABLE_STATIC_TSRMLS_CACHE=1 -DZEND_COMPILE_DL_EXT=1 -c /usr/src/php/ext/pdo_mysql/mysql_statement.c -o mysql_statement.lo  -MMD -MF mysql_statement.dep -MT mysql_statement.lo
#11 43.05 /bin/bash /usr/src/php/ext/pdo_mysql/libtool --tag=CC --mode=compile cc -I. -I/usr/src/php/ext/pdo_mysql -I/usr/local/include/php -I/usr/local/include/php/main -I/usr/local/include/php/TSRM -I/usr/local/include/php/Zend -I/usr/local/include/php/ext -I/usr/local/include/php/ext/date/lib  -fstack-protector-strong -fpic -fpie -O2 -D_LARGEFILE_SOURCE -D_FILE_OFFSET_BITS=64 -DHAVE_CONFIG_H  -fstack-protector-strong -fpic -fpie -O2 -D_LARGEFILE_SOURCE -D_FILE_OFFSET_BITS=64 -D_GNU_SOURCE   -DZEND_ENABLE_STATIC_TSRMLS_CACHE=1 -DZEND_COMPILE_DL_EXT=1 -c /usr/src/php/ext/pdo_mysql/mysql_sql_parser.c -o mysql_sql_parser.lo  -MMD -MF mysql_sql_parser.dep -MT mysql_sql_parser.lo
#11 43.26  cc -I. -I/usr/src/php/ext/pdo_mysql -I/usr/local/include/php -I/usr/local/include/php/main -I/usr/local/include/php/TSRM -I/usr/local/include/php/Zend -I/usr/local/include/php/ext -I/usr/local/include/php/ext/date/lib -fstack-protector-strong -fpic -fpie -O2 -D_LARGEFILE_SOURCE -D_FILE_OFFSET_BITS=64 -DHAVE_CONFIG_H -fstack-protector-strong -fpic -fpie -O2 -D_LARGEFILE_SOURCE -D_FILE_OFFSET_BITS=64 -D_GNU_SOURCE -DZEND_ENABLE_STATIC_TSRMLS_CACHE=1 -DZEND_COMPILE_DL_EXT=1 -c /usr/src/php/ext/pdo_mysql/mysql_statement.c -MMD -MF mysql_statement.dep -MT mysql_statement.lo  -fPIC -DPIC -o .libs/mysql_statement.o
#11 43.70  cc -I. -I/usr/src/php/ext/pdo_mysql -I/usr/local/include/php -I/usr/local/include/php/main -I/usr/local/include/php/TSRM -I/usr/local/include/php/Zend -I/usr/local/include/php/ext -I/usr/local/include/php/ext/date/lib -fstack-protector-strong -fpic -fpie -O2 -D_LARGEFILE_SOURCE -D_FILE_OFFSET_BITS=64 -DHAVE_CONFIG_H -fstack-protector-strong -fpic -fpie -O2 -D_LARGEFILE_SOURCE -D_FILE_OFFSET_BITS=64 -D_GNU_SOURCE -DZEND_ENABLE_STATIC_TSRMLS_CACHE=1 -DZEND_COMPILE_DL_EXT=1 -c /usr/src/php/ext/pdo_mysql/mysql_sql_parser.c -MMD -MF mysql_sql_parser.dep -MT mysql_sql_parser.lo  -fPIC -DPIC -o .libs/mysql_sql_parser.o
#11 44.89 /bin/bash /usr/src/php/ext/pdo_mysql/libtool --tag=CC --mode=link cc -shared -I/usr/local/include/php -I/usr/local/include/php/main -I/usr/local/include/php/TSRM -I/usr/local/include/php/Zend -I/usr/local/include/php/ext -I/usr/local/include/php/ext/date/lib  -fstack-protector-strong -fpic -fpie -O2 -D_LARGEFILE_SOURCE -D_FILE_OFFSET_BITS=64 -DHAVE_CONFIG_H  -fstack-protector-strong -fpic -fpie -O2 -D_LARGEFILE_SOURCE -D_FILE_OFFSET_BITS=64 -D_GNU_SOURCE  -Wl,-O1 -pie  -o pdo_mysql.la -export-dynamic -avoid-version -prefer-pic -module -rpath /usr/src/php/ext/pdo_mysql/modules  pdo_mysql.lo mysql_driver.lo mysql_statement.lo mysql_sql_parser.lo 
#11 45.47 cc -shared  .libs/pdo_mysql.o .libs/mysql_driver.o .libs/mysql_statement.o .libs/mysql_sql_parser.o   -Wl,-O1 -Wl,-soname -Wl,pdo_mysql.so -o .libs/pdo_mysql.so
#11 45.55 creating pdo_mysql.la
#11 45.57 (cd .libs && rm -f pdo_mysql.la && ln -s ../pdo_mysql.la pdo_mysql.la)
#11 45.58 /bin/bash /usr/src/php/ext/pdo_mysql/libtool --tag=CC --mode=install cp ./pdo_mysql.la /usr/src/php/ext/pdo_mysql/modules
#11 45.67 cp ./.libs/pdo_mysql.so /usr/src/php/ext/pdo_mysql/modules/pdo_mysql.so
#11 45.68 cp ./.libs/pdo_mysql.lai /usr/src/php/ext/pdo_mysql/modules/pdo_mysql.la
#11 45.77 PATH="$PATH:/sbin" ldconfig -n /usr/src/php/ext/pdo_mysql/modules
#11 45.79 ----------------------------------------------------------------------
#11 45.79 Libraries have been installed in:
#11 45.79    /usr/src/php/ext/pdo_mysql/modules
#11 45.79 
#11 45.79 If you ever happen to want to link against installed libraries
#11 45.79 in a given directory, LIBDIR, you must either use libtool, and
#11 45.79 specify the full pathname of the library, or use the `-LLIBDIR'
#11 45.79 flag during linking and do at least one of the following:
#11 45.79    - add LIBDIR to the `LD_LIBRARY_PATH' environment variable
#11 45.79      during execution
#11 45.79    - add LIBDIR to the `LD_RUN_PATH' environment variable
#11 45.79      during linking
#11 45.79    - use the `-Wl,--rpath -Wl,LIBDIR' linker flag
#11 45.79    - have your system administrator add LIBDIR to `/etc/ld.so.conf'
#11 45.79 
#11 45.79 See any operating system documentation about shared libraries for
#11 45.79 more information, such as the ld(1) and ld.so(8) manual pages.
#11 45.80 ----------------------------------------------------------------------
#11 45.80 
#11 45.81 Build complete.
#11 45.81 Don't forget to run 'make test'.
#11 45.82 
#11 46.18 + strip --strip-all modules/pdo_mysql.so
#11 46.56 Installing shared extensions:     /usr/local/lib/php/extensions/no-debug-non-zts-20250925/
#11 47.77 find . -name \*.gcno -o -name \*.gcda | xargs rm -f
#11 47.89 find . -name \*.lo -o -name \*.o -o -name \*.dep | xargs rm -f
#11 47.99 find . -name \*.la -o -name \*.a | xargs rm -f
#11 48.25 find . -name \*.so | xargs rm -f
#11 48.30 find . -name .libs -a -type d|xargs rm -rf
#11 48.34 rm -f libphp.la        modules/* libs/*
#11 48.35 rm -f ext/opcache/jit/ir/gen_ir_fold_hash
#11 48.36 rm -f ext/opcache/jit/ir/minilua
#11 48.36 rm -f ext/opcache/jit/ir/ir_fold_hash.h
#11 48.37 rm -f ext/opcache/jit/ir/ir_emit_x86.h
#11 48.38 rm -f ext/opcache/jit/ir/ir_emit_aarch64.h
#11 48.97 Configuring for:
#11 48.97 PHP Version:             8.5
#11 48.97 PHP Api Version:         20250925
#11 48.97 Zend Module Api No:      20250925
#11 48.97 Zend Extension Api No:   420250925
#11 52.58 checking for grep that handles long lines and -e... /usr/bin/grep
#11 52.59 checking for egrep... /usr/bin/grep -E
#11 52.60 checking for a sed that does not truncate output... /usr/bin/sed
#11 52.74 checking build system type... aarch64-unknown-linux-gnu
#11 52.77 checking host system type... aarch64-unknown-linux-gnu
#11 52.77 checking target system type... aarch64-unknown-linux-gnu
#11 52.89 shtool:echo:Warning: unable to determine terminal sequence for bold mode
#11 53.02 shtool:echo:Warning: unable to determine terminal sequence for bold mode
#11 53.84 checking for gawk... no
#11 53.84 checking for nawk... nawk
#11 53.84 checking if nawk is broken... no
#11 53.86 checking for pkg-config... /usr/bin/pkg-config
#11 53.86 checking pkg-config is at least version 0.9.0... yes
#11 53.87 checking for cc... cc
#11 53.99 checking whether the C compiler works... yes
#11 54.12 checking for C compiler default output file name... a.out
#11 54.13 checking for suffix of executables... 
#11 54.26 checking whether we are cross compiling... no
#11 54.41 checking for suffix of object files... o
#11 54.50 checking whether the compiler supports GNU C... yes
#11 54.59 checking whether cc accepts -g... yes
#11 54.64 checking for cc option to enable C11 features... none needed
#11 54.77 checking how to run the C preprocessor... cc -E
#11 54.95 checking for icc... no
#11 54.98 checking for suncc... no
#11 55.02 checking for system library directory... lib
#11 55.02 checking if compiler supports -Wl,-rpath,... yes
#11 55.18 checking for PHP prefix... /usr/local
#11 55.18 checking for PHP includes... -I/usr/local/include/php -I/usr/local/include/php/main -I/usr/local/include/php/TSRM -I/usr/local/include/php/Zend -I/usr/local/include/php/ext -I/usr/local/include/php/ext/date/lib
#11 55.18 checking for PHP extension directory... /usr/local/lib/php/extensions/no-debug-non-zts-20250925
#11 55.18 checking for PHP installed headers prefix... /usr/local/include/php
#11 55.18 checking if debugging is enabled... no
#11 55.38 checking if PHP is built with thread safety (ZTS)... no
#11 55.58 
#11 55.58 Configuring extension
#11 55.58 checking for PostgreSQL support for PDO... yes, shared
#11 55.58 checking for libpq >= 10.0... yes
#11 55.77 checking for PQencryptPasswordConn in -lpq... yes
#11 56.07 checking for PQresultMemorySize in -lpq... yes
#11 56.36 checking for PQclosePrepared in -lpq... no
#11 56.55 checking for PQclosePortal in -lpq... no
#11 56.73 checking for PDO includes... /usr/local/include/php/ext
#11 56.76 
#11 56.76 Configuring libtool
#11 56.76 checking for a sed that does not truncate output... /usr/bin/sed
#11 56.77 checking for ld used by cc... /usr/bin/ld
#11 56.83 checking if the linker (/usr/bin/ld) is GNU ld... yes
#11 56.86 checking for /usr/bin/ld option to reload object files... -r
#11 56.86 checking for BSD-compatible nm... /usr/bin/nm -B
#11 56.86 checking whether ln -s works... yes
#11 56.86 checking how to recognize dependent libraries... pass_all
#11 56.91 checking for stdio.h... yes
#11 57.14 checking for stdlib.h... yes
#11 57.50 checking for string.h... yes
#11 57.65 checking for inttypes.h... yes
#11 57.75 checking for stdint.h... yes
#11 57.91 checking for strings.h... yes
#11 58.00 checking for sys/stat.h... yes
#11 58.07 checking for sys/types.h... yes
#11 58.14 checking for unistd.h... yes
#11 58.25 checking for dlfcn.h... yes
#11 58.35 checking the maximum length of command line arguments... 1572864
#11 58.38 checking command to parse /usr/bin/nm -B output from cc object... ok
#11 59.10 checking for objdir... .libs
#11 59.16 checking for ar... ar
#11 59.16 checking for ranlib... ranlib
#11 59.16 checking for strip... strip
#11 59.47 checking if cc supports -fno-rtti -fno-exceptions... no
#11 59.55 checking for cc option to produce PIC... -fPIC
#11 59.55 checking if cc PIC flag -fPIC works... yes
#11 59.72 checking if cc static flag -static works... yes
#11 60.06 checking if cc supports -c -o file.o... yes
#11 60.33 checking whether the cc linker (/usr/bin/ld) supports shared libraries... yes
#11 60.48 checking whether -lc should be explicitly linked in... no
#11 60.61 checking dynamic linker characteristics... GNU/Linux ld.so
#11 60.75 checking how to hardcode library paths into programs... immediate
#11 60.75 checking whether stripping libraries is possible... yes
#11 60.77 checking if libtool supports shared libraries... yes
#11 60.77 checking whether to build shared libraries... yes
#11 60.77 checking whether to build static libraries... no
#11 61.47 
#11 61.47 creating libtool
#11 61.63 appending configuration tag "CXX" to libtool
#11 61.65 
#11 61.65 Generating files
#11 61.69 configure: creating build directories
#11 61.74 configure: creating Makefile
#11 61.76 configure: patching config.h.in
#11 61.77 configure: creating ./config.status
#11 61.94 config.status: creating config.h
#11 62.05 /bin/bash /usr/src/php/ext/pdo_pgsql/libtool --tag=CC --mode=compile cc -I. -I/usr/src/php/ext/pdo_pgsql -I/usr/local/include/php -I/usr/local/include/php/main -I/usr/local/include/php/TSRM -I/usr/local/include/php/Zend -I/usr/local/include/php/ext -I/usr/local/include/php/ext/date/lib -I/usr/include/postgresql  -fstack-protector-strong -fpic -fpie -O2 -D_LARGEFILE_SOURCE -D_FILE_OFFSET_BITS=64 -DHAVE_CONFIG_H  -fstack-protector-strong -fpic -fpie -O2 -D_LARGEFILE_SOURCE -D_FILE_OFFSET_BITS=64 -D_GNU_SOURCE    -DZEND_COMPILE_DL_EXT=1 -c /usr/src/php/ext/pdo_pgsql/pdo_pgsql.c -o pdo_pgsql.lo  -MMD -MF pdo_pgsql.dep -MT pdo_pgsql.lo
#11 62.05 /bin/bash /usr/src/php/ext/pdo_pgsql/libtool --tag=CC --mode=compile cc -I. -I/usr/src/php/ext/pdo_pgsql -I/usr/local/include/php -I/usr/local/include/php/main -I/usr/local/include/php/TSRM -I/usr/local/include/php/Zend -I/usr/local/include/php/ext -I/usr/local/include/php/ext/date/lib -I/usr/include/postgresql  -fstack-protector-strong -fpic -fpie -O2 -D_LARGEFILE_SOURCE -D_FILE_OFFSET_BITS=64 -DHAVE_CONFIG_H  -fstack-protector-strong -fpic -fpie -O2 -D_LARGEFILE_SOURCE -D_FILE_OFFSET_BITS=64 -D_GNU_SOURCE    -DZEND_COMPILE_DL_EXT=1 -c /usr/src/php/ext/pdo_pgsql/pgsql_driver.c -o pgsql_driver.lo  -MMD -MF pgsql_driver.dep -MT pgsql_driver.lo
#11 62.71 mkdir .libs
#11 62.73  cc -I. -I/usr/src/php/ext/pdo_pgsql -I/usr/local/include/php -I/usr/local/include/php/main -I/usr/local/include/php/TSRM -I/usr/local/include/php/Zend -I/usr/local/include/php/ext -I/usr/local/include/php/ext/date/lib -I/usr/include/postgresql -fstack-protector-strong -fpic -fpie -O2 -D_LARGEFILE_SOURCE -D_FILE_OFFSET_BITS=64 -DHAVE_CONFIG_H -fstack-protector-strong -fpic -fpie -O2 -D_LARGEFILE_SOURCE -D_FILE_OFFSET_BITS=64 -D_GNU_SOURCE -DZEND_COMPILE_DL_EXT=1 -c /usr/src/php/ext/pdo_pgsql/pgsql_driver.c -MMD -MF pgsql_driver.dep -MT pgsql_driver.lo  -fPIC -DPIC -o .libs/pgsql_driver.o
#11 62.85  cc -I. -I/usr/src/php/ext/pdo_pgsql -I/usr/local/include/php -I/usr/local/include/php/main -I/usr/local/include/php/TSRM -I/usr/local/include/php/Zend -I/usr/local/include/php/ext -I/usr/local/include/php/ext/date/lib -I/usr/include/postgresql -fstack-protector-strong -fpic -fpie -O2 -D_LARGEFILE_SOURCE -D_FILE_OFFSET_BITS=64 -DHAVE_CONFIG_H -fstack-protector-strong -fpic -fpie -O2 -D_LARGEFILE_SOURCE -D_FILE_OFFSET_BITS=64 -D_GNU_SOURCE -DZEND_COMPILE_DL_EXT=1 -c /usr/src/php/ext/pdo_pgsql/pdo_pgsql.c -MMD -MF pdo_pgsql.dep -MT pdo_pgsql.lo  -fPIC -DPIC -o .libs/pdo_pgsql.o
#11 66.29 /bin/bash /usr/src/php/ext/pdo_pgsql/libtool --tag=CC --mode=compile cc -I. -I/usr/src/php/ext/pdo_pgsql -I/usr/local/include/php -I/usr/local/include/php/main -I/usr/local/include/php/TSRM -I/usr/local/include/php/Zend -I/usr/local/include/php/ext -I/usr/local/include/php/ext/date/lib -I/usr/include/postgresql  -fstack-protector-strong -fpic -fpie -O2 -D_LARGEFILE_SOURCE -D_FILE_OFFSET_BITS=64 -DHAVE_CONFIG_H  -fstack-protector-strong -fpic -fpie -O2 -D_LARGEFILE_SOURCE -D_FILE_OFFSET_BITS=64 -D_GNU_SOURCE    -DZEND_COMPILE_DL_EXT=1 -c /usr/src/php/ext/pdo_pgsql/pgsql_statement.c -o pgsql_statement.lo  -MMD -MF pgsql_statement.dep -MT pgsql_statement.lo
#11 66.92  cc -I. -I/usr/src/php/ext/pdo_pgsql -I/usr/local/include/php -I/usr/local/include/php/main -I/usr/local/include/php/TSRM -I/usr/local/include/php/Zend -I/usr/local/include/php/ext -I/usr/local/include/php/ext/date/lib -I/usr/include/postgresql -fstack-protector-strong -fpic -fpie -O2 -D_LARGEFILE_SOURCE -D_FILE_OFFSET_BITS=64 -DHAVE_CONFIG_H -fstack-protector-strong -fpic -fpie -O2 -D_LARGEFILE_SOURCE -D_FILE_OFFSET_BITS=64 -D_GNU_SOURCE -DZEND_COMPILE_DL_EXT=1 -c /usr/src/php/ext/pdo_pgsql/pgsql_statement.c -MMD -MF pgsql_statement.dep -MT pgsql_statement.lo  -fPIC -DPIC -o .libs/pgsql_statement.o
#11 67.77 /bin/bash /usr/src/php/ext/pdo_pgsql/libtool --tag=CC --mode=compile cc -I. -I/usr/src/php/ext/pdo_pgsql -I/usr/local/include/php -I/usr/local/include/php/main -I/usr/local/include/php/TSRM -I/usr/local/include/php/Zend -I/usr/local/include/php/ext -I/usr/local/include/php/ext/date/lib -I/usr/include/postgresql  -fstack-protector-strong -fpic -fpie -O2 -D_LARGEFILE_SOURCE -D_FILE_OFFSET_BITS=64 -DHAVE_CONFIG_H  -fstack-protector-strong -fpic -fpie -O2 -D_LARGEFILE_SOURCE -D_FILE_OFFSET_BITS=64 -D_GNU_SOURCE    -DZEND_COMPILE_DL_EXT=1 -c /usr/src/php/ext/pdo_pgsql/pgsql_sql_parser.c -o pgsql_sql_parser.lo  -MMD -MF pgsql_sql_parser.dep -MT pgsql_sql_parser.lo
#11 68.72  cc -I. -I/usr/src/php/ext/pdo_pgsql -I/usr/local/include/php -I/usr/local/include/php/main -I/usr/local/include/php/TSRM -I/usr/local/include/php/Zend -I/usr/local/include/php/ext -I/usr/local/include/php/ext/date/lib -I/usr/include/postgresql -fstack-protector-strong -fpic -fpie -O2 -D_LARGEFILE_SOURCE -D_FILE_OFFSET_BITS=64 -DHAVE_CONFIG_H -fstack-protector-strong -fpic -fpie -O2 -D_LARGEFILE_SOURCE -D_FILE_OFFSET_BITS=64 -D_GNU_SOURCE -DZEND_COMPILE_DL_EXT=1 -c /usr/src/php/ext/pdo_pgsql/pgsql_sql_parser.c -MMD -MF pgsql_sql_parser.dep -MT pgsql_sql_parser.lo  -fPIC -DPIC -o .libs/pgsql_sql_parser.o
#11 70.39 /bin/bash /usr/src/php/ext/pdo_pgsql/libtool --tag=CC --mode=link cc -shared -I/usr/local/include/php -I/usr/local/include/php/main -I/usr/local/include/php/TSRM -I/usr/local/include/php/Zend -I/usr/local/include/php/ext -I/usr/local/include/php/ext/date/lib -I/usr/include/postgresql  -fstack-protector-strong -fpic -fpie -O2 -D_LARGEFILE_SOURCE -D_FILE_OFFSET_BITS=64 -DHAVE_CONFIG_H  -fstack-protector-strong -fpic -fpie -O2 -D_LARGEFILE_SOURCE -D_FILE_OFFSET_BITS=64 -D_GNU_SOURCE  -Wl,-O1 -pie  -o pdo_pgsql.la -export-dynamic -avoid-version -prefer-pic -module -rpath /usr/src/php/ext/pdo_pgsql/modules  pdo_pgsql.lo pgsql_driver.lo pgsql_statement.lo pgsql_sql_parser.lo -lpq
#11 70.72 cc -shared  .libs/pdo_pgsql.o .libs/pgsql_driver.o .libs/pgsql_statement.o .libs/pgsql_sql_parser.o  -lpq  -Wl,-O1 -Wl,-soname -Wl,pdo_pgsql.so -o .libs/pdo_pgsql.so
#11 70.79 creating pdo_pgsql.la
#11 70.90 (cd .libs && rm -f pdo_pgsql.la && ln -s ../pdo_pgsql.la pdo_pgsql.la)
#11 70.92 /bin/bash /usr/src/php/ext/pdo_pgsql/libtool --tag=CC --mode=install cp ./pdo_pgsql.la /usr/src/php/ext/pdo_pgsql/modules
#11 71.29 cp ./.libs/pdo_pgsql.so /usr/src/php/ext/pdo_pgsql/modules/pdo_pgsql.so
#11 71.32 cp ./.libs/pdo_pgsql.lai /usr/src/php/ext/pdo_pgsql/modules/pdo_pgsql.la
#11 71.38 PATH="$PATH:/sbin" ldconfig -n /usr/src/php/ext/pdo_pgsql/modules
#11 71.40 ----------------------------------------------------------------------
#11 71.40 Libraries have been installed in:
#11 71.40    /usr/src/php/ext/pdo_pgsql/modules
#11 71.40 
#11 71.40 If you ever happen to want to link against installed libraries
#11 71.40 in a given directory, LIBDIR, you must either use libtool, and
#11 71.40 specify the full pathname of the library, or use the `-LLIBDIR'
#11 71.40 flag during linking and do at least one of the following:
#11 71.40    - add LIBDIR to the `LD_LIBRARY_PATH' environment variable
#11 71.40      during execution
#11 71.40    - add LIBDIR to the `LD_RUN_PATH' environment variable
#11 71.40      during linking
#11 71.40    - use the `-Wl,--rpath -Wl,LIBDIR' linker flag
#11 71.40    - have your system administrator add LIBDIR to `/etc/ld.so.conf'
#11 71.40 
#11 71.40 See any operating system documentation about shared libraries for
#11 71.40 more information, such as the ld(1) and ld.so(8) manual pages.
#11 71.40 ----------------------------------------------------------------------
#11 71.43 
#11 71.43 Build complete.
#11 71.43 Don't forget to run 'make test'.
#11 71.43 
#11 71.72 + strip --strip-all modules/pdo_pgsql.so
#11 71.89 Installing shared extensions:     /usr/local/lib/php/extensions/no-debug-non-zts-20250925/
#11 72.13 find . -name \*.gcno -o -name \*.gcda | xargs rm -f
#11 72.15 find . -name \*.lo -o -name \*.o -o -name \*.dep | xargs rm -f
#11 72.16 find . -name \*.la -o -name \*.a | xargs rm -f
#11 72.17 find . -name \*.so | xargs rm -f
#11 72.17 find . -name .libs -a -type d|xargs rm -rf
#11 72.19 rm -f libphp.la        modules/* libs/*
#11 72.19 rm -f ext/opcache/jit/ir/gen_ir_fold_hash
#11 72.19 rm -f ext/opcache/jit/ir/minilua
#11 72.20 rm -f ext/opcache/jit/ir/ir_fold_hash.h
#11 72.20 rm -f ext/opcache/jit/ir/ir_emit_x86.h
#11 72.20 rm -f ext/opcache/jit/ir/ir_emit_aarch64.h
#11 72.28 Configuring for:
#11 72.28 PHP Version:             8.5
#11 72.28 PHP Api Version:         20250925
#11 72.28 Zend Module Api No:      20250925
#11 72.28 Zend Extension Api No:   420250925
#11 75.87 checking for grep that handles long lines and -e... /usr/bin/grep
#11 75.88 checking for egrep... /usr/bin/grep -E
#11 75.89 checking for a sed that does not truncate output... /usr/bin/sed
#11 75.96 checking build system type... aarch64-unknown-linux-gnu
#11 75.97 checking host system type... aarch64-unknown-linux-gnu
#11 75.97 checking target system type... aarch64-unknown-linux-gnu
#11 76.04 shtool:echo:Warning: unable to determine terminal sequence for bold mode
#11 76.20 shtool:echo:Warning: unable to determine terminal sequence for bold mode
#11 76.24 checking for gawk... no
#11 76.24 checking for nawk... nawk
#11 76.24 checking if nawk is broken... no
#11 76.26 checking for pkg-config... /usr/bin/pkg-config
#11 76.26 checking pkg-config is at least version 0.9.0... yes
#11 76.28 checking for cc... cc
#11 76.37 checking whether the C compiler works... yes
#11 76.55 checking for C compiler default output file name... a.out
#11 76.55 checking for suffix of executables... 
#11 76.79 checking whether we are cross compiling... no
#11 77.02 checking for suffix of object files... o
#11 77.09 checking whether the compiler supports GNU C... yes
#11 77.27 checking whether cc accepts -g... yes
#11 77.33 checking for cc option to enable C11 features... none needed
#11 77.66 checking how to run the C preprocessor... cc -E
#11 78.47 checking for icc... no
#11 78.51 checking for suncc... no
#11 78.56 checking for system library directory... lib
#11 78.56 checking if compiler supports -Wl,-rpath,... yes
#11 78.91 checking for PHP prefix... /usr/local
#11 78.91 checking for PHP includes... -I/usr/local/include/php -I/usr/local/include/php/main -I/usr/local/include/php/TSRM -I/usr/local/include/php/Zend -I/usr/local/include/php/ext -I/usr/local/include/php/ext/date/lib
#11 78.91 checking for PHP extension directory... /usr/local/lib/php/extensions/no-debug-non-zts-20250925
#11 78.91 checking for PHP installed headers prefix... /usr/local/include/php
#11 78.91 checking if debugging is enabled... no
#11 78.96 checking if PHP is built with thread safety (ZTS)... no
#11 79.05 
#11 79.05 Configuring extension
#11 79.05 checking for MySQLi support... yes, shared
#11 79.06 checking for specified location of the MySQL Unix socket... no
#11 79.06 checking for MySQL Unix socket location... no
#11 79.13 
#11 79.13 Configuring libtool
#11 79.13 checking for a sed that does not truncate output... /usr/bin/sed
#11 79.14 checking for ld used by cc... /usr/bin/ld
#11 79.16 checking if the linker (/usr/bin/ld) is GNU ld... yes
#11 79.16 checking for /usr/bin/ld option to reload object files... -r
#11 79.16 checking for BSD-compatible nm... /usr/bin/nm -B
#11 79.17 checking whether ln -s works... yes
#11 79.17 checking how to recognize dependent libraries... pass_all
#11 79.17 checking for stdio.h... yes
#11 79.21 checking for stdlib.h... yes
#11 79.27 checking for string.h... yes
#11 79.33 checking for inttypes.h... yes
#11 79.45 checking for stdint.h... yes
#11 79.53 checking for strings.h... yes
#11 79.60 checking for sys/stat.h... yes
#11 79.67 checking for sys/types.h... yes
#11 79.78 checking for unistd.h... yes
#11 79.89 checking for dlfcn.h... yes
#11 79.98 checking the maximum length of command line arguments... 1572864
#11 79.99 checking command to parse /usr/bin/nm -B output from cc object... ok
#11 80.36 checking for objdir... .libs
#11 80.37 checking for ar... ar
#11 80.37 checking for ranlib... ranlib
#11 80.37 checking for strip... strip
#11 80.87 checking if cc supports -fno-rtti -fno-exceptions... no
#11 81.07 checking for cc option to produce PIC... -fPIC
#11 81.07 checking if cc PIC flag -fPIC works... yes
#11 81.14 checking if cc static flag -static works... yes
#11 81.37 checking if cc supports -c -o file.o... yes
#11 81.75 checking whether the cc linker (/usr/bin/ld) supports shared libraries... yes
#11 81.89 checking whether -lc should be explicitly linked in... no
#11 82.05 checking dynamic linker characteristics... GNU/Linux ld.so
#11 82.12 checking how to hardcode library paths into programs... immediate
#11 82.12 checking whether stripping libraries is possible... yes
#11 82.13 checking if libtool supports shared libraries... yes
#11 82.13 checking whether to build shared libraries... yes
#11 82.13 checking whether to build static libraries... no
#11 82.86 
#11 82.86 creating libtool
#11 82.93 appending configuration tag "CXX" to libtool
#11 82.95 
#11 82.95 Generating files
#11 83.04 configure: creating build directories
#11 83.22 configure: creating Makefile
#11 83.24 configure: patching config.h.in
#11 83.27 configure: creating ./config.status
#11 83.52 config.status: creating config.h
#11 83.65 /bin/bash /usr/src/php/ext/mysqli/libtool --tag=CC --mode=compile cc -I. -I/usr/src/php/ext/mysqli -I/usr/local/include/php -I/usr/local/include/php/main -I/usr/local/include/php/TSRM -I/usr/local/include/php/Zend -I/usr/local/include/php/ext -I/usr/local/include/php/ext/date/lib  -fstack-protector-strong -fpic -fpie -O2 -D_LARGEFILE_SOURCE -D_FILE_OFFSET_BITS=64 -DHAVE_CONFIG_H  -fstack-protector-strong -fpic -fpie -O2 -D_LARGEFILE_SOURCE -D_FILE_OFFSET_BITS=64 -D_GNU_SOURCE   -DZEND_ENABLE_STATIC_TSRMLS_CACHE=1 -DZEND_COMPILE_DL_EXT=1 -c /usr/src/php/ext/mysqli/mysqli_api.c -o mysqli_api.lo  -MMD -MF mysqli_api.dep -MT mysqli_api.lo
#11 83.65 /bin/bash /usr/src/php/ext/mysqli/libtool --tag=CC --mode=compile cc -I. -I/usr/src/php/ext/mysqli -I/usr/local/include/php -I/usr/local/include/php/main -I/usr/local/include/php/TSRM -I/usr/local/include/php/Zend -I/usr/local/include/php/ext -I/usr/local/include/php/ext/date/lib  -fstack-protector-strong -fpic -fpie -O2 -D_LARGEFILE_SOURCE -D_FILE_OFFSET_BITS=64 -DHAVE_CONFIG_H  -fstack-protector-strong -fpic -fpie -O2 -D_LARGEFILE_SOURCE -D_FILE_OFFSET_BITS=64 -D_GNU_SOURCE   -DZEND_ENABLE_STATIC_TSRMLS_CACHE=1 -DZEND_COMPILE_DL_EXT=1 -c /usr/src/php/ext/mysqli/mysqli_driver.c -o mysqli_driver.lo  -MMD -MF mysqli_driver.dep -MT mysqli_driver.lo
#11 84.05 mkdir .libs
#11 84.05  cc -I. -I/usr/src/php/ext/mysqli -I/usr/local/include/php -I/usr/local/include/php/main -I/usr/local/include/php/TSRM -I/usr/local/include/php/Zend -I/usr/local/include/php/ext -I/usr/local/include/php/ext/date/lib -fstack-protector-strong -fpic -fpie -O2 -D_LARGEFILE_SOURCE -D_FILE_OFFSET_BITS=64 -DHAVE_CONFIG_H -fstack-protector-strong -fpic -fpie -O2 -D_LARGEFILE_SOURCE -D_FILE_OFFSET_BITS=64 -D_GNU_SOURCE -DZEND_ENABLE_STATIC_TSRMLS_CACHE=1 -DZEND_COMPILE_DL_EXT=1 -c /usr/src/php/ext/mysqli/mysqli_driver.c -MMD -MF mysqli_driver.dep -MT mysqli_driver.lo  -fPIC -DPIC -o .libs/mysqli_driver.o
#11 84.28  cc -I. -I/usr/src/php/ext/mysqli -I/usr/local/include/php -I/usr/local/include/php/main -I/usr/local/include/php/TSRM -I/usr/local/include/php/Zend -I/usr/local/include/php/ext -I/usr/local/include/php/ext/date/lib -fstack-protector-strong -fpic -fpie -O2 -D_LARGEFILE_SOURCE -D_FILE_OFFSET_BITS=64 -DHAVE_CONFIG_H -fstack-protector-strong -fpic -fpie -O2 -D_LARGEFILE_SOURCE -D_FILE_OFFSET_BITS=64 -D_GNU_SOURCE -DZEND_ENABLE_STATIC_TSRMLS_CACHE=1 -DZEND_COMPILE_DL_EXT=1 -c /usr/src/php/ext/mysqli/mysqli_api.c -MMD -MF mysqli_api.dep -MT mysqli_api.lo  -fPIC -DPIC -o .libs/mysqli_api.o
#11 85.46 /bin/bash /usr/src/php/ext/mysqli/libtool --tag=CC --mode=compile cc -I. -I/usr/src/php/ext/mysqli -I/usr/local/include/php -I/usr/local/include/php/main -I/usr/local/include/php/TSRM -I/usr/local/include/php/Zend -I/usr/local/include/php/ext -I/usr/local/include/php/ext/date/lib  -fstack-protector-strong -fpic -fpie -O2 -D_LARGEFILE_SOURCE -D_FILE_OFFSET_BITS=64 -DHAVE_CONFIG_H  -fstack-protector-strong -fpic -fpie -O2 -D_LARGEFILE_SOURCE -D_FILE_OFFSET_BITS=64 -D_GNU_SOURCE   -DZEND_ENABLE_STATIC_TSRMLS_CACHE=1 -DZEND_COMPILE_DL_EXT=1 -c /usr/src/php/ext/mysqli/mysqli_exception.c -o mysqli_exception.lo  -MMD -MF mysqli_exception.dep -MT mysqli_exception.lo
#11 85.94  cc -I. -I/usr/src/php/ext/mysqli -I/usr/local/include/php -I/usr/local/include/php/main -I/usr/local/include/php/TSRM -I/usr/local/include/php/Zend -I/usr/local/include/php/ext -I/usr/local/include/php/ext/date/lib -fstack-protector-strong -fpic -fpie -O2 -D_LARGEFILE_SOURCE -D_FILE_OFFSET_BITS=64 -DHAVE_CONFIG_H -fstack-protector-strong -fpic -fpie -O2 -D_LARGEFILE_SOURCE -D_FILE_OFFSET_BITS=64 -D_GNU_SOURCE -DZEND_ENABLE_STATIC_TSRMLS_CACHE=1 -DZEND_COMPILE_DL_EXT=1 -c /usr/src/php/ext/mysqli/mysqli_exception.c -MMD -MF mysqli_exception.dep -MT mysqli_exception.lo  -fPIC -DPIC -o .libs/mysqli_exception.o
#11 88.15 /bin/bash /usr/src/php/ext/mysqli/libtool --tag=CC --mode=compile cc -I. -I/usr/src/php/ext/mysqli -I/usr/local/include/php -I/usr/local/include/php/main -I/usr/local/include/php/TSRM -I/usr/local/include/php/Zend -I/usr/local/include/php/ext -I/usr/local/include/php/ext/date/lib  -fstack-protector-strong -fpic -fpie -O2 -D_LARGEFILE_SOURCE -D_FILE_OFFSET_BITS=64 -DHAVE_CONFIG_H  -fstack-protector-strong -fpic -fpie -O2 -D_LARGEFILE_SOURCE -D_FILE_OFFSET_BITS=64 -D_GNU_SOURCE   -DZEND_ENABLE_STATIC_TSRMLS_CACHE=1 -DZEND_COMPILE_DL_EXT=1 -c /usr/src/php/ext/mysqli/mysqli_nonapi.c -o mysqli_nonapi.lo  -MMD -MF mysqli_nonapi.dep -MT mysqli_nonapi.lo
#11 89.77  cc -I. -I/usr/src/php/ext/mysqli -I/usr/local/include/php -I/usr/local/include/php/main -I/usr/local/include/php/TSRM -I/usr/local/include/php/Zend -I/usr/local/include/php/ext -I/usr/local/include/php/ext/date/lib -fstack-protector-strong -fpic -fpie -O2 -D_LARGEFILE_SOURCE -D_FILE_OFFSET_BITS=64 -DHAVE_CONFIG_H -fstack-protector-strong -fpic -fpie -O2 -D_LARGEFILE_SOURCE -D_FILE_OFFSET_BITS=64 -D_GNU_SOURCE -DZEND_ENABLE_STATIC_TSRMLS_CACHE=1 -DZEND_COMPILE_DL_EXT=1 -c /usr/src/php/ext/mysqli/mysqli_nonapi.c -MMD -MF mysqli_nonapi.dep -MT mysqli_nonapi.lo  -fPIC -DPIC -o .libs/mysqli_nonapi.o
#11 91.63 /bin/bash /usr/src/php/ext/mysqli/libtool --tag=CC --mode=compile cc -I. -I/usr/src/php/ext/mysqli -I/usr/local/include/php -I/usr/local/include/php/main -I/usr/local/include/php/TSRM -I/usr/local/include/php/Zend -I/usr/local/include/php/ext -I/usr/local/include/php/ext/date/lib  -fstack-protector-strong -fpic -fpie -O2 -D_LARGEFILE_SOURCE -D_FILE_OFFSET_BITS=64 -DHAVE_CONFIG_H  -fstack-protector-strong -fpic -fpie -O2 -D_LARGEFILE_SOURCE -D_FILE_OFFSET_BITS=64 -D_GNU_SOURCE   -DZEND_ENABLE_STATIC_TSRMLS_CACHE=1 -DZEND_COMPILE_DL_EXT=1 -c /usr/src/php/ext/mysqli/mysqli_prop.c -o mysqli_prop.lo  -MMD -MF mysqli_prop.dep -MT mysqli_prop.lo
#11 94.86  cc -I. -I/usr/src/php/ext/mysqli -I/usr/local/include/php -I/usr/local/include/php/main -I/usr/local/include/php/TSRM -I/usr/local/include/php/Zend -I/usr/local/include/php/ext -I/usr/local/include/php/ext/date/lib -fstack-protector-strong -fpic -fpie -O2 -D_LARGEFILE_SOURCE -D_FILE_OFFSET_BITS=64 -DHAVE_CONFIG_H -fstack-protector-strong -fpic -fpie -O2 -D_LARGEFILE_SOURCE -D_FILE_OFFSET_BITS=64 -D_GNU_SOURCE -DZEND_ENABLE_STATIC_TSRMLS_CACHE=1 -DZEND_COMPILE_DL_EXT=1 -c /usr/src/php/ext/mysqli/mysqli_prop.c -MMD -MF mysqli_prop.dep -MT mysqli_prop.lo  -fPIC -DPIC -o .libs/mysqli_prop.o
#11 96.25 /bin/bash /usr/src/php/ext/mysqli/libtool --tag=CC --mode=compile cc -I. -I/usr/src/php/ext/mysqli -I/usr/local/include/php -I/usr/local/include/php/main -I/usr/local/include/php/TSRM -I/usr/local/include/php/Zend -I/usr/local/include/php/ext -I/usr/local/include/php/ext/date/lib  -fstack-protector-strong -fpic -fpie -O2 -D_LARGEFILE_SOURCE -D_FILE_OFFSET_BITS=64 -DHAVE_CONFIG_H  -fstack-protector-strong -fpic -fpie -O2 -D_LARGEFILE_SOURCE -D_FILE_OFFSET_BITS=64 -D_GNU_SOURCE   -DZEND_ENABLE_STATIC_TSRMLS_CACHE=1 -DZEND_COMPILE_DL_EXT=1 -c /usr/src/php/ext/mysqli/mysqli_report.c -o mysqli_report.lo  -MMD -MF mysqli_report.dep -MT mysqli_report.lo
#11 96.65  cc -I. -I/usr/src/php/ext/mysqli -I/usr/local/include/php -I/usr/local/include/php/main -I/usr/local/include/php/TSRM -I/usr/local/include/php/Zend -I/usr/local/include/php/ext -I/usr/local/include/php/ext/date/lib -fstack-protector-strong -fpic -fpie -O2 -D_LARGEFILE_SOURCE -D_FILE_OFFSET_BITS=64 -DHAVE_CONFIG_H -fstack-protector-strong -fpic -fpie -O2 -D_LARGEFILE_SOURCE -D_FILE_OFFSET_BITS=64 -D_GNU_SOURCE -DZEND_ENABLE_STATIC_TSRMLS_CACHE=1 -DZEND_COMPILE_DL_EXT=1 -c /usr/src/php/ext/mysqli/mysqli_report.c -MMD -MF mysqli_report.dep -MT mysqli_report.lo  -fPIC -DPIC -o .libs/mysqli_report.o
#11 96.97 /bin/bash /usr/src/php/ext/mysqli/libtool --tag=CC --mode=compile cc -I. -I/usr/src/php/ext/mysqli -I/usr/local/include/php -I/usr/local/include/php/main -I/usr/local/include/php/TSRM -I/usr/local/include/php/Zend -I/usr/local/include/php/ext -I/usr/local/include/php/ext/date/lib  -fstack-protector-strong -fpic -fpie -O2 -D_LARGEFILE_SOURCE -D_FILE_OFFSET_BITS=64 -DHAVE_CONFIG_H  -fstack-protector-strong -fpic -fpie -O2 -D_LARGEFILE_SOURCE -D_FILE_OFFSET_BITS=64 -D_GNU_SOURCE   -DZEND_ENABLE_STATIC_TSRMLS_CACHE=1 -DZEND_COMPILE_DL_EXT=1 -c /usr/src/php/ext/mysqli/mysqli_result_iterator.c -o mysqli_result_iterator.lo  -MMD -MF mysqli_result_iterator.dep -MT mysqli_result_iterator.lo
#11 97.48  cc -I. -I/usr/src/php/ext/mysqli -I/usr/local/include/php -I/usr/local/include/php/main -I/usr/local/include/php/TSRM -I/usr/local/include/php/Zend -I/usr/local/include/php/ext -I/usr/local/include/php/ext/date/lib -fstack-protector-strong -fpic -fpie -O2 -D_LARGEFILE_SOURCE -D_FILE_OFFSET_BITS=64 -DHAVE_CONFIG_H -fstack-protector-strong -fpic -fpie -O2 -D_LARGEFILE_SOURCE -D_FILE_OFFSET_BITS=64 -D_GNU_SOURCE -DZEND_ENABLE_STATIC_TSRMLS_CACHE=1 -DZEND_COMPILE_DL_EXT=1 -c /usr/src/php/ext/mysqli/mysqli_result_iterator.c -MMD -MF mysqli_result_iterator.dep -MT mysqli_result_iterator.lo  -fPIC -DPIC -o .libs/mysqli_result_iterator.o
#11 97.78 /bin/bash /usr/src/php/ext/mysqli/libtool --tag=CC --mode=compile cc -I. -I/usr/src/php/ext/mysqli -I/usr/local/include/php -I/usr/local/include/php/main -I/usr/local/include/php/TSRM -I/usr/local/include/php/Zend -I/usr/local/include/php/ext -I/usr/local/include/php/ext/date/lib  -fstack-protector-strong -fpic -fpie -O2 -D_LARGEFILE_SOURCE -D_FILE_OFFSET_BITS=64 -DHAVE_CONFIG_H  -fstack-protector-strong -fpic -fpie -O2 -D_LARGEFILE_SOURCE -D_FILE_OFFSET_BITS=64 -D_GNU_SOURCE   -DZEND_ENABLE_STATIC_TSRMLS_CACHE=1 -DZEND_COMPILE_DL_EXT=1 -c /usr/src/php/ext/mysqli/mysqli_warning.c -o mysqli_warning.lo  -MMD -MF mysqli_warning.dep -MT mysqli_warning.lo
#11 98.08  cc -I. -I/usr/src/php/ext/mysqli -I/usr/local/include/php -I/usr/local/include/php/main -I/usr/local/include/php/TSRM -I/usr/local/include/php/Zend -I/usr/local/include/php/ext -I/usr/local/include/php/ext/date/lib -fstack-protector-strong -fpic -fpie -O2 -D_LARGEFILE_SOURCE -D_FILE_OFFSET_BITS=64 -DHAVE_CONFIG_H -fstack-protector-strong -fpic -fpie -O2 -D_LARGEFILE_SOURCE -D_FILE_OFFSET_BITS=64 -D_GNU_SOURCE -DZEND_ENABLE_STATIC_TSRMLS_CACHE=1 -DZEND_COMPILE_DL_EXT=1 -c /usr/src/php/ext/mysqli/mysqli_warning.c -MMD -MF mysqli_warning.dep -MT mysqli_warning.lo  -fPIC -DPIC -o .libs/mysqli_warning.o
#11 98.32 /bin/bash /usr/src/php/ext/mysqli/libtool --tag=CC --mode=compile cc -I. -I/usr/src/php/ext/mysqli -I/usr/local/include/php -I/usr/local/include/php/main -I/usr/local/include/php/TSRM -I/usr/local/include/php/Zend -I/usr/local/include/php/ext -I/usr/local/include/php/ext/date/lib  -fstack-protector-strong -fpic -fpie -O2 -D_LARGEFILE_SOURCE -D_FILE_OFFSET_BITS=64 -DHAVE_CONFIG_H  -fstack-protector-strong -fpic -fpie -O2 -D_LARGEFILE_SOURCE -D_FILE_OFFSET_BITS=64 -D_GNU_SOURCE   -DZEND_ENABLE_STATIC_TSRMLS_CACHE=1 -DZEND_COMPILE_DL_EXT=1 -c /usr/src/php/ext/mysqli/mysqli.c -o mysqli.lo  -MMD -MF mysqli.dep -MT mysqli.lo
#11 98.60  cc -I. -I/usr/src/php/ext/mysqli -I/usr/local/include/php -I/usr/local/include/php/main -I/usr/local/include/php/TSRM -I/usr/local/include/php/Zend -I/usr/local/include/php/ext -I/usr/local/include/php/ext/date/lib -fstack-protector-strong -fpic -fpie -O2 -D_LARGEFILE_SOURCE -D_FILE_OFFSET_BITS=64 -DHAVE_CONFIG_H -fstack-protector-strong -fpic -fpie -O2 -D_LARGEFILE_SOURCE -D_FILE_OFFSET_BITS=64 -D_GNU_SOURCE -DZEND_ENABLE_STATIC_TSRMLS_CACHE=1 -DZEND_COMPILE_DL_EXT=1 -c /usr/src/php/ext/mysqli/mysqli.c -MMD -MF mysqli.dep -MT mysqli.lo  -fPIC -DPIC -o .libs/mysqli.o
#11 103.8 /bin/bash /usr/src/php/ext/mysqli/libtool --tag=CC --mode=link cc -shared -I/usr/local/include/php -I/usr/local/include/php/main -I/usr/local/include/php/TSRM -I/usr/local/include/php/Zend -I/usr/local/include/php/ext -I/usr/local/include/php/ext/date/lib  -fstack-protector-strong -fpic -fpie -O2 -D_LARGEFILE_SOURCE -D_FILE_OFFSET_BITS=64 -DHAVE_CONFIG_H  -fstack-protector-strong -fpic -fpie -O2 -D_LARGEFILE_SOURCE -D_FILE_OFFSET_BITS=64 -D_GNU_SOURCE  -Wl,-O1 -pie  -o mysqli.la -export-dynamic -avoid-version -prefer-pic -module -rpath /usr/src/php/ext/mysqli/modules  mysqli_api.lo mysqli_driver.lo mysqli_exception.lo mysqli_nonapi.lo mysqli_prop.lo mysqli_report.lo mysqli_result_iterator.lo mysqli_warning.lo mysqli.lo 
#11 104.7 cc -shared  .libs/mysqli_api.o .libs/mysqli_driver.o .libs/mysqli_exception.o .libs/mysqli_nonapi.o .libs/mysqli_prop.o .libs/mysqli_report.o .libs/mysqli_result_iterator.o .libs/mysqli_warning.o .libs/mysqli.o   -Wl,-O1 -Wl,-soname -Wl,mysqli.so -o .libs/mysqli.so
#11 104.9 creating mysqli.la
#11 105.0 (cd .libs && rm -f mysqli.la && ln -s ../mysqli.la mysqli.la)
#11 105.0 /bin/bash /usr/src/php/ext/mysqli/libtool --tag=CC --mode=install cp ./mysqli.la /usr/src/php/ext/mysqli/modules
#11 105.3 cp ./.libs/mysqli.so /usr/src/php/ext/mysqli/modules/mysqli.so
#11 105.4 cp ./.libs/mysqli.lai /usr/src/php/ext/mysqli/modules/mysqli.la
#11 105.7 PATH="$PATH:/sbin" ldconfig -n /usr/src/php/ext/mysqli/modules
#11 105.8 ----------------------------------------------------------------------
#11 105.8 Libraries have been installed in:
#11 105.8    /usr/src/php/ext/mysqli/modules
#11 105.8 
#11 105.8 If you ever happen to want to link against installed libraries
#11 105.8 in a given directory, LIBDIR, you must either use libtool, and
#11 105.8 specify the full pathname of the library, or use the `-LLIBDIR'
#11 105.8 flag during linking and do at least one of the following:
#11 105.8    - add LIBDIR to the `LD_LIBRARY_PATH' environment variable
#11 105.8      during execution
#11 105.8    - add LIBDIR to the `LD_RUN_PATH' environment variable
#11 105.8      during linking
#11 105.8    - use the `-Wl,--rpath -Wl,LIBDIR' linker flag
#11 105.8    - have your system administrator add LIBDIR to `/etc/ld.so.conf'
#11 105.8 
#11 105.8 See any operating system documentation about shared libraries for
#11 105.8 more information, such as the ld(1) and ld.so(8) manual pages.
#11 105.8 ----------------------------------------------------------------------
#11 105.8 
#11 105.8 Build complete.
#11 105.8 Don't forget to run 'make test'.
#11 105.8 
#11 105.9 + strip --strip-all modules/mysqli.so
#11 106.1 Installing shared extensions:     /usr/local/lib/php/extensions/no-debug-non-zts-20250925/
#11 106.9 Installing header files:          /usr/local/include/php/
#11 107.3 find . -name \*.gcno -o -name \*.gcda | xargs rm -f
#11 107.4 find . -name \*.lo -o -name \*.o -o -name \*.dep | xargs rm -f
#11 107.5 find . -name \*.la -o -name \*.a | xargs rm -f
#11 107.5 find . -name \*.so | xargs rm -f
#11 107.5 find . -name .libs -a -type d|xargs rm -rf
#11 107.6 rm -f libphp.la        modules/* libs/*
#11 107.6 rm -f ext/opcache/jit/ir/gen_ir_fold_hash
#11 107.7 rm -f ext/opcache/jit/ir/minilua
#11 107.7 rm -f ext/opcache/jit/ir/ir_fold_hash.h
#11 107.7 rm -f ext/opcache/jit/ir/ir_emit_x86.h
#11 107.7 rm -f ext/opcache/jit/ir/ir_emit_aarch64.h
#11 DONE 111.3s

#12 [stage-0 5/9] COPY --from=composer:2 /usr/bin/composer /usr/local/bin/composer
#12 DONE 0.3s

#13 [stage-0 6/9] WORKDIR /app
#13 DONE 0.6s

#14 [stage-0 7/9] COPY composer.json composer.lock ./
#14 DONE 1.2s

#15 [stage-0 8/9] RUN composer install --no-interaction --no-progress --prefer-dist     && composer check-platform-reqs
#15 2.735 Installing dependencies from lock file (including require-dev)
#15 2.754 Verifying lock file contents can be installed on current platform.
#15 3.821 Package operations: 38 installs, 0 updates, 0 removals
#15 3.944   - Downloading symfony/process (v6.4.46)
#15 3.962   - Downloading psr/log (3.0.2)
#15 3.964   - Downloading k-kinzal/testcontainers-php (v0.5.1)
#15 3.964   - Downloading symfony/polyfill-php80 (v1.33.0)
#15 3.964   - Downloading symfony/polyfill-mbstring (v1.33.0)
#15 3.965   - Downloading phpmyadmin/sql-parser (5.11.1)
#15 3.968   - Downloading k-kinzal/ztd-query-core (dev-main f5ab3f0)
#15 3.969   - Downloading k-kinzal/ztd-query-mysql (dev-main 969eb5d)
#15 3.969   - Downloading k-kinzal/ztd-query-mysqli-adapter (dev-main 3fe31d5)
#15 3.970   - Downloading k-kinzal/ztd-query-pdo-adapter (dev-main 3ed255a)
#15 3.976   - Downloading k-kinzal/ztd-query-postgres (dev-main 02bcf6d)
#15 3.996   - Downloading k-kinzal/ztd-query-sqlite (dev-main 542d262)
#15 4.019   - Downloading sebastian/version (4.0.1)
#15 4.019   - Downloading sebastian/type (4.0.0)
#15 4.019   - Downloading sebastian/recursion-context (5.0.2)
#15 4.019   - Downloading sebastian/object-reflector (3.0.0)
#15 4.019   - Downloading sebastian/object-enumerator (5.0.0)
#15 4.019   - Downloading sebastian/global-state (6.0.2)
#15 4.019   - Downloading sebastian/exporter (5.1.4)
#15 4.019   - Downloading sebastian/environment (6.1.0)
#15 4.049   - Downloading sebastian/diff (5.1.1)
#15 4.053   - Downloading sebastian/comparator (5.0.5)
#15 4.054   - Downloading sebastian/code-unit (2.0.0)
#15 4.072   - Downloading sebastian/cli-parser (2.0.1)
#15 4.072   - Downloading phpunit/php-timer (6.0.0)
#15 4.090   - Downloading phpunit/php-text-template (3.0.1)
#15 4.090   - Downloading phpunit/php-invoker (4.0.0)
#15 4.090   - Downloading phpunit/php-file-iterator (4.1.0)
#15 4.090   - Downloading theseer/tokenizer (1.3.1)
#15 4.090   - Downloading nikic/php-parser (v5.7.0)
#15 4.090   - Downloading sebastian/lines-of-code (2.0.2)
#15 4.090   - Downloading sebastian/complexity (3.2.0)
#15 4.090   - Downloading sebastian/code-unit-reverse-lookup (3.0.0)
#15 4.090   - Downloading phpunit/php-code-coverage (10.1.16)
#15 4.091   - Downloading phar-io/version (3.2.1)
#15 4.091   - Downloading phar-io/manifest (2.0.4)
#15 4.097   - Downloading myclabs/deep-copy (1.14.0)
#15 4.097   - Downloading phpunit/phpunit (10.5.65)
#15 9.750   - Installing symfony/process (v6.4.46): Extracting archive
#15 9.760   - Installing psr/log (3.0.2): Extracting archive
#15 9.770   - Installing k-kinzal/testcontainers-php (v0.5.1): Extracting archive
#15 9.773   - Installing symfony/polyfill-php80 (v1.33.0): Extracting archive
#15 9.798   - Installing symfony/polyfill-mbstring (v1.33.0): Extracting archive
#15 9.812   - Installing phpmyadmin/sql-parser (5.11.1): Extracting archive
#15 9.900   - Installing k-kinzal/ztd-query-core (dev-main f5ab3f0): Extracting archive
#15 9.913   - Installing k-kinzal/ztd-query-mysql (dev-main 969eb5d): Extracting archive
#15 9.919   - Installing k-kinzal/ztd-query-mysqli-adapter (dev-main 3fe31d5): Extracting archive
#15 9.958   - Installing k-kinzal/ztd-query-pdo-adapter (dev-main 3ed255a): Extracting archive
#15 9.996   - Installing k-kinzal/ztd-query-postgres (dev-main 02bcf6d): Extracting archive
#15 10.01   - Installing k-kinzal/ztd-query-sqlite (dev-main 542d262): Extracting archive
#15 10.01   - Installing sebastian/version (4.0.1): Extracting archive
#15 10.01   - Installing sebastian/type (4.0.0): Extracting archive
#15 10.01   - Installing sebastian/recursion-context (5.0.2): Extracting archive
#15 10.01   - Installing sebastian/object-reflector (3.0.0): Extracting archive
#15 10.02   - Installing sebastian/object-enumerator (5.0.0): Extracting archive
#15 10.02   - Installing sebastian/global-state (6.0.2): Extracting archive
#15 10.03   - Installing sebastian/exporter (5.1.4): Extracting archive
#15 10.03   - Installing sebastian/environment (6.1.0): Extracting archive
#15 10.04   - Installing sebastian/diff (5.1.1): Extracting archive
#15 10.04   - Installing sebastian/comparator (5.0.5): Extracting archive
#15 10.04   - Installing sebastian/code-unit (2.0.0): Extracting archive
#15 10.04   - Installing sebastian/cli-parser (2.0.1): Extracting archive
#15 10.04   - Installing phpunit/php-timer (6.0.0): Extracting archive
#15 10.04   - Installing phpunit/php-text-template (3.0.1): Extracting archive
#15 10.05   - Installing phpunit/php-invoker (4.0.0): Extracting archive
#15 10.05   - Installing phpunit/php-file-iterator (4.1.0): Extracting archive
#15 10.08   - Installing theseer/tokenizer (1.3.1): Extracting archive
#15 10.08   - Installing nikic/php-parser (v5.7.0): Extracting archive
#15 10.08   - Installing sebastian/lines-of-code (2.0.2): Extracting archive
#15 10.08   - Installing sebastian/complexity (3.2.0): Extracting archive
#15 10.08   - Installing sebastian/code-unit-reverse-lookup (3.0.0): Extracting archive
#15 10.08   - Installing phpunit/php-code-coverage (10.1.16): Extracting archive
#15 10.08   - Installing phar-io/version (3.2.1): Extracting archive
#15 10.08   - Installing phar-io/manifest (2.0.4): Extracting archive
#15 10.08   - Installing myclabs/deep-copy (1.14.0): Extracting archive
#15 10.08   - Installing phpunit/phpunit (10.5.65): Extracting archive
#15 12.90 Generating autoload files
#15 13.52 28 packages you are using are looking for funding.
#15 13.52 Use the `composer fund` command to find out more!
#15 14.87 Checking platform requirements for packages in the vendor dir
#15 14.90 ext-ctype     8.5.11     success                                       
#15 14.90 ext-dom       20031129   success                                       
#15 14.90 ext-filter    8.5.11     success                                       
#15 14.90 ext-iconv     8.5.11     success                                       
#15 14.90 ext-json      8.5.11     success                                       
#15 14.90 ext-libxml    8.5.11     success                                       
#15 14.90 ext-mbstring  *          success provided by symfony/polyfill-mbstring 
#15 14.90 ext-mysqli    8.5.11     success                                       
#15 14.90 ext-pdo       8.5.11     success                                       
#15 14.90 ext-phar      8.5.11     success                                       
#15 14.90 ext-tokenizer 8.5.11     success                                       
#15 14.90 ext-xmlwriter 8.5.11     success                                       
#15 14.90 php           8.5.11     success                                       
#15 DONE 15.3s

#16 [stage-0 9/9] COPY . .
#16 DONE 14.2s

#17 exporting to image
#17 exporting layers
#17 exporting layers 27.9s done
#17 exporting manifest sha256:c45e5940d9bcbe77580fcf74cc688a1449d56b8f03fae7a21fd78bd48d8e08f7
#17 exporting manifest sha256:c45e5940d9bcbe77580fcf74cc688a1449d56b8f03fae7a21fd78bd48d8e08f7 0.4s done
#17 exporting config sha256:d7d668eb34f14024cb85b9e93258652ad33f75549bf0b47167890e46027db17b
#17 exporting config sha256:d7d668eb34f14024cb85b9e93258652ad33f75549bf0b47167890e46027db17b 0.0s done
#17 exporting attestation manifest sha256:bcaab8c14c4cdf4c98aadb5b80138b5ce2071c857e5791d1283972e5788674ed
#17 exporting attestation manifest sha256:bcaab8c14c4cdf4c98aadb5b80138b5ce2071c857e5791d1283972e5788674ed 0.3s done
#17 exporting manifest list sha256:86dfd1ce9810028b79d74c06c948173bcf994b48b27423d1c42564cfcd526573
#17 exporting manifest list sha256:86dfd1ce9810028b79d74c06c948173bcf994b48b27423d1c42564cfcd526573 0.1s done
#17 naming to docker.io/library/ztd-scenario-matrix:20260927t045922612784z-php8.5-sqlitesystem
#17 naming to docker.io/library/ztd-scenario-matrix:20260927t045922612784z-php8.5-sqlitesystem 0.0s done
#17 unpacking to docker.io/library/ztd-scenario-matrix:20260927t045922612784z-php8.5-sqlitesystem
#17 unpacking to docker.io/library/ztd-scenario-matrix:20260927t045922612784z-php8.5-sqlitesystem 7.0s done
#17 DONE 36.3s

#18 resolving provenance for metadata file
#18 DONE 0.1s
 Image ztd-scenario-matrix:20260927t045922612784z-php8.5-sqlitesystem Built 
