mysql-1  | 2026-09-27 05:02:50+00:00 [Note] [Entrypoint]: Entrypoint script for MySQL Server 8.0.46-1.el9 started.
mysql-1  | 2026-09-27 05:02:51+00:00 [Note] [Entrypoint]: Switching to dedicated user 'mysql'
mysql-1  | 2026-09-27 05:02:51+00:00 [Note] [Entrypoint]: Entrypoint script for MySQL Server 8.0.46-1.el9 started.
mysql-1  | 2026-09-27 05:02:51+00:00 [Note] [Entrypoint]: Initializing database files
mysql-1  | 2026-09-27T05:02:51.655774Z 0 [Warning] [MY-011068] [Server] The syntax '--skip-host-cache' is deprecated and will be removed in a future release. Please use SET GLOBAL host_cache_size=0 instead.
mysql-1  | 2026-09-27T05:02:51.656019Z 0 [System] [MY-013169] [Server] /usr/sbin/mysqld (mysqld 8.0.46) initializing of server in progress as process 82
mysql-1  | 2026-09-27T05:02:51.749485Z 1 [System] [MY-013576] [InnoDB] InnoDB initialization has started.
mysql-1  | 2026-09-27T05:03:02.287697Z 1 [System] [MY-013577] [InnoDB] InnoDB initialization has ended.
mysql-1  | 2026-09-27T05:03:11.089968Z 6 [Warning] [MY-010453] [Server] root@localhost is created with an empty password ! Please consider switching off the --initialize-insecure option.
mysql-1  | 2026-09-27 05:03:28+00:00 [Note] [Entrypoint]: Database files initialized
mysql-1  | 2026-09-27 05:03:28+00:00 [Note] [Entrypoint]: Starting temporary server
mysql-1  | 2026-09-27T05:03:28.364789Z 0 [Warning] [MY-011068] [Server] The syntax '--skip-host-cache' is deprecated and will be removed in a future release. Please use SET GLOBAL host_cache_size=0 instead.
mysql-1  | 2026-09-27T05:03:28.365249Z 0 [System] [MY-010116] [Server] /usr/sbin/mysqld (mysqld 8.0.46) starting as process 177
mysql-1  | 2026-09-27T05:03:28.439925Z 1 [System] [MY-013576] [InnoDB] InnoDB initialization has started.
mysql-1  | 2026-09-27T05:03:29.904764Z 1 [System] [MY-013577] [InnoDB] InnoDB initialization has ended.
mysql-1  | 2026-09-27T05:03:30.613317Z 0 [Warning] [MY-010068] [Server] CA certificate ca.pem is self signed.
mysql-1  | 2026-09-27T05:03:30.613426Z 0 [System] [MY-013602] [Server] Channel mysql_main configured to support TLS. Encrypted connections are now supported for this channel.
mysql-1  | 2026-09-27T05:03:30.629654Z 0 [Warning] [MY-011810] [Server] Insecure configuration for --pid-file: Location '/var/run/mysqld' in the path is accessible to all OS users. Consider choosing a different directory.
mysql-1  | 2026-09-27T05:03:30.695057Z 0 [System] [MY-010931] [Server] /usr/sbin/mysqld: ready for connections. Version: '8.0.46'  socket: '/var/run/mysqld/mysqld.sock'  port: 0  MySQL Community Server - GPL.
mysql-1  | 2026-09-27T05:03:30.695166Z 0 [System] [MY-011323] [Server] X Plugin ready for connections. Socket: /var/run/mysqld/mysqlx.sock
mysql-1  | 2026-09-27 05:03:30+00:00 [Note] [Entrypoint]: Temporary server started.
mysql-1  | '/var/lib/mysql/mysql.sock' -> '/var/run/mysqld/mysqld.sock'
mysql-1  | Warning: Unable to load '/usr/share/zoneinfo/iso3166.tab' as time zone. Skipping it.
mysql-1  | Warning: Unable to load '/usr/share/zoneinfo/leap-seconds.list' as time zone. Skipping it.
mysql-1  | Warning: Unable to load '/usr/share/zoneinfo/leapseconds' as time zone. Skipping it.
mysql-1  | Warning: Unable to load '/usr/share/zoneinfo/tzdata.zi' as time zone. Skipping it.
mysql-1  | Warning: Unable to load '/usr/share/zoneinfo/zone.tab' as time zone. Skipping it.
mysql-1  | Warning: Unable to load '/usr/share/zoneinfo/zone1970.tab' as time zone. Skipping it.
mysql-1  | 2026-09-27 05:03:40+00:00 [Note] [Entrypoint]: Creating database ztd_test
mysql-1  | 
mysql-1  | 2026-09-27 05:03:40+00:00 [Note] [Entrypoint]: Stopping temporary server
mysql-1  | 2026-09-27T05:03:40.511004Z 11 [System] [MY-013172] [Server] Received SHUTDOWN from user root. Shutting down mysqld (Version: 8.0.46).
mysql-1  | 2026-09-27T05:03:45.315382Z 0 [System] [MY-010910] [Server] /usr/sbin/mysqld: Shutdown complete (mysqld 8.0.46)  MySQL Community Server - GPL.
mysql-1  | 2026-09-27 05:03:45+00:00 [Note] [Entrypoint]: Temporary server stopped
mysql-1  | 
mysql-1  | 2026-09-27 05:03:45+00:00 [Note] [Entrypoint]: MySQL init process done. Ready for start up.
mysql-1  | 
mysql-1  | 2026-09-27T05:03:45.740675Z 0 [Warning] [MY-011068] [Server] The syntax '--skip-host-cache' is deprecated and will be removed in a future release. Please use SET GLOBAL host_cache_size=0 instead.
mysql-1  | 2026-09-27T05:03:45.740992Z 0 [System] [MY-010116] [Server] /usr/sbin/mysqld (mysqld 8.0.46) starting as process 1
mysql-1  | 2026-09-27T05:03:45.803236Z 1 [System] [MY-013576] [InnoDB] InnoDB initialization has started.
mysql-1  | 2026-09-27T05:03:48.922360Z 1 [System] [MY-013577] [InnoDB] InnoDB initialization has ended.
mysql-1  | 2026-09-27T05:03:51.085500Z 0 [Warning] [MY-010068] [Server] CA certificate ca.pem is self signed.
mysql-1  | 2026-09-27T05:03:51.085597Z 0 [System] [MY-013602] [Server] Channel mysql_main configured to support TLS. Encrypted connections are now supported for this channel.
mysql-1  | 2026-09-27T05:03:51.147103Z 0 [Warning] [MY-011810] [Server] Insecure configuration for --pid-file: Location '/var/run/mysqld' in the path is accessible to all OS users. Consider choosing a different directory.
mysql-1  | 2026-09-27T05:03:51.300509Z 0 [System] [MY-011323] [Server] X Plugin ready for connections. Bind-address: '::' port: 33060, socket: /var/run/mysqld/mysqlx.sock
mysql-1  | 2026-09-27T05:03:51.300845Z 0 [System] [MY-010931] [Server] /usr/sbin/mysqld: ready for connections. Version: '8.0.46'  socket: '/var/run/mysqld/mysqld.sock'  port: 3306  MySQL Community Server - GPL.
