mysql-1  | 2026-09-27 05:00:15+00:00 [Note] [Entrypoint]: Entrypoint script for MySQL Server 8.4.11-1.el9 started.
mysql-1  | 2026-09-27 05:00:20+00:00 [Note] [Entrypoint]: Switching to dedicated user 'mysql'
mysql-1  | 2026-09-27 05:00:20+00:00 [Note] [Entrypoint]: Entrypoint script for MySQL Server 8.4.11-1.el9 started.
mysql-1  | 2026-09-27 05:00:22+00:00 [Note] [Entrypoint]: Initializing database files
mysql-1  | 2026-09-27T05:00:22.551492Z 0 [System] [MY-015017] [Server] MySQL Server Initialization - start.
mysql-1  | 2026-09-27T05:00:22.554738Z 0 [System] [MY-013169] [Server] /usr/sbin/mysqld (mysqld 8.4.11) initializing of server in progress as process 84
mysql-1  | 2026-09-27T05:00:22.589758Z 1 [System] [MY-013576] [InnoDB] InnoDB initialization has started.
mysql-1  | 2026-09-27T05:00:24.754285Z 1 [System] [MY-013577] [InnoDB] InnoDB initialization has ended.
mysql-1  | 2026-09-27T05:00:35.829349Z 6 [Warning] [MY-010453] [Server] root@localhost is created with an empty password ! Please consider switching off the --initialize-insecure option.
mysql-1  | 2026-09-27T05:00:46.389047Z 0 [System] [MY-015018] [Server] MySQL Server Initialization - end.
mysql-1  | 2026-09-27 05:00:46+00:00 [Note] [Entrypoint]: Database files initialized
mysql-1  | 2026-09-27 05:00:46+00:00 [Note] [Entrypoint]: Starting temporary server
mysql-1  | 2026-09-27T05:00:46.636194Z 0 [System] [MY-015015] [Server] MySQL Server - start.
mysql-1  | 2026-09-27T05:00:47.988355Z 0 [System] [MY-010116] [Server] /usr/sbin/mysqld (mysqld 8.4.11) starting as process 160
mysql-1  | 2026-09-27T05:00:48.129432Z 1 [System] [MY-013576] [InnoDB] InnoDB initialization has started.
mysql-1  | 2026-09-27T05:00:51.370778Z 1 [System] [MY-013577] [InnoDB] InnoDB initialization has ended.
mysql-1  | 2026-09-27T05:00:52.960257Z 0 [Warning] [MY-010068] [Server] CA certificate ca.pem is self signed.
mysql-1  | 2026-09-27T05:00:52.960348Z 0 [System] [MY-013602] [Server] Channel mysql_main configured to support TLS. Encrypted connections are now supported for this channel.
mysql-1  | 2026-09-27T05:00:52.969597Z 0 [Warning] [MY-011810] [Server] Insecure configuration for --pid-file: Location '/var/run/mysqld' in the path is accessible to all OS users. Consider choosing a different directory.
mysql-1  | 2026-09-27T05:00:53.209952Z 0 [System] [MY-010931] [Server] /usr/sbin/mysqld: ready for connections. Version: '8.4.11'  socket: '/var/run/mysqld/mysqld.sock'  port: 0  MySQL Community Server - GPL.
mysql-1  | 2026-09-27T05:00:53.210648Z 0 [System] [MY-011323] [Server] X Plugin ready for connections. Socket: /var/run/mysqld/mysqlx.sock
mysql-1  | 2026-09-27 05:00:53+00:00 [Note] [Entrypoint]: Temporary server started.
mysql-1  | '/var/lib/mysql/mysql.sock' -> '/var/run/mysqld/mysqld.sock'
mysql-1  | 2026-09-27 05:01:02+00:00 [Note] [Entrypoint]: Creating database ztd_test
mysql-1  | 
mysql-1  | 2026-09-27 05:01:02+00:00 [Note] [Entrypoint]: Stopping temporary server
mysql-1  | 2026-09-27T05:01:02.747097Z 11 [System] [MY-013172] [Server] Received SHUTDOWN from user root. Shutting down mysqld (Version: 8.4.11).
mysql-1  | 2026-09-27T05:01:03.723993Z 0 [System] [MY-010910] [Server] /usr/sbin/mysqld: Shutdown complete (mysqld 8.4.11)  MySQL Community Server - GPL.
mysql-1  | 2026-09-27T05:01:03.724038Z 0 [System] [MY-015016] [Server] MySQL Server - end.
mysql-1  | 2026-09-27 05:01:03+00:00 [Note] [Entrypoint]: Temporary server stopped
mysql-1  | 
mysql-1  | 2026-09-27 05:01:03+00:00 [Note] [Entrypoint]: MySQL init process done. Ready for start up.
mysql-1  | 
mysql-1  | 2026-09-27T05:01:03.824195Z 0 [System] [MY-015015] [Server] MySQL Server - start.
mysql-1  | 2026-09-27T05:01:04.298518Z 0 [System] [MY-010116] [Server] /usr/sbin/mysqld (mysqld 8.4.11) starting as process 1
mysql-1  | 2026-09-27T05:01:04.337631Z 1 [System] [MY-013576] [InnoDB] InnoDB initialization has started.
mysql-1  | 2026-09-27T05:01:06.449596Z 1 [System] [MY-013577] [InnoDB] InnoDB initialization has ended.
mysql-1  | 2026-09-27T05:01:07.725871Z 0 [Warning] [MY-010068] [Server] CA certificate ca.pem is self signed.
mysql-1  | 2026-09-27T05:01:07.726015Z 0 [System] [MY-013602] [Server] Channel mysql_main configured to support TLS. Encrypted connections are now supported for this channel.
mysql-1  | 2026-09-27T05:01:07.760147Z 0 [Warning] [MY-011810] [Server] Insecure configuration for --pid-file: Location '/var/run/mysqld' in the path is accessible to all OS users. Consider choosing a different directory.
mysql-1  | 2026-09-27T05:01:07.926377Z 0 [System] [MY-010931] [Server] /usr/sbin/mysqld: ready for connections. Version: '8.4.11'  socket: '/var/run/mysqld/mysqld.sock'  port: 3306  MySQL Community Server - GPL.
mysql-1  | 2026-09-27T05:01:07.927284Z 0 [System] [MY-011323] [Server] X Plugin ready for connections. Bind-address: '::' port: 33060, socket: /var/run/mysqld/mysqlx.sock
