 Image mysql:8.4 Pulling 
 fceb48821d60 Pulling fs layer 0B
 b20e21573231 Pulling fs layer 0B
 276be347c5e9 Pulling fs layer 0B
 a13c4904cbaa Pulling fs layer 0B
 576b9d94acf9 Pulling fs layer 0B
 8830487c6aa8 Pulling fs layer 0B
 98b07351ed0d Pulling fs layer 0B
 082a4e8d20c4 Pulling fs layer 0B
 3da5a8d5edbf Pulling fs layer 0B
 91aebaccc46a Pulling fs layer 0B
 98b07351ed0d Downloading 1.049MB
 fceb48821d60 Download complete 0B
 98b07351ed0d Downloading 3.146MB
 98b07351ed0d Downloading 6.291MB
 b20e21573231 Downloading 1.049MB
 98b07351ed0d Downloading 8.389MB
 98b07351ed0d Downloading 10.49MB
 b20e21573231 Downloading 4.194MB
 98b07351ed0d Downloading 11.53MB
 b20e21573231 Downloading 8.389MB
 b20e21573231 Downloading 12.58MB
 98b07351ed0d Downloading 13.63MB
 b20e21573231 Downloading 14.68MB
 98b07351ed0d Downloading 17.83MB
 b20e21573231 Downloading 15.73MB
 98b07351ed0d Downloading 17.83MB
 98b07351ed0d Downloading 18.87MB
 b20e21573231 Downloading 16.78MB
 98b07351ed0d Downloading 20.97MB
 b20e21573231 Downloading 17.83MB
 b20e21573231 Downloading 18.87MB
 98b07351ed0d Downloading 22.02MB
 b20e21573231 Downloading 18.87MB
 98b07351ed0d Downloading 22.02MB
 98b07351ed0d Downloading 24.12MB
 b20e21573231 Downloading 19.92MB
 b20e21573231 Downloading 26.21MB
 98b07351ed0d Downloading 28.31MB
 b20e21573231 Downloading 34.6MB
 98b07351ed0d Downloading 35.65MB
 b20e21573231 Downloading 41.94MB
 98b07351ed0d Downloading 39.85MB
 98b07351ed0d Downloading 41.94MB
 b20e21573231 Downloading 44.04MB
 b20e21573231 Downloading 44.04MB
 98b07351ed0d Downloading 44.04MB
 98b07351ed0d Downloading 46.14MB
 b20e21573231 Downloading 46.49MB
 b20e21573231 Downloading 46.49MB
 276be347c5e9 Downloading 1.049MB
 98b07351ed0d Downloading 51.38MB
 276be347c5e9 Downloading 5.243MB
 98b07351ed0d Downloading 56.62MB
 082a4e8d20c4 Downloading 334B
 b20e21573231 Download complete 0B
 b20e21573231 Extracting 1B
 98b07351ed0d Downloading 60.82MB
 082a4e8d20c4 Download complete 0B
 276be347c5e9 Downloading 8.389MB
 b20e21573231 Extracting 1B
 98b07351ed0d Downloading 61.87MB
 276be347c5e9 Downloading 10.49MB
 b20e21573231 Extracting 1B
 276be347c5e9 Downloading 12.58MB
 98b07351ed0d Downloading 65.01MB
 3da5a8d5edbf Download complete 0B
 b20e21573231 Extracting 5B
 e9843a70e143 Download complete 0B
 276be347c5e9 Download complete 0B
 a13c4904cbaa Download complete 0B
 576b9d94acf9 Download complete 0B
 8830487c6aa8 Download complete 0B
 98b07351ed0d Download complete 0B
 91aebaccc46a Download complete 0B
 be4375cfb849 Download complete 0B
 b20e21573231 Extracting 5B
 b20e21573231 Extracting 5B
 b20e21573231 Extracting 5B
 b20e21573231 Extracting 5B
 b20e21573231 Extracting 6B
 b20e21573231 Extracting 6B
 b20e21573231 Extracting 6B
 b20e21573231 Extracting 6B
 b20e21573231 Extracting 6B
 b20e21573231 Extracting 7B
 b20e21573231 Extracting 7B
 b20e21573231 Extracting 7B
 b20e21573231 Extracting 7B
 b20e21573231 Extracting 8B
 b20e21573231 Extracting 8B
 b20e21573231 Extracting 8B
 b20e21573231 Extracting 8B
 b20e21573231 Extracting 8B
 b20e21573231 Extracting 8B
 b20e21573231 Pull complete 0B
 3da5a8d5edbf Extracting 1B
 3da5a8d5edbf Pull complete 0B
 91aebaccc46a Extracting 1B
 91aebaccc46a Pull complete 0B
 a13c4904cbaa Extracting 1B
 a13c4904cbaa Extracting 1B
 a13c4904cbaa Extracting 1B
 a13c4904cbaa Extracting 1B
 a13c4904cbaa Extracting 1B
 a13c4904cbaa Extracting 1B
 a13c4904cbaa Extracting 2B
 a13c4904cbaa Extracting 2B
 a13c4904cbaa Extracting 2B
 a13c4904cbaa Extracting 2B
 a13c4904cbaa Extracting 2B
 a13c4904cbaa Extracting 2B
 a13c4904cbaa Extracting 2B
 a13c4904cbaa Extracting 2B
 a13c4904cbaa Extracting 2B
 a13c4904cbaa Extracting 3B
 a13c4904cbaa Extracting 3B
 a13c4904cbaa Extracting 3B
 a13c4904cbaa Extracting 3B
 a13c4904cbaa Pull complete 0B
 8830487c6aa8 Pull complete 0B
 082a4e8d20c4 Pull complete 0B
 276be347c5e9 Extracting 1B
 276be347c5e9 Extracting 1B
 276be347c5e9 Extracting 1B
 276be347c5e9 Extracting 1B
 276be347c5e9 Extracting 1B
 276be347c5e9 Extracting 1B
 276be347c5e9 Extracting 1B
 276be347c5e9 Extracting 1B
 276be347c5e9 Extracting 1B
 276be347c5e9 Extracting 1B
 276be347c5e9 Extracting 1B
 276be347c5e9 Extracting 2B
 276be347c5e9 Extracting 2B
 276be347c5e9 Extracting 2B
 276be347c5e9 Extracting 2B
 276be347c5e9 Extracting 2B
 276be347c5e9 Extracting 2B
 276be347c5e9 Extracting 2B
 276be347c5e9 Extracting 2B
 276be347c5e9 Extracting 2B
 276be347c5e9 Extracting 2B
 276be347c5e9 Extracting 3B
 276be347c5e9 Extracting 3B
 276be347c5e9 Extracting 3B
 276be347c5e9 Extracting 3B
 276be347c5e9 Extracting 3B
 276be347c5e9 Extracting 4B
 276be347c5e9 Extracting 4B
 276be347c5e9 Extracting 4B
 276be347c5e9 Extracting 4B
 276be347c5e9 Extracting 4B
 276be347c5e9 Extracting 4B
 276be347c5e9 Extracting 4B
 276be347c5e9 Extracting 5B
 276be347c5e9 Extracting 5B
 276be347c5e9 Extracting 5B
 276be347c5e9 Extracting 5B
 276be347c5e9 Extracting 5B
 276be347c5e9 Extracting 5B
 276be347c5e9 Extracting 5B
 276be347c5e9 Extracting 5B
 276be347c5e9 Extracting 5B
 276be347c5e9 Extracting 5B
 276be347c5e9 Extracting 6B
 276be347c5e9 Extracting 6B
 276be347c5e9 Extracting 6B
 276be347c5e9 Extracting 6B
 276be347c5e9 Extracting 6B
 276be347c5e9 Extracting 6B
 276be347c5e9 Extracting 6B
 276be347c5e9 Extracting 6B
 276be347c5e9 Extracting 6B
 276be347c5e9 Extracting 6B
 276be347c5e9 Extracting 7B
 276be347c5e9 Extracting 7B
 276be347c5e9 Extracting 7B
 276be347c5e9 Extracting 7B
 276be347c5e9 Extracting 7B
 276be347c5e9 Extracting 7B
 276be347c5e9 Extracting 7B
 276be347c5e9 Extracting 7B
 276be347c5e9 Extracting 7B
 276be347c5e9 Extracting 7B
 276be347c5e9 Extracting 8B
 276be347c5e9 Extracting 8B
 276be347c5e9 Extracting 8B
 276be347c5e9 Extracting 8B
 276be347c5e9 Extracting 8B
 276be347c5e9 Extracting 8B
 276be347c5e9 Extracting 8B
 276be347c5e9 Extracting 8B
 276be347c5e9 Extracting 8B
 276be347c5e9 Extracting 9B
 276be347c5e9 Extracting 9B
 276be347c5e9 Extracting 9B
 276be347c5e9 Extracting 9B
 276be347c5e9 Extracting 9B
 276be347c5e9 Extracting 9B
 276be347c5e9 Extracting 9B
 276be347c5e9 Extracting 9B
 276be347c5e9 Extracting 9B
 276be347c5e9 Extracting 9B
 276be347c5e9 Extracting 10B
 276be347c5e9 Extracting 10B
 276be347c5e9 Pull complete 0B
 576b9d94acf9 Pull complete 0B
 98b07351ed0d Extracting 1B
 98b07351ed0d Extracting 1B
 98b07351ed0d Extracting 1B
 98b07351ed0d Extracting 1B
 98b07351ed0d Extracting 1B
 98b07351ed0d Extracting 1B
 98b07351ed0d Extracting 1B
 98b07351ed0d Extracting 1B
 98b07351ed0d Extracting 1B
 98b07351ed0d Extracting 1B
 98b07351ed0d Extracting 1B
 98b07351ed0d Extracting 2B
 98b07351ed0d Extracting 2B
 98b07351ed0d Extracting 2B
 98b07351ed0d Extracting 2B
 98b07351ed0d Extracting 2B
 98b07351ed0d Extracting 2B
 98b07351ed0d Extracting 2B
 98b07351ed0d Extracting 2B
 98b07351ed0d Extracting 2B
 98b07351ed0d Extracting 3B
 98b07351ed0d Extracting 3B
 98b07351ed0d Extracting 3B
 98b07351ed0d Extracting 3B
 98b07351ed0d Extracting 3B
 98b07351ed0d Extracting 3B
 98b07351ed0d Extracting 3B
 98b07351ed0d Extracting 3B
 98b07351ed0d Extracting 3B
 98b07351ed0d Extracting 3B
 98b07351ed0d Extracting 3B
 98b07351ed0d Extracting 4B
 98b07351ed0d Extracting 4B
 98b07351ed0d Extracting 4B
 98b07351ed0d Extracting 4B
 98b07351ed0d Extracting 4B
 98b07351ed0d Extracting 4B
 98b07351ed0d Extracting 4B
 98b07351ed0d Extracting 5B
 98b07351ed0d Extracting 5B
 98b07351ed0d Extracting 5B
 98b07351ed0d Extracting 5B
 98b07351ed0d Extracting 5B
 98b07351ed0d Extracting 5B
 98b07351ed0d Extracting 5B
 98b07351ed0d Extracting 5B
 98b07351ed0d Extracting 5B
 98b07351ed0d Extracting 6B
 98b07351ed0d Extracting 6B
 98b07351ed0d Extracting 6B
 98b07351ed0d Extracting 6B
 98b07351ed0d Extracting 7B
 98b07351ed0d Extracting 7B
 98b07351ed0d Extracting 7B
 98b07351ed0d Extracting 7B
 98b07351ed0d Extracting 7B
 98b07351ed0d Extracting 7B
 98b07351ed0d Extracting 7B
 98b07351ed0d Extracting 7B
 98b07351ed0d Extracting 7B
 98b07351ed0d Extracting 7B
 98b07351ed0d Extracting 7B
 98b07351ed0d Extracting 8B
 98b07351ed0d Extracting 8B
 98b07351ed0d Extracting 8B
 98b07351ed0d Extracting 8B
 98b07351ed0d Extracting 8B
 98b07351ed0d Extracting 9B
 98b07351ed0d Extracting 9B
 98b07351ed0d Extracting 9B
 98b07351ed0d Extracting 9B
 98b07351ed0d Extracting 9B
 98b07351ed0d Extracting 9B
 98b07351ed0d Extracting 9B
 98b07351ed0d Extracting 9B
 98b07351ed0d Extracting 10B
 98b07351ed0d Extracting 10B
 98b07351ed0d Extracting 10B
 98b07351ed0d Extracting 11B
 98b07351ed0d Extracting 11B
 98b07351ed0d Extracting 11B
 98b07351ed0d Extracting 12B
 98b07351ed0d Extracting 12B
 98b07351ed0d Extracting 12B
 98b07351ed0d Extracting 12B
 98b07351ed0d Extracting 12B
 98b07351ed0d Extracting 12B
 98b07351ed0d Extracting 12B
 98b07351ed0d Extracting 12B
 98b07351ed0d Extracting 12B
 98b07351ed0d Extracting 13B
 98b07351ed0d Extracting 13B
 98b07351ed0d Extracting 13B
 98b07351ed0d Extracting 13B
 98b07351ed0d Extracting 13B
 98b07351ed0d Extracting 13B
 98b07351ed0d Extracting 13B
 98b07351ed0d Extracting 13B
 98b07351ed0d Extracting 13B
 98b07351ed0d Extracting 13B
 98b07351ed0d Extracting 13B
 98b07351ed0d Extracting 14B
 98b07351ed0d Extracting 14B
 98b07351ed0d Extracting 14B
 98b07351ed0d Extracting 14B
 98b07351ed0d Extracting 14B
 98b07351ed0d Extracting 14B
 98b07351ed0d Extracting 15B
 98b07351ed0d Extracting 15B
 98b07351ed0d Extracting 15B
 98b07351ed0d Extracting 15B
 98b07351ed0d Extracting 15B
 98b07351ed0d Extracting 15B
 98b07351ed0d Extracting 15B
 98b07351ed0d Extracting 15B
 98b07351ed0d Extracting 16B
 98b07351ed0d Extracting 16B
 98b07351ed0d Extracting 16B
 98b07351ed0d Extracting 16B
 98b07351ed0d Extracting 16B
 98b07351ed0d Extracting 16B
 98b07351ed0d Extracting 16B
 98b07351ed0d Extracting 16B
 98b07351ed0d Extracting 16B
 98b07351ed0d Extracting 16B
 98b07351ed0d Extracting 17B
 98b07351ed0d Extracting 17B
 98b07351ed0d Extracting 17B
 98b07351ed0d Extracting 17B
 98b07351ed0d Extracting 17B
 98b07351ed0d Extracting 17B
 98b07351ed0d Extracting 17B
 98b07351ed0d Extracting 17B
 98b07351ed0d Extracting 17B
 98b07351ed0d Extracting 18B
 98b07351ed0d Extracting 18B
 98b07351ed0d Extracting 18B
 98b07351ed0d Extracting 18B
 98b07351ed0d Extracting 18B
 98b07351ed0d Extracting 18B
 98b07351ed0d Extracting 18B
 98b07351ed0d Extracting 18B
 98b07351ed0d Extracting 18B
 98b07351ed0d Extracting 18B
 98b07351ed0d Extracting 19B
 98b07351ed0d Extracting 19B
 98b07351ed0d Extracting 19B
 98b07351ed0d Extracting 19B
 98b07351ed0d Extracting 19B
 98b07351ed0d Extracting 19B
 98b07351ed0d Extracting 19B
 98b07351ed0d Extracting 19B
 98b07351ed0d Extracting 20B
 98b07351ed0d Extracting 20B
 98b07351ed0d Extracting 20B
 98b07351ed0d Extracting 20B
 98b07351ed0d Extracting 20B
 98b07351ed0d Extracting 20B
 98b07351ed0d Extracting 20B
 98b07351ed0d Extracting 20B
 98b07351ed0d Extracting 20B
 98b07351ed0d Extracting 20B
 98b07351ed0d Extracting 21B
 98b07351ed0d Extracting 21B
 98b07351ed0d Extracting 21B
 98b07351ed0d Extracting 21B
 98b07351ed0d Extracting 21B
 98b07351ed0d Extracting 21B
 98b07351ed0d Extracting 21B
 98b07351ed0d Extracting 21B
 98b07351ed0d Extracting 21B
 98b07351ed0d Extracting 21B
 98b07351ed0d Extracting 22B
 98b07351ed0d Extracting 22B
 98b07351ed0d Extracting 22B
 98b07351ed0d Extracting 22B
 98b07351ed0d Extracting 22B
 98b07351ed0d Extracting 22B
 98b07351ed0d Extracting 22B
 98b07351ed0d Extracting 22B
 98b07351ed0d Extracting 22B
 98b07351ed0d Extracting 23B
 98b07351ed0d Extracting 23B
 98b07351ed0d Extracting 23B
 98b07351ed0d Extracting 23B
 98b07351ed0d Extracting 23B
 98b07351ed0d Extracting 23B
 98b07351ed0d Extracting 24B
 98b07351ed0d Extracting 24B
 98b07351ed0d Extracting 24B
 98b07351ed0d Extracting 24B
 98b07351ed0d Extracting 24B
 98b07351ed0d Extracting 24B
 98b07351ed0d Extracting 25B
 98b07351ed0d Extracting 25B
 98b07351ed0d Extracting 25B
 98b07351ed0d Extracting 25B
 98b07351ed0d Extracting 25B
 98b07351ed0d Extracting 25B
 98b07351ed0d Extracting 25B
 98b07351ed0d Extracting 25B
 98b07351ed0d Extracting 37B
 98b07351ed0d Extracting 37B
 98b07351ed0d Extracting 38B
 98b07351ed0d Extracting 38B
 98b07351ed0d Extracting 38B
 98b07351ed0d Extracting 38B
 98b07351ed0d Extracting 38B
 98b07351ed0d Extracting 38B
 98b07351ed0d Extracting 38B
 98b07351ed0d Extracting 38B
 98b07351ed0d Extracting 38B
 98b07351ed0d Extracting 39B
 98b07351ed0d Extracting 39B
 98b07351ed0d Extracting 39B
 98b07351ed0d Extracting 39B
 98b07351ed0d Extracting 39B
 98b07351ed0d Extracting 39B
 98b07351ed0d Extracting 39B
 98b07351ed0d Extracting 39B
 98b07351ed0d Extracting 39B
 98b07351ed0d Extracting 39B
 98b07351ed0d Extracting 40B
 98b07351ed0d Extracting 40B
 98b07351ed0d Extracting 40B
 98b07351ed0d Extracting 40B
 98b07351ed0d Extracting 40B
 98b07351ed0d Extracting 40B
 98b07351ed0d Extracting 40B
 98b07351ed0d Extracting 40B
 98b07351ed0d Extracting 40B
 98b07351ed0d Extracting 40B
 98b07351ed0d Extracting 41B
 98b07351ed0d Extracting 41B
 98b07351ed0d Extracting 41B
 98b07351ed0d Extracting 41B
 98b07351ed0d Extracting 41B
 98b07351ed0d Extracting 41B
 98b07351ed0d Extracting 41B
 98b07351ed0d Extracting 41B
 98b07351ed0d Extracting 41B
 98b07351ed0d Extracting 41B
 98b07351ed0d Extracting 42B
 98b07351ed0d Extracting 42B
 98b07351ed0d Extracting 42B
 98b07351ed0d Extracting 42B
 98b07351ed0d Extracting 42B
 98b07351ed0d Extracting 42B
 98b07351ed0d Extracting 42B
 98b07351ed0d Extracting 42B
 98b07351ed0d Extracting 42B
 98b07351ed0d Extracting 42B
 98b07351ed0d Extracting 43B
 98b07351ed0d Extracting 43B
 98b07351ed0d Extracting 43B
 98b07351ed0d Extracting 43B
 98b07351ed0d Extracting 43B
 98b07351ed0d Extracting 43B
 98b07351ed0d Extracting 43B
 98b07351ed0d Extracting 43B
 98b07351ed0d Extracting 44B
 98b07351ed0d Extracting 44B
 98b07351ed0d Extracting 44B
 98b07351ed0d Extracting 44B
 98b07351ed0d Extracting 44B
 98b07351ed0d Extracting 44B
 98b07351ed0d Extracting 44B
 98b07351ed0d Extracting 44B
 98b07351ed0d Extracting 44B
 98b07351ed0d Extracting 45B
 98b07351ed0d Extracting 45B
 98b07351ed0d Extracting 45B
 98b07351ed0d Extracting 45B
 98b07351ed0d Extracting 45B
 98b07351ed0d Extracting 45B
 98b07351ed0d Extracting 45B
 98b07351ed0d Extracting 45B
 98b07351ed0d Extracting 45B
 98b07351ed0d Extracting 45B
 98b07351ed0d Extracting 46B
 98b07351ed0d Extracting 46B
 98b07351ed0d Extracting 46B
 98b07351ed0d Extracting 52B
 98b07351ed0d Extracting 52B
 98b07351ed0d Extracting 52B
 98b07351ed0d Extracting 52B
 98b07351ed0d Extracting 52B
 98b07351ed0d Extracting 52B
 98b07351ed0d Extracting 53B
 98b07351ed0d Extracting 53B
 98b07351ed0d Extracting 53B
 98b07351ed0d Extracting 53B
 98b07351ed0d Extracting 53B
 98b07351ed0d Extracting 53B
 98b07351ed0d Extracting 54B
 98b07351ed0d Extracting 54B
 98b07351ed0d Extracting 54B
 98b07351ed0d Extracting 54B
 98b07351ed0d Extracting 55B
 98b07351ed0d Extracting 55B
 98b07351ed0d Extracting 55B
 98b07351ed0d Extracting 58B
 98b07351ed0d Extracting 59B
 98b07351ed0d Extracting 59B
 98b07351ed0d Extracting 59B
 98b07351ed0d Extracting 59B
 98b07351ed0d Extracting 59B
 98b07351ed0d Extracting 59B
 98b07351ed0d Extracting 60B
 98b07351ed0d Extracting 60B
 98b07351ed0d Extracting 60B
 98b07351ed0d Extracting 60B
 98b07351ed0d Extracting 60B
 98b07351ed0d Extracting 60B
 98b07351ed0d Extracting 62B
 98b07351ed0d Extracting 62B
 98b07351ed0d Extracting 62B
 98b07351ed0d Extracting 62B
 98b07351ed0d Extracting 62B
 98b07351ed0d Extracting 62B
 98b07351ed0d Extracting 62B
 98b07351ed0d Extracting 62B
 98b07351ed0d Extracting 62B
 98b07351ed0d Extracting 62B
 98b07351ed0d Extracting 63B
 98b07351ed0d Extracting 63B
 98b07351ed0d Extracting 63B
 98b07351ed0d Extracting 63B
 98b07351ed0d Pull complete 0B
 fceb48821d60 Extracting 1B
 fceb48821d60 Pull complete 0B
 Image mysql:8.4 Pulled 
 Network ztd-matrix-20260927t045523925003z-1_default Creating 
 Network ztd-matrix-20260927t045523925003z-1_default Creating 
 Network ztd-matrix-20260927t045523925003z-1_default Created 
 Network ztd-matrix-20260927t045523925003z-1_default Created 
 Container ztd-matrix-20260927t045523925003z-1-mysql-1 Creating 
 Container ztd-matrix-20260927t045523925003z-1-mysql-1 Created 
 Container ztd-matrix-20260927t045523925003z-1-mysql-1 Starting 
 Container ztd-matrix-20260927t045523925003z-1-mysql-1 Started 
 Container ztd-matrix-20260927t045523925003z-1-mysql-1 Waiting 
 Container ztd-matrix-20260927t045523925003z-1-mysql-1 Healthy 
